::ffff:213.160.147.98 meritokrat.org - [05/Jan/2011:16:04:36 +0200] "GET /static/images/common/bg-lines-bg.png HTTP/1.1" 304 0 "http://meritokrat.org/profile-1891" "Mozilla/4.0 (compatible; MSIE 8.0; Windows NT 5.1; Trident/4.0; .NET CLR 1.1.4322; .NET CLR 2.0.50727; .NET CLR 3.0.4506.2152; .NET CLR 3.5.30729; InfoPath.2)"
::ffff:213.160.147.98 image.meritokrat.org - [05/Jan/2011:16:04:36 +0200] "GET /p/user/18919a259aa1.jpg HTTP/1.1" 200 14956 "http://meritokrat.org/profile-1891" "Mozilla/4.0 (compatible; MSIE 8.0; Windows NT 5.1; Trident/4.0; .NET CLR 1.1.4322; .NET CLR 2.0.50727; .NET CLR 3.0.4506.2152; .NET CLR 3.5.30729; InfoPath.2)"
::ffff:213.160.147.98 meritokrat.org - [05/Jan/2011:16:04:41 +0200] "GET /search?first_name=&last_name=&country=1&region=12&city=219&function=&visit_ts=&active=&start_begin=&start_end=&activation_begin=&activation_end=&submit=+%D0%97%D0%BD%D0%B0%D0%B9%D1%82%D0%B8+%C2%BB+ HTTP/1.1" 200 72237 "http://meritokrat.org/search?first_name=&last_name=&country=1&region=12&city=218&function=&visit_ts=&active=&start_begin=&start_end=&activation_begin=&activation_end=&submit=+%D0%97%D0%BD%D0%B0%D0%B9%D1%82%D0%B8+%C2%BB+" "Mozilla/4.0 (compatible; MSIE 8.0; Windows NT 5.1; Trident/4.0; .NET CLR 1.1.4322; .NET CLR 2.0.50727; .NET CLR 3.0.4506.2152; .NET CLR 3.5.30729; InfoPath.2)"
::ffff:95.133.174.155 meritokrat.org - [05/Jan/2011:16:04:42 +0200] "POST /messages/compose HTTP/1.1" 200 12 "http://meritokrat.org/messages/compose?group=107" "Mozilla/5.0 (Windows; U; Windows NT 5.1; ru; rv:1.9.2.13) Gecko/20101203 Firefox/3.6.13 ( .NET CLR 3.5.30729)"
::ffff:95.133.174.155 meritokrat.org - [05/Jan/2011:16:04:43 +0200] "GET /messages HTTP/1.1" 200 28873 "http://meritokrat.org/messages/compose?group=107" "Mozilla/5.0 (Windows; U; Windows NT 5.1; ru; rv:1.9.2.13) Gecko/20101203 Firefox/3.6.13 ( .NET CLR 3.5.30729)"
::ffff:213.160.147.98 meritokrat.org - [05/Jan/2011:16:04:44 +0200] "GET /profile-1008 HTTP/1.1" 200 30759 "http://meritokrat.org/search?first_name=&last_name=&country=1&region=12&city=219&function=&visit_ts=&active=&start_begin=&start_end=&activation_begin=&activation_end=&submit=+%D0%97%D0%BD%D0%B0%D0%B9%D1%82%D0%B8+%C2%BB+" "Mozilla/4.0 (compatible; MSIE 8.0; Windows NT 5.1; Trident/4.0; .NET CLR 1.1.4322; .NET CLR 2.0.50727; .NET CLR 3.0.4506.2152; .NET CLR 3.5.30729; InfoPath.2)"
::ffff:213.160.147.98 meritokrat.org - [05/Jan/2011:16:04:52 +0200] "GET /search?first_name=&last_name=&country=1&region=12&city=219&function=&visit_ts=&active=&start_begin=&start_end=&activation_begin=&activation_end=&submit=+%D0%97%D0%BD%D0%B0%D0%B9%D1%82%D0%B8+%C2%BB+ HTTP/1.1" 200 72249 "http://meritokrat.org/search?first_name=&last_name=&country=1&region=12&city=218&function=&visit_ts=&active=&start_begin=&start_end=&activation_begin=&activation_end=&submit=+%D0%97%D0%BD%D0%B0%D0%B9%D1%82%D0%B8+%C2%BB+" "Mozilla/4.0 (compatible; MSIE 8.0; Windows NT 5.1; Trident/4.0; .NET CLR 1.1.4322; .NET CLR 2.0.50727; .NET CLR 3.0.4506.2152; .NET CLR 3.5.30729; InfoPath.2)"
::ffff:95.133.174.155 meritokrat.org - [05/Jan/2011:16:04:52 +0200] "GET /messages?page=6 HTTP/1.1" 200 28165 "http://meritokrat.org/messages" "Mozilla/5.0 (Windows; U; Windows NT 5.1; ru; rv:1.9.2.13) Gecko/20101203 Firefox/3.6.13 ( .NET CLR 3.5.30729)"
::ffff:95.133.174.155 image.meritokrat.org - [05/Jan/2011:16:04:53 +0200] "GET /s/user/2741c676838b.jpg HTTP/1.1" 200 9520 "http://meritokrat.org/messages?page=6" "Mozilla/5.0 (Windows; U; Windows NT 5.1; ru; rv:1.9.2.13) Gecko/20101203 Firefox/3.6.13 ( .NET CLR 3.5.30729)"
::ffff:77.123.71.78 meritokrat.org - [05/Jan/2011:16:04:55 +0200] "HEAD /profile/edit HTTP/1.1" 200 0 "-" "Mozilla/5.0 (Windows; U; Windows NT 5.1; uk; rv:1.9.2.13) Gecko/20101203 Firefox/3.6.13 (.NET CLR 3.5.30729)"
::ffff:195.58.232.234 www.meritokrat.org - [05/Jan/2011:16:04:58 +0200] "GET / HTTP/1.0" 301 0 "http://win.mail.ru/cgi-bin/msglist?folder=0&934892013" "Mozilla/5.0 (Windows; U; Windows NT 5.1; ru; rv:1.9.2.13) Gecko/20101203 Firefox/3.6.13 sputnik 2.3.0.102"
::ffff:195.58.232.234 meritokrat.org - [05/Jan/2011:16:04:58 +0200] "GET / HTTP/1.0" 200 4901 "http://win.mail.ru/cgi-bin/msglist?folder=0&934892013" "Mozilla/5.0 (Windows; U; Windows NT 5.1; ru; rv:1.9.2.13) Gecko/20101203 Firefox/3.6.13 sputnik 2.3.0.102"
::ffff:195.58.232.234 meritokrat.org - [05/Jan/2011:16:04:58 +0200] "GET /favico.ico HTTP/1.0" 404 345 "-" "Mozilla/5.0 (Windows; U; Windows NT 5.1; ru; rv:1.9.2.13) Gecko/20101203 Firefox/3.6.13 sputnik 2.3.0.102"
::ffff:195.58.232.234 s1.meritokrat.org - [05/Jan/2011:16:04:58 +0200] "GET /common/loading.gif HTTP/1.0" 200 2164 "http://meritokrat.org/" "Mozilla/5.0 (Windows; U; Windows NT 5.1; ru; rv:1.9.2.13) Gecko/20101203 Firefox/3.6.13 sputnik 2.3.0.102"
::ffff:195.58.232.234 s1.meritokrat.org - [05/Jan/2011:16:04:58 +0200] "GET /module_sign.js?1 HTTP/1.0" 200 1689 "http://meritokrat.org/" "Mozilla/5.0 (Windows; U; Windows NT 5.1; ru; rv:1.9.2.13) Gecko/20101203 Firefox/3.6.13 sputnik 2.3.0.102"
::ffff:195.58.232.234 s1.meritokrat.org - [05/Jan/2011:16:04:58 +0200] "GET /system.css?1 HTTP/1.0" 200 4521 "http://meritokrat.org/" "Mozilla/5.0 (Windows; U; Windows NT 5.1; ru; rv:1.9.2.13) Gecko/20101203 Firefox/3.6.13 sputnik 2.3.0.102"
::ffff:195.58.232.234 s1.meritokrat.org - [05/Jan/2011:16:04:58 +0200] "GET /common/button.gif HTTP/1.0" 200 182 "http://s1.meritokrat.org/system.css?1" "Mozilla/5.0 (Windows; U; Windows NT 5.1; ru; rv:1.9.2.13) Gecko/20101203 Firefox/3.6.13 sputnik 2.3.0.102"
::ffff:195.58.232.234 meritokrat.org - [05/Jan/2011:16:04:59 +0200] "GET /static/images/common/bg_enter.jpg HTTP/1.0" 200 571 "http://meritokrat.org/" "Mozilla/5.0 (Windows; U; Windows NT 5.1; ru; rv:1.9.2.13) Gecko/20101203 Firefox/3.6.13 sputnik 2.3.0.102"
::ffff:77.123.71.78 meritokrat.org - [05/Jan/2011:16:04:59 +0200] "GET /profile/edit HTTP/1.1" 200 80076 "-" "Mozilla/5.0 (Windows; U; Windows NT 5.1; uk; rv:1.9.2.13) Gecko/20101203 Firefox/3.6.13 (.NET CLR 3.5.30729)"
::ffff:195.58.232.234 s1.meritokrat.org - [05/Jan/2011:16:04:59 +0200] "GET /system.js?1 HTTP/1.0" 200 26482 "http://meritokrat.org/" "Mozilla/5.0 (Windows; U; Windows NT 5.1; ru; rv:1.9.2.13) Gecko/20101203 Firefox/3.6.13 sputnik 2.3.0.102"
::ffff:77.123.71.78 s1.meritokrat.org - [05/Jan/2011:16:04:59 +0200] "GET /icons/ua.png HTTP/1.1" 304 0 "http://meritokrat.org/profile/edit" "Mozilla/5.0 (Windows; U; Windows NT 5.1; uk; rv:1.9.2.13) Gecko/20101203 Firefox/3.6.13 (.NET CLR 3.5.30729)"
::ffff:77.123.71.78 s1.meritokrat.org - [05/Jan/2011:16:04:59 +0200] "GET /common/loading.gif HTTP/1.1" 304 0 "http://meritokrat.org/profile/edit" "Mozilla/5.0 (Windows; U; Windows NT 5.1; uk; rv:1.9.2.13) Gecko/20101203 Firefox/3.6.13 (.NET CLR 3.5.30729)"
::ffff:77.123.71.78 s1.meritokrat.org - [05/Jan/2011:16:04:59 +0200] "GET //logos/1.png HTTP/1.1" 304 0 "http://meritokrat.org/profile/edit" "Mozilla/5.0 (Windows; U; Windows NT 5.1; uk; rv:1.9.2.13) Gecko/20101203 Firefox/3.6.13 (.NET CLR 3.5.30729)"
::ffff:77.123.71.78 s1.meritokrat.org - [05/Jan/2011:16:04:59 +0200] "GET /icons/ru-2.png HTTP/1.1" 304 0 "http://meritokrat.org/profile/edit" "Mozilla/5.0 (Windows; U; Windows NT 5.1; uk; rv:1.9.2.13) Gecko/20101203 Firefox/3.6.13 (.NET CLR 3.5.30729)"
::ffff:77.123.71.78 s1.meritokrat.org - [05/Jan/2011:16:04:59 +0200] "GET //logos/2.png HTTP/1.1" 304 0 "http://meritokrat.org/profile/edit" "Mozilla/5.0 (Windows; U; Windows NT 5.1; uk; rv:1.9.2.13) Gecko/20101203 Firefox/3.6.13 (.NET CLR 3.5.30729)"
::ffff:77.123.71.78 meritokrat.org - [05/Jan/2011:16:04:59 +0200] "GET /static/javascript/jquery/css/jquery.ui.all.css HTTP/1.1" 304 0 "http://meritokrat.org/profile/edit" "Mozilla/5.0 (Windows; U; Windows NT 5.1; uk; rv:1.9.2.13) Gecko/20101203 Firefox/3.6.13 (.NET CLR 3.5.30729)"
::ffff:77.123.71.78 s1.meritokrat.org - [05/Jan/2011:16:04:59 +0200] "GET /system.css?1 HTTP/1.1" 304 0 "http://meritokrat.org/profile/edit" "Mozilla/5.0 (Windows; U; Windows NT 5.1; uk; rv:1.9.2.13) Gecko/20101203 Firefox/3.6.13 (.NET CLR 3.5.30729)"
::ffff:77.123.71.78 meritokrat.org - [05/Jan/2011:16:04:59 +0200] "GET /static/images/common/user_online.png HTTP/1.1" 304 0 "http://meritokrat.org/profile/edit" "Mozilla/5.0 (Windows; U; Windows NT 5.1; uk; rv:1.9.2.13) Gecko/20101203 Firefox/3.6.13 (.NET CLR 3.5.30729)"
::ffff:77.123.71.78 meritokrat.org - [05/Jan/2011:16:04:59 +0200] "GET /static/images/logos/logo.png HTTP/1.1" 304 0 "http://meritokrat.org/profile/edit" "Mozilla/5.0 (Windows; U; Windows NT 5.1; uk; rv:1.9.2.13) Gecko/20101203 Firefox/3.6.13 (.NET CLR 3.5.30729)"
::ffff:77.123.71.78 meritokrat.org - [05/Jan/2011:16:04:59 +0200] "GET /static/images/logos/logo2.png HTTP/1.1" 304 0 "http://meritokrat.org/profile/edit" "Mozilla/5.0 (Windows; U; Windows NT 5.1; uk; rv:1.9.2.13) Gecko/20101203 Firefox/3.6.13 (.NET CLR 3.5.30729)"
::ffff:77.123.71.78 meritokrat.org - [05/Jan/2011:16:05:00 +0200] "GET /static/images/icons/snow1.png HTTP/1.1" 304 0 "http://meritokrat.org/profile/edit" "Mozilla/5.0 (Windows; U; Windows NT 5.1; uk; rv:1.9.2.13) Gecko/20101203 Firefox/3.6.13 (.NET CLR 3.5.30729)"
::ffff:77.123.71.78 meritokrat.org - [05/Jan/2011:16:05:00 +0200] "GET /static/images/icons/snow2.png HTTP/1.1" 304 0 "http://meritokrat.org/profile/edit" "Mozilla/5.0 (Windows; U; Windows NT 5.1; uk; rv:1.9.2.13) Gecko/20101203 Firefox/3.6.13 (.NET CLR 3.5.30729)"
::ffff:77.123.71.78 s1.meritokrat.org - [05/Jan/2011:16:05:00 +0200] "GET //logos/3.png HTTP/1.1" 304 0 "http://meritokrat.org/profile/edit" "Mozilla/5.0 (Windows; U; Windows NT 5.1; uk; rv:1.9.2.13) Gecko/20101203 Firefox/3.6.13 (.NET CLR 3.5.30729)"
::ffff:77.123.71.78 s1.meritokrat.org - [05/Jan/2011:16:05:00 +0200] "GET //logos/4.png HTTP/1.1" 304 0 "http://meritokrat.org/profile/edit" "Mozilla/5.0 (Windows; U; Windows NT 5.1; uk; rv:1.9.2.13) Gecko/20101203 Firefox/3.6.13 (.NET CLR 3.5.30729)"
::ffff:77.123.71.78 s1.meritokrat.org - [05/Jan/2011:16:05:00 +0200] "GET //logos/5.png HTTP/1.1" 304 0 "http://meritokrat.org/profile/edit" "Mozilla/5.0 (Windows; U; Windows NT 5.1; uk; rv:1.9.2.13) Gecko/20101203 Firefox/3.6.13 (.NET CLR 3.5.30729)"
::ffff:77.123.71.78 meritokrat.org - [05/Jan/2011:16:05:00 +0200] "GET /static/images/common/vacancies.gif HTTP/1.1" 304 0 "http://meritokrat.org/profile/edit" "Mozilla/5.0 (Windows; U; Windows NT 5.1; uk; rv:1.9.2.13) Gecko/20101203 Firefox/3.6.13 (.NET CLR 3.5.30729)"
::ffff:77.123.71.78 s1.meritokrat.org - [05/Jan/2011:16:05:00 +0200] "GET //logos/6.png HTTP/1.1" 304 0 "http://meritokrat.org/profile/edit" "Mozilla/5.0 (Windows; U; Windows NT 5.1; uk; rv:1.9.2.13) Gecko/20101203 Firefox/3.6.13 (.NET CLR 3.5.30729)"
::ffff:77.123.71.78 s1.meritokrat.org - [05/Jan/2011:16:05:00 +0200] "GET //logos/7.png HTTP/1.1" 304 0 "http://meritokrat.org/profile/edit" "Mozilla/5.0 (Windows; U; Windows NT 5.1; uk; rv:1.9.2.13) Gecko/20101203 Firefox/3.6.13 (.NET CLR 3.5.30729)"
::ffff:77.123.71.78 s1.meritokrat.org - [05/Jan/2011:16:05:00 +0200] "GET //logos/9.png HTTP/1.1" 304 0 "http://meritokrat.org/profile/edit" "Mozilla/5.0 (Windows; U; Windows NT 5.1; uk; rv:1.9.2.13) Gecko/20101203 Firefox/3.6.13 (.NET CLR 3.5.30729)"
::ffff:77.123.71.78 meritokrat.org - [05/Jan/2011:16:05:00 +0200] "GET /static/javascript/jquery/css/jquery.ui.base.css HTTP/1.1" 304 0 "http://meritokrat.org/static/javascript/jquery/css/jquery.ui.all.css" "Mozilla/5.0 (Windows; U; Windows NT 5.1; uk; rv:1.9.2.13) Gecko/20101203 Firefox/3.6.13 (.NET CLR 3.5.30729)"
::ffff:77.123.71.78 meritokrat.org - [05/Jan/2011:16:05:00 +0200] "GET /static/javascript/jquery/css/jquery.ui.theme.css HTTP/1.1" 304 0 "http://meritokrat.org/static/javascript/jquery/css/jquery.ui.all.css" "Mozilla/5.0 (Windows; U; Windows NT 5.1; uk; rv:1.9.2.13) Gecko/20101203 Firefox/3.6.13 (.NET CLR 3.5.30729)"
::ffff:77.123.71.78 meritokrat.org - [05/Jan/2011:16:05:00 +0200] "GET /static/images/common/broshures.gif HTTP/1.1" 304 0 "http://meritokrat.org/profile/edit" "Mozilla/5.0 (Windows; U; Windows NT 5.1; uk; rv:1.9.2.13) Gecko/20101203 Firefox/3.6.13 (.NET CLR 3.5.30729)"
::ffff:77.123.71.78 meritokrat.org - [05/Jan/2011:16:05:00 +0200] "GET /static/images/common/desktop_small.gif HTTP/1.1" 304 0 "http://meritokrat.org/profile/edit" "Mozilla/5.0 (Windows; U; Windows NT 5.1; uk; rv:1.9.2.13) Gecko/20101203 Firefox/3.6.13 (.NET CLR 3.5.30729)"
::ffff:77.123.71.78 meritokrat.org - [05/Jan/2011:16:05:00 +0200] "GET /static/images/common/meritokratia.png HTTP/1.1" 304 0 "http://meritokrat.org/profile/edit" "Mozilla/5.0 (Windows; U; Windows NT 5.1; uk; rv:1.9.2.13) Gecko/20101203 Firefox/3.6.13 (.NET CLR 3.5.30729)"
::ffff:77.123.71.78 image.meritokrat.org - [05/Jan/2011:16:05:00 +0200] "GET /b/banners/ad0b3b1d31.jpg HTTP/1.1" 200 9389 "http://meritokrat.org/profile/edit" "Mozilla/5.0 (Windows; U; Windows NT 5.1; uk; rv:1.9.2.13) Gecko/20101203 Firefox/3.6.13 (.NET CLR 3.5.30729)"
::ffff:77.123.71.78 image.meritokrat.org - [05/Jan/2011:16:05:00 +0200] "GET /b/banners/a42aad3406.jpg HTTP/1.1" 200 2777 "http://meritokrat.org/profile/edit" "Mozilla/5.0 (Windows; U; Windows NT 5.1; uk; rv:1.9.2.13) Gecko/20101203 Firefox/3.6.13 (.NET CLR 3.5.30729)"
::ffff:77.123.71.78 image.meritokrat.org - [05/Jan/2011:16:05:00 +0200] "GET /sm/user/0.jpg HTTP/1.1" 200 641 "http://meritokrat.org/profile/edit" "Mozilla/5.0 (Windows; U; Windows NT 5.1; uk; rv:1.9.2.13) Gecko/20101203 Firefox/3.6.13 (.NET CLR 3.5.30729)"
::ffff:77.123.71.78 image.meritokrat.org - [05/Jan/2011:16:05:00 +0200] "GET /r/user/225065aaa468.jpg HTTP/1.1" 200 16517 "http://meritokrat.org/profile/edit" "Mozilla/5.0 (Windows; U; Windows NT 5.1; uk; rv:1.9.2.13) Gecko/20101203 Firefox/3.6.13 (.NET CLR 3.5.30729)"
::ffff:95.133.174.155 meritokrat.org - [05/Jan/2011:16:05:00 +0200] "GET /messages?page=7 HTTP/1.1" 200 30379 "http://meritokrat.org/messages?page=6" "Mozilla/5.0 (Windows; U; Windows NT 5.1; ru; rv:1.9.2.13) Gecko/20101203 Firefox/3.6.13 ( .NET CLR 3.5.30729)"
::ffff:77.123.71.78 meritokrat.org - [05/Jan/2011:16:05:00 +0200] "GET /static/images/common/banner_ogoloshennya.gif HTTP/1.1" 304 0 "http://meritokrat.org/profile/edit" "Mozilla/5.0 (Windows; U; Windows NT 5.1; uk; rv:1.9.2.13) Gecko/20101203 Firefox/3.6.13 (.NET CLR 3.5.30729)"
::ffff:77.123.71.78 s1.meritokrat.org - [05/Jan/2011:16:05:00 +0200] "GET //logos/10.png HTTP/1.1" 304 0 "http://meritokrat.org/profile/edit" "Mozilla/5.0 (Windows; U; Windows NT 5.1; uk; rv:1.9.2.13) Gecko/20101203 Firefox/3.6.13 (.NET CLR 3.5.30729)"
::ffff:77.123.71.78 image.meritokrat.org - [05/Jan/2011:16:05:00 +0200] "GET /p/user/225065aaa468.jpg HTTP/1.1" 200 38960 "http://meritokrat.org/profile/edit" "Mozilla/5.0 (Windows; U; Windows NT 5.1; uk; rv:1.9.2.13) Gecko/20101203 Firefox/3.6.13 (.NET CLR 3.5.30729)"
::ffff:77.123.71.78 meritokrat.org - [05/Jan/2011:16:05:00 +0200] "GET /static/images/common/avto.jpg HTTP/1.1" 304 0 "http://meritokrat.org/profile/edit" "Mozilla/5.0 (Windows; U; Windows NT 5.1; uk; rv:1.9.2.13) Gecko/20101203 Firefox/3.6.13 (.NET CLR 3.5.30729)"
::ffff:77.123.71.78 image.meritokrat.org - [05/Jan/2011:16:05:00 +0200] "GET /b/banners/a378b1cf35.jpg HTTP/1.1" 200 28805 "http://meritokrat.org/profile/edit" "Mozilla/5.0 (Windows; U; Windows NT 5.1; uk; rv:1.9.2.13) Gecko/20101203 Firefox/3.6.13 (.NET CLR 3.5.30729)"
::ffff:77.123.71.78 meritokrat.org - [05/Jan/2011:16:05:00 +0200] "GET /static/javascript/jquery/css/jquery.ui.autocomplete.css HTTP/1.1" 304 0 "http://meritokrat.org/static/javascript/jquery/css/jquery.ui.base.css" "Mozilla/5.0 (Windows; U; Windows NT 5.1; uk; rv:1.9.2.13) Gecko/20101203 Firefox/3.6.13 (.NET CLR 3.5.30729)"
::ffff:77.123.71.78 meritokrat.org - [05/Jan/2011:16:05:00 +0200] "GET /static/javascript/jquery/css/jquery.ui.datepicker.css HTTP/1.1" 304 0 "http://meritokrat.org/static/javascript/jquery/css/jquery.ui.base.css" "Mozilla/5.0 (Windows; U; Windows NT 5.1; uk; rv:1.9.2.13) Gecko/20101203 Firefox/3.6.13 (.NET CLR 3.5.30729)"
::ffff:77.123.71.78 meritokrat.org - [05/Jan/2011:16:05:00 +0200] "GET /static/javascript/jquery/css/jquery.ui.dialog.css HTTP/1.1" 304 0 "http://meritokrat.org/static/javascript/jquery/css/jquery.ui.base.css" "Mozilla/5.0 (Windows; U; Windows NT 5.1; uk; rv:1.9.2.13) Gecko/20101203 Firefox/3.6.13 (.NET CLR 3.5.30729)"
::ffff:77.123.71.78 meritokrat.org - [05/Jan/2011:16:05:00 +0200] "GET /static/javascript/jquery/css/jquery.ui.progressbar.css HTTP/1.1" 304 0 "http://meritokrat.org/static/javascript/jquery/css/jquery.ui.base.css" "Mozilla/5.0 (Windows; U; Windows NT 5.1; uk; rv:1.9.2.13) Gecko/20101203 Firefox/3.6.13 (.NET CLR 3.5.30729)"
::ffff:77.123.71.78 meritokrat.org - [05/Jan/2011:16:05:00 +0200] "GET /static/javascript/jquery/css/jquery.ui.selectable.css HTTP/1.1" 304 0 "http://meritokrat.org/static/javascript/jquery/css/jquery.ui.base.css" "Mozilla/5.0 (Windows; U; Windows NT 5.1; uk; rv:1.9.2.13) Gecko/20101203 Firefox/3.6.13 (.NET CLR 3.5.30729)"
::ffff:77.123.71.78 meritokrat.org - [05/Jan/2011:16:05:00 +0200] "GET /static/javascript/jquery/css/jquery.ui.resizable.css HTTP/1.1" 304 0 "http://meritokrat.org/static/javascript/jquery/css/jquery.ui.base.css" "Mozilla/5.0 (Windows; U; Windows NT 5.1; uk; rv:1.9.2.13) Gecko/20101203 Firefox/3.6.13 (.NET CLR 3.5.30729)"
::ffff:77.123.71.78 meritokrat.org - [05/Jan/2011:16:05:00 +0200] "GET /static/javascript/jquery/css/jquery.ui.button.css HTTP/1.1" 304 0 "http://meritokrat.org/static/javascript/jquery/css/jquery.ui.base.css" "Mozilla/5.0 (Windows; U; Windows NT 5.1; uk; rv:1.9.2.13) Gecko/20101203 Firefox/3.6.13 (.NET CLR 3.5.30729)"
::ffff:178.63.86.213 meritokrat.org - [05/Jan/2011:16:05:00 +0200] "GET / HTTP/1.1" 200 4880 "http://host-tracker.com/site-uptime-statistics/6334199/" "Mozilla/4.0 (compatible; HostTracker.com/1.0;+http://host-tracker.com/)"
::ffff:77.123.71.78 meritokrat.org - [05/Jan/2011:16:05:00 +0200] "GET /static/javascript/jquery/css/jquery.ui.slider.css HTTP/1.1" 304 0 "http://meritokrat.org/static/javascript/jquery/css/jquery.ui.base.css" "Mozilla/5.0 (Windows; U; Windows NT 5.1; uk; rv:1.9.2.13) Gecko/20101203 Firefox/3.6.13 (.NET CLR 3.5.30729)"
::ffff:77.123.71.78 meritokrat.org - [05/Jan/2011:16:05:00 +0200] "GET /static/javascript/jquery/css/jquery.ui.tabs.css HTTP/1.1" 304 0 "http://meritokrat.org/static/javascript/jquery/css/jquery.ui.base.css" "Mozilla/5.0 (Windows; U; Windows NT 5.1; uk; rv:1.9.2.13) Gecko/20101203 Firefox/3.6.13 (.NET CLR 3.5.30729)"
::ffff:77.123.71.78 meritokrat.org - [05/Jan/2011:16:05:00 +0200] "GET /static/javascript/jquery/css/jquery.ui.core.css HTTP/1.1" 304 0 "http://meritokrat.org/static/javascript/jquery/css/jquery.ui.base.css" "Mozilla/5.0 (Windows; U; Windows NT 5.1; uk; rv:1.9.2.13) Gecko/20101203 Firefox/3.6.13 (.NET CLR 3.5.30729)"
::ffff:77.123.71.78 meritokrat.org - [05/Jan/2011:16:05:00 +0200] "GET /static/javascript/jquery/css/jquery.ui.accordion.css HTTP/1.1" 304 0 "http://meritokrat.org/static/javascript/jquery/css/jquery.ui.base.css" "Mozilla/5.0 (Windows; U; Windows NT 5.1; uk; rv:1.9.2.13) Gecko/20101203 Firefox/3.6.13 (.NET CLR 3.5.30729)"
::ffff:77.123.71.78 meritokrat.org - [05/Jan/2011:16:05:00 +0200] "GET /static/images/common/bg-header.jpg HTTP/1.1" 304 0 "http://meritokrat.org/profile/edit" "Mozilla/5.0 (Windows; U; Windows NT 5.1; uk; rv:1.9.2.13) Gecko/20101203 Firefox/3.6.13 (.NET CLR 3.5.30729)"
::ffff:77.123.71.78 s1.meritokrat.org - [05/Jan/2011:16:05:00 +0200] "GET /common/box_head.gif HTTP/1.1" 304 0 "http://s1.meritokrat.org/system.css?1" "Mozilla/5.0 (Windows; U; Windows NT 5.1; uk; rv:1.9.2.13) Gecko/20101203 Firefox/3.6.13 (.NET CLR 3.5.30729)"
::ffff:77.123.71.78 s1.meritokrat.org - [05/Jan/2011:16:05:00 +0200] "GET /icons/down_icon_gray.png HTTP/1.1" 304 0 "http://s1.meritokrat.org/system.css?1" "Mozilla/5.0 (Windows; U; Windows NT 5.1; uk; rv:1.9.2.13) Gecko/20101203 Firefox/3.6.13 (.NET CLR 3.5.30729)"
::ffff:77.123.71.78 meritokrat.org - [05/Jan/2011:16:05:00 +0200] "GET /static/images/common/footer.png HTTP/1.1" 304 0 "http://meritokrat.org/profile/edit" "Mozilla/5.0 (Windows; U; Windows NT 5.1; uk; rv:1.9.2.13) Gecko/20101203 Firefox/3.6.13 (.NET CLR 3.5.30729)"
::ffff:77.123.71.78 meritokrat.org - [05/Jan/2011:16:05:00 +0200] "GET /static/images/common/bg-footer.png HTTP/1.1" 304 0 "http://meritokrat.org/profile/edit" "Mozilla/5.0 (Windows; U; Windows NT 5.1; uk; rv:1.9.2.13) Gecko/20101203 Firefox/3.6.13 (.NET CLR 3.5.30729)"
::ffff:77.123.71.78 s1.meritokrat.org - [05/Jan/2011:16:05:00 +0200] "GET /common/button_gray.gif HTTP/1.1" 304 0 "http://s1.meritokrat.org/system.css?1" "Mozilla/5.0 (Windows; U; Windows NT 5.1; uk; rv:1.9.2.13) Gecko/20101203 Firefox/3.6.13 (.NET CLR 3.5.30729)"
::ffff:77.123.71.78 s1.meritokrat.org - [05/Jan/2011:16:05:00 +0200] "GET /common/button.gif HTTP/1.1" 304 0 "http://s1.meritokrat.org/system.css?1" "Mozilla/5.0 (Windows; U; Windows NT 5.1; uk; rv:1.9.2.13) Gecko/20101203 Firefox/3.6.13 (.NET CLR 3.5.30729)"
::ffff:46.4.22.195 meritokrat.org - [05/Jan/2011:16:05:01 +0200] "GET /admin/cron?mailists=1 HTTP/1.0" 200 0 "-" "Wget/1.11.4"
::ffff:46.4.22.195 meritokrat.org - [05/Jan/2011:16:05:01 +0200] "GET /admin/cron HTTP/1.0" 200 0 "-" "Wget/1.11.4"
::ffff:194.187.108.86 meritokrat.org - [05/Jan/2011:16:05:01 +0200] "GET /search?contacts=1&first_name=&last_name=&contact_who=3&contact_type=2&period_begin=29-12-2010&period_end=05-01-2011&submit=+%D0%9D%D0%B0%D0%B9%D1%82%D0%B8+%C2%BB+ HTTP/1.1" 200 89577 "http://meritokrat.org/search?contacts=1&first_name=&last_name=&contact_who=3&contact_type=2&period_begin=29-12-2010&period_end=05-01-2011&submit=+%D0%9D%D0%B0%D0%B9%D1%82%D0%B8+%C2%BB+" "Mozilla/5.0 (Windows; U; Windows NT 5.1; ru; rv:1.9.2.3) Gecko/20100401 Firefox/3.6.3 GTB7.1 ( .NET CLR 3.5.30729)"
::ffff:109.87.156.219 meritokrat.org - [05/Jan/2011:16:05:01 +0200] "GET /profile-4659 HTTP/1.1" 200 25227 "-" "Opera/9.80 (Windows NT 6.1; U; ru) Presto/2.7.62 Version/11.00"
::ffff:194.187.108.86 image.meritokrat.org - [05/Jan/2011:16:05:01 +0200] "GET /s/user/461572cc4bec.jpg HTTP/1.1" 200 1466 "http://meritokrat.org/search?contacts=1&first_name=&last_name=&contact_who=3&contact_type=2&period_begin=29-12-2010&period_end=05-01-2011&submit=+%D0%9D%D0%B0%D0%B9%D1%82%D0%B8+%C2%BB+" "Mozilla/5.0 (Windows; U; Windows NT 5.1; ru; rv:1.9.2.3) Gecko/20100401 Firefox/3.6.3 GTB7.1 ( .NET CLR 3.5.30729)"
::ffff:195.58.232.234 meritokrat.org - [05/Jan/2011:16:05:01 +0200] "GET /static/images/logos/enter_logo.png HTTP/1.0" 200 46678 "http://meritokrat.org/" "Mozilla/5.0 (Windows; U; Windows NT 5.1; ru; rv:1.9.2.13) Gecko/20101203 Firefox/3.6.13 sputnik 2.3.0.102"
::ffff:95.133.174.155 meritokrat.org - [05/Jan/2011:16:05:03 +0200] "GET /messages?page=8 HTTP/1.1" 200 29684 "http://meritokrat.org/messages?page=7" "Mozilla/5.0 (Windows; U; Windows NT 5.1; ru; rv:1.9.2.13) Gecko/20101203 Firefox/3.6.13 ( .NET CLR 3.5.30729)"
::ffff:95.133.174.155 image.meritokrat.org - [05/Jan/2011:16:05:04 +0200] "GET /s/user/1075fa5dfb7e.jpg HTTP/1.1" 200 1218 "http://meritokrat.org/messages?page=8" "Mozilla/5.0 (Windows; U; Windows NT 5.1; ru; rv:1.9.2.13) Gecko/20101203 Firefox/3.6.13 ( .NET CLR 3.5.30729)"
::ffff:95.133.174.155 image.meritokrat.org - [05/Jan/2011:16:05:04 +0200] "GET /s/user/2952882b674d.jpg HTTP/1.1" 200 24803 "http://meritokrat.org/messages?page=8" "Mozilla/5.0 (Windows; U; Windows NT 5.1; ru; rv:1.9.2.13) Gecko/20101203 Firefox/3.6.13 ( .NET CLR 3.5.30729)"
::ffff:95.133.174.155 image.meritokrat.org - [05/Jan/2011:16:05:04 +0200] "GET /s/user/181164666dfd.jpg HTTP/1.1" 200 14688 "http://meritokrat.org/messages?page=8" "Mozilla/5.0 (Windows; U; Windows NT 5.1; ru; rv:1.9.2.13) Gecko/20101203 Firefox/3.6.13 ( .NET CLR 3.5.30729)"
::ffff:194.187.108.86 meritokrat.org - [05/Jan/2011:16:05:05 +0200] "GET /search?first_name=&last_name=&email=&country=1&region=&city=&function=&visit_ts=&active=&start_begin=&start_end=&activation_begin=29-12-2010&activation_end=05-01-2011&contacted=3&contact_status=0&submit=+%D0%9D%D0%B0%D0%B9%D1%82%D0%B8+%C2%BB+ HTTP/1.1" 200 81101 "http://meritokrat.org/search?first_name=&last_name=&email=&country=1&region=&city=&function=&visit_ts=&active=&start_begin=&start_end=&activation_begin=29-12-2010&activation_end=05-01-2011&contacted=3&contact_status=0&submit=+%D0%9D%D0%B0%D0%B9%D1%82%D0%B8+%C2%BB+" "Mozilla/5.0 (Windows; U; Windows NT 5.1; ru; rv:1.9.2.3) Gecko/20100401 Firefox/3.6.3 GTB7.1 ( .NET CLR 3.5.30729)"
::ffff:95.132.24.59 meritokrat.org - [05/Jan/2011:16:05:13 +0200] "POST /blogs/comment HTTP/1.1" 200 1944 "http://meritokrat.org/blogpost590" "Opera/9.80 (Windows NT 5.1; U; ru) Presto/2.7.62 Version/11.00"
::ffff:91.214.16.58 meritokrat.org - [05/Jan/2011:16:05:13 +0200] "GET /polls?page=2 HTTP/1.1" 200 25024 "http://meritokrat.org/polls" "Mozilla/4.0 (compatible; MSIE 8.0; Windows NT 6.1; WOW64; Trident/4.0; SLCC2; .NET CLR 2.0.50727; .NET CLR 3.5.30729; .NET CLR 3.0.30729; Media Center PC 6.0; InfoPath.2)"
::ffff:91.214.16.58 image.meritokrat.org - [05/Jan/2011:16:05:14 +0200] "GET /s/user/3085386414d6.jpg HTTP/1.1" 200 1571 "http://meritokrat.org/polls?page=2" "Mozilla/4.0 (compatible; MSIE 8.0; Windows NT 6.1; WOW64; Trident/4.0; SLCC2; .NET CLR 2.0.50727; .NET CLR 3.5.30729; .NET CLR 3.0.30729; Media Center PC 6.0; InfoPath.2)"
::ffff:95.133.174.155 meritokrat.org - [05/Jan/2011:16:05:14 +0200] "GET /messages?page=11 HTTP/1.1" 200 27969 "http://meritokrat.org/messages?page=8" "Mozilla/5.0 (Windows; U; Windows NT 5.1; ru; rv:1.9.2.13) Gecko/20101203 Firefox/3.6.13 ( .NET CLR 3.5.30729)"
::ffff:95.133.174.155 image.meritokrat.org - [05/Jan/2011:16:05:14 +0200] "GET /s/user/1667bf909886.jpg HTTP/1.1" 200 1864 "http://meritokrat.org/messages?page=11" "Mozilla/5.0 (Windows; U; Windows NT 5.1; ru; rv:1.9.2.13) Gecko/20101203 Firefox/3.6.13 ( .NET CLR 3.5.30729)"
::ffff:194.187.108.86 meritokrat.org - [05/Jan/2011:16:05:14 +0200] "GET /profile-4456 HTTP/1.1" 200 29949 "http://meritokrat.org/search?first_name=&last_name=&email=&country=1&region=&city=&function=&visit_ts=&active=&start_begin=&start_end=&activation_begin=29-12-2010&activation_end=05-01-2011&contacted=3&contact_status=0&submit=+%D0%9D%D0%B0%D0%B9%D1%82%D0%B8+%C2%BB+" "Mozilla/5.0 (Windows; U; Windows NT 5.1; ru; rv:1.9.2.3) Gecko/20100401 Firefox/3.6.3 GTB7.1 ( .NET CLR 3.5.30729)"
::ffff:95.133.174.155 meritokrat.org - [05/Jan/2011:16:05:18 +0200] "GET /messages?page=14 HTTP/1.1" 200 28117 "http://meritokrat.org/messages?page=11" "Mozilla/5.0 (Windows; U; Windows NT 5.1; ru; rv:1.9.2.13) Gecko/20101203 Firefox/3.6.13 ( .NET CLR 3.5.30729)"
::ffff:95.133.174.155 image.meritokrat.org - [05/Jan/2011:16:05:18 +0200] "GET /s/user/1006ab45832.jpg HTTP/1.1" 200 7871 "http://meritokrat.org/messages?page=14" "Mozilla/5.0 (Windows; U; Windows NT 5.1; ru; rv:1.9.2.13) Gecko/20101203 Firefox/3.6.13 ( .NET CLR 3.5.30729)"
::ffff:95.133.174.155 image.meritokrat.org - [05/Jan/2011:16:05:18 +0200] "GET /s/user/1174b8bb363a.jpg HTTP/1.1" 200 7797 "http://meritokrat.org/messages?page=14" "Mozilla/5.0 (Windows; U; Windows NT 5.1; ru; rv:1.9.2.13) Gecko/20101203 Firefox/3.6.13 ( .NET CLR 3.5.30729)"
::ffff:95.133.174.155 image.meritokrat.org - [05/Jan/2011:16:05:19 +0200] "GET /s/user/48384d39a7c.jpg HTTP/1.1" 200 1456 "http://meritokrat.org/messages?page=14" "Mozilla/5.0 (Windows; U; Windows NT 5.1; ru; rv:1.9.2.13) Gecko/20101203 Firefox/3.6.13 ( .NET CLR 3.5.30729)"
::ffff:95.133.174.155 image.meritokrat.org - [05/Jan/2011:16:05:19 +0200] "GET /s/user/6576425f3de.jpg HTTP/1.1" 200 28792 "http://meritokrat.org/messages?page=14" "Mozilla/5.0 (Windows; U; Windows NT 5.1; ru; rv:1.9.2.13) Gecko/20101203 Firefox/3.6.13 ( .NET CLR 3.5.30729)"
::ffff:95.133.174.155 image.meritokrat.org - [05/Jan/2011:16:05:19 +0200] "GET /s/user/720173c21.jpg HTTP/1.1" 200 13810 "http://meritokrat.org/messages?page=14" "Mozilla/5.0 (Windows; U; Windows NT 5.1; ru; rv:1.9.2.13) Gecko/20101203 Firefox/3.6.13 ( .NET CLR 3.5.30729)"
::ffff:95.133.174.155 image.meritokrat.org - [05/Jan/2011:16:05:19 +0200] "GET /s/user/89881bce648.jpg HTTP/1.1" 200 21509 "http://meritokrat.org/messages?page=14" "Mozilla/5.0 (Windows; U; Windows NT 5.1; ru; rv:1.9.2.13) Gecko/20101203 Firefox/3.6.13 ( .NET CLR 3.5.30729)"
::ffff:95.133.174.155 meritokrat.org - [05/Jan/2011:16:05:26 +0200] "GET /messages?page=12 HTTP/1.1" 200 28323 "http://meritokrat.org/messages?page=14" "Mozilla/5.0 (Windows; U; Windows NT 5.1; ru; rv:1.9.2.13) Gecko/20101203 Firefox/3.6.13 ( .NET CLR 3.5.30729)"
::ffff:95.133.174.155 image.meritokrat.org - [05/Jan/2011:16:05:27 +0200] "GET /s/user/1333d4e1aae9.jpg HTTP/1.1" 200 24342 "http://meritokrat.org/messages?page=12" "Mozilla/5.0 (Windows; U; Windows NT 5.1; ru; rv:1.9.2.13) Gecko/20101203 Firefox/3.6.13 ( .NET CLR 3.5.30729)"
::ffff:95.133.174.155 meritokrat.org - [05/Jan/2011:16:05:30 +0200] "GET /messages?page=10 HTTP/1.1" 200 31453 "http://meritokrat.org/messages?page=12" "Mozilla/5.0 (Windows; U; Windows NT 5.1; ru; rv:1.9.2.13) Gecko/20101203 Firefox/3.6.13 ( .NET CLR 3.5.30729)"
::ffff:95.133.174.155 image.meritokrat.org - [05/Jan/2011:16:05:31 +0200] "GET /s/user/4389f0d16f1.jpg HTTP/1.1" 200 1443 "http://meritokrat.org/messages?page=10" "Mozilla/5.0 (Windows; U; Windows NT 5.1; ru; rv:1.9.2.13) Gecko/20101203 Firefox/3.6.13 ( .NET CLR 3.5.30729)"
::ffff:95.133.174.155 image.meritokrat.org - [05/Jan/2011:16:05:31 +0200] "GET /s/user/709fd25e619.jpg HTTP/1.1" 200 34999 "http://meritokrat.org/messages?page=10" "Mozilla/5.0 (Windows; U; Windows NT 5.1; ru; rv:1.9.2.13) Gecko/20101203 Firefox/3.6.13 ( .NET CLR 3.5.30729)"
::ffff:95.132.24.59 meritokrat.org - [05/Jan/2011:16:05:32 +0200] "GET /blogs HTTP/1.1" 200 29305 "http://meritokrat.org/blogpost590" "Opera/9.80 (Windows NT 5.1; U; ru) Presto/2.7.62 Version/11.00"
::ffff:95.132.24.59 meritokrat.org - [05/Jan/2011:16:05:35 +0200] "GET /comments HTTP/1.1" 200 27875 "http://meritokrat.org/blogs" "Opera/9.80 (Windows NT 5.1; U; ru) Presto/2.7.62 Version/11.00"
::ffff:95.133.174.155 meritokrat.org - [05/Jan/2011:16:05:35 +0200] "GET /messages?page=9 HTTP/1.1" 200 31245 "http://meritokrat.org/messages?page=10" "Mozilla/5.0 (Windows; U; Windows NT 5.1; ru; rv:1.9.2.13) Gecko/20101203 Firefox/3.6.13 ( .NET CLR 3.5.30729)"
::ffff:95.132.24.59 s1.meritokrat.org - [05/Jan/2011:16:05:35 +0200] "GET /module_comments.js?1 HTTP/1.1" 400 35 "http://meritokrat.org/comments" "Opera/9.80 (Windows NT 5.1; U; ru) Presto/2.7.62 Version/11.00"
::ffff:95.132.24.59 image.meritokrat.org - [05/Jan/2011:16:05:35 +0200] "GET /s/user/1931bb8d74f6.jpg HTTP/1.1" 200 7334 "http://meritokrat.org/comments" "Opera/9.80 (Windows NT 5.1; U; ru) Presto/2.7.62 Version/11.00"
::ffff:95.133.174.155 image.meritokrat.org - [05/Jan/2011:16:05:36 +0200] "GET /s/user/1456701938b7.jpg HTTP/1.1" 200 6989 "http://meritokrat.org/messages?page=9" "Mozilla/5.0 (Windows; U; Windows NT 5.1; ru; rv:1.9.2.13) Gecko/20101203 Firefox/3.6.13 ( .NET CLR 3.5.30729)"
::ffff:95.132.24.59 image.meritokrat.org - [05/Jan/2011:16:05:36 +0200] "GET /s/user/4020bc753e75.jpg HTTP/1.1" 200 31605 "http://meritokrat.org/comments" "Opera/9.80 (Windows NT 5.1; U; ru) Presto/2.7.62 Version/11.00"
::ffff:195.58.232.234 meritokrat.org - [05/Jan/2011:16:05:37 +0200] "GET /sign/autologin?email=shevchyk1981%40mail.ru&password=d3bf4d56&submitos=+%D0%A3%D0%B2%D1%96%D0%B9%D1%82%D0%B8+ HTTP/1.0" 302 0 "http://meritokrat.org/" "Mozilla/5.0 (Windows; U; Windows NT 5.1; ru; rv:1.9.2.13) Gecko/20101203 Firefox/3.6.13 sputnik 2.3.0.102"
::ffff:195.58.232.234 meritokrat.org - [05/Jan/2011:16:05:37 +0200] "GET /profile HTTP/1.0" 200 19980 "http://meritokrat.org/" "Mozilla/5.0 (Windows; U; Windows NT 5.1; ru; rv:1.9.2.13) Gecko/20101203 Firefox/3.6.13 sputnik 2.3.0.102"
::ffff:195.58.232.234 meritokrat.org - [05/Jan/2011:16:05:37 +0200] "GET /static/javascript/jquery/jquery.ui.widget.js HTTP/1.0" 200 5983 "http://meritokrat.org/profile" "Mozilla/5.0 (Windows; U; Windows NT 5.1; ru; rv:1.9.2.13) Gecko/20101203 Firefox/3.6.13 sputnik 2.3.0.102"
::ffff:195.58.232.234 s1.meritokrat.org - [05/Jan/2011:16:05:37 +0200] "GET /icons/ru.png HTTP/1.0" 200 406 "http://meritokrat.org/profile" "Mozilla/5.0 (Windows; U; Windows NT 5.1; ru; rv:1.9.2.13) Gecko/20101203 Firefox/3.6.13 sputnik 2.3.0.102"
::ffff:195.58.232.234 meritokrat.org - [05/Jan/2011:16:05:37 +0200] "GET /static/javascript/jquery/selects.js HTTP/1.0" 200 2543 "http://meritokrat.org/profile" "Mozilla/5.0 (Windows; U; Windows NT 5.1; ru; rv:1.9.2.13) Gecko/20101203 Firefox/3.6.13 sputnik 2.3.0.102"
::ffff:195.58.232.234 meritokrat.org - [05/Jan/2011:16:05:37 +0200] "GET /static/javascript/jquery/jquery.ui.core.js HTTP/1.0" 200 5700 "http://meritokrat.org/profile" "Mozilla/5.0 (Windows; U; Windows NT 5.1; ru; rv:1.9.2.13) Gecko/20101203 Firefox/3.6.13 sputnik 2.3.0.102"
::ffff:195.58.232.234 meritokrat.org - [05/Jan/2011:16:05:37 +0200] "GET /static/images/logos/logo.png HTTP/1.0" 200 4076 "http://meritokrat.org/profile" "Mozilla/5.0 (Windows; U; Windows NT 5.1; ru; rv:1.9.2.13) Gecko/20101203 Firefox/3.6.13 sputnik 2.3.0.102"
::ffff:195.58.232.234 s1.meritokrat.org - [05/Jan/2011:16:05:37 +0200] "GET /icons/ua-2.png HTTP/1.0" 200 423 "http://meritokrat.org/profile" "Mozilla/5.0 (Windows; U; Windows NT 5.1; ru; rv:1.9.2.13) Gecko/20101203 Firefox/3.6.13 sputnik 2.3.0.102"
::ffff:195.58.232.234 meritokrat.org - [05/Jan/2011:16:05:37 +0200] "GET /static/javascript/jquery/css/jquery.ui.all.css HTTP/1.0" 200 61 "http://meritokrat.org/profile" "Mozilla/5.0 (Windows; U; Windows NT 5.1; ru; rv:1.9.2.13) Gecko/20101203 Firefox/3.6.13 sputnik 2.3.0.102"
::ffff:195.58.232.234 meritokrat.org - [05/Jan/2011:16:05:38 +0200] "GET /static/javascript/jquery/css/jquery.ui.base.css HTTP/1.0" 200 137 "http://meritokrat.org/static/javascript/jquery/css/jquery.ui.all.css" "Mozilla/5.0 (Windows; U; Windows NT 5.1; ru; rv:1.9.2.13) Gecko/20101203 Firefox/3.6.13 sputnik 2.3.0.102"
::ffff:195.58.232.234 meritokrat.org - [05/Jan/2011:16:05:38 +0200] "GET /static/images/logos/logo2-ru.png HTTP/1.0" 200 3703 "http://meritokrat.org/profile" "Mozilla/5.0 (Windows; U; Windows NT 5.1; ru; rv:1.9.2.13) Gecko/20101203 Firefox/3.6.13 sputnik 2.3.0.102"
::ffff:195.58.232.234 meritokrat.org - [05/Jan/2011:16:05:38 +0200] "GET /static/javascript/jquery/css/jquery.ui.theme.css HTTP/1.0" 200 2968 "http://meritokrat.org/static/javascript/jquery/css/jquery.ui.all.css" "Mozilla/5.0 (Windows; U; Windows NT 5.1; ru; rv:1.9.2.13) Gecko/20101203 Firefox/3.6.13 sputnik 2.3.0.102"
::ffff:195.58.232.234 meritokrat.org - [05/Jan/2011:16:05:38 +0200] "GET /static/images/icons/snow1.png HTTP/1.0" 200 10710 "http://meritokrat.org/profile" "Mozilla/5.0 (Windows; U; Windows NT 5.1; ru; rv:1.9.2.13) Gecko/20101203 Firefox/3.6.13 sputnik 2.3.0.102"
::ffff:195.58.232.234 meritokrat.org - [05/Jan/2011:16:05:38 +0200] "GET /static/images/icons/snow2.png HTTP/1.0" 200 2384 "http://meritokrat.org/profile" "Mozilla/5.0 (Windows; U; Windows NT 5.1; ru; rv:1.9.2.13) Gecko/20101203 Firefox/3.6.13 sputnik 2.3.0.102"
::ffff:195.58.232.234 meritokrat.org - [05/Jan/2011:16:05:38 +0200] "GET /static/javascript/jquery/css/jquery.ui.accordion.css HTTP/1.0" 200 358 "http://meritokrat.org/static/javascript/jquery/css/jquery.ui.base.css" "Mozilla/5.0 (Windows; U; Windows NT 5.1; ru; rv:1.9.2.13) Gecko/20101203 Firefox/3.6.13 sputnik 2.3.0.102"
::ffff:195.58.232.234 meritokrat.org - [05/Jan/2011:16:05:38 +0200] "GET /static/javascript/jquery/css/jquery.ui.core.css HTTP/1.0" 200 625 "http://meritokrat.org/static/javascript/jquery/css/jquery.ui.base.css" "Mozilla/5.0 (Windows; U; Windows NT 5.1; ru; rv:1.9.2.13) Gecko/20101203 Firefox/3.6.13 sputnik 2.3.0.102"
::ffff:195.58.232.234 meritokrat.org - [05/Jan/2011:16:05:38 +0200] "GET /static/javascript/jquery/css/jquery.ui.autocomplete.css HTTP/1.0" 200 415 "http://meritokrat.org/static/javascript/jquery/css/jquery.ui.base.css" "Mozilla/5.0 (Windows; U; Windows NT 5.1; ru; rv:1.9.2.13) Gecko/20101203 Firefox/3.6.13 sputnik 2.3.0.102"
::ffff:195.58.232.234 meritokrat.org - [05/Jan/2011:16:05:38 +0200] "GET /static/javascript/jquery/css/jquery.ui.button.css HTTP/1.0" 200 646 "http://meritokrat.org/static/javascript/jquery/css/jquery.ui.base.css" "Mozilla/5.0 (Windows; U; Windows NT 5.1; ru; rv:1.9.2.13) Gecko/20101203 Firefox/3.6.13 sputnik 2.3.0.102"
::ffff:195.58.232.234 meritokrat.org - [05/Jan/2011:16:05:38 +0200] "GET /static/javascript/jquery/css/jquery.ui.datepicker.css HTTP/1.0" 200 958 "http://meritokrat.org/static/javascript/jquery/css/jquery.ui.base.css" "Mozilla/5.0 (Windows; U; Windows NT 5.1; ru; rv:1.9.2.13) Gecko/20101203 Firefox/3.6.13 sputnik 2.3.0.102"
::ffff:195.58.232.234 meritokrat.org - [05/Jan/2011:16:05:38 +0200] "GET /static/javascript/jquery/css/jquery.ui.dialog.css HTTP/1.0" 200 452 "http://meritokrat.org/static/javascript/jquery/css/jquery.ui.base.css" "Mozilla/5.0 (Windows; U; Windows NT 5.1; ru; rv:1.9.2.13) Gecko/20101203 Firefox/3.6.13 sputnik 2.3.0.102"
::ffff:195.58.232.234 meritokrat.org - [05/Jan/2011:16:05:38 +0200] "GET /static/javascript/jquery/css/jquery.ui.progressbar.css HTTP/1.0" 200 114 "http://meritokrat.org/static/javascript/jquery/css/jquery.ui.base.css" "Mozilla/5.0 (Windows; U; Windows NT 5.1; ru; rv:1.9.2.13) Gecko/20101203 Firefox/3.6.13 sputnik 2.3.0.102"
::ffff:195.58.232.234 meritokrat.org - [05/Jan/2011:16:05:38 +0200] "GET /static/javascript/jquery/css/jquery.ui.resizable.css HTTP/1.0" 200 306 "http://meritokrat.org/static/javascript/jquery/css/jquery.ui.base.css" "Mozilla/5.0 (Windows; U; Windows NT 5.1; ru; rv:1.9.2.13) Gecko/20101203 Firefox/3.6.13 sputnik 2.3.0.102"
::ffff:195.58.232.234 meritokrat.org - [05/Jan/2011:16:05:38 +0200] "GET /static/javascript/jquery/css/jquery.ui.selectable.css HTTP/1.0" 200 101 "http://meritokrat.org/static/javascript/jquery/css/jquery.ui.base.css" "Mozilla/5.0 (Windows; U; Windows NT 5.1; ru; rv:1.9.2.13) Gecko/20101203 Firefox/3.6.13 sputnik 2.3.0.102"
::ffff:195.58.232.234 meritokrat.org - [05/Jan/2011:16:05:38 +0200] "GET /static/javascript/jquery/css/jquery.ui.slider.css HTTP/1.0" 200 331 "http://meritokrat.org/static/javascript/jquery/css/jquery.ui.base.css" "Mozilla/5.0 (Windows; U; Windows NT 5.1; ru; rv:1.9.2.13) Gecko/20101203 Firefox/3.6.13 sputnik 2.3.0.102"
::ffff:195.58.232.234 meritokrat.org - [05/Jan/2011:16:05:38 +0200] "GET /static/javascript/jquery/css/jquery.ui.tabs.css HTTP/1.0" 200 491 "http://meritokrat.org/static/javascript/jquery/css/jquery.ui.base.css" "Mozilla/5.0 (Windows; U; Windows NT 5.1; ru; rv:1.9.2.13) Gecko/20101203 Firefox/3.6.13 sputnik 2.3.0.102"
::ffff:195.58.232.234 meritokrat.org - [05/Jan/2011:16:05:39 +0200] "GET /static/javascript/jquery/jquery-1.4.2.js HTTP/1.0" 200 163855 "http://meritokrat.org/profile" "Mozilla/5.0 (Windows; U; Windows NT 5.1; ru; rv:1.9.2.13) Gecko/20101203 Firefox/3.6.13 sputnik 2.3.0.102"
::ffff:95.133.174.155 meritokrat.org - [05/Jan/2011:16:05:39 +0200] "GET /messages?page=7 HTTP/1.1" 200 30398 "http://meritokrat.org/messages?page=9" "Mozilla/5.0 (Windows; U; Windows NT 5.1; ru; rv:1.9.2.13) Gecko/20101203 Firefox/3.6.13 ( .NET CLR 3.5.30729)"
::ffff:195.58.232.234 meritokrat.org - [05/Jan/2011:16:05:39 +0200] "GET /static/images/common/meritokratia.png HTTP/1.0" 200 6353 "http://meritokrat.org/profile" "Mozilla/5.0 (Windows; U; Windows NT 5.1; ru; rv:1.9.2.13) Gecko/20101203 Firefox/3.6.13 sputnik 2.3.0.102"
::ffff:195.58.232.234 meritokrat.org - [05/Jan/2011:16:05:39 +0200] "GET /static/images/common/avto.jpg HTTP/1.0" 200 7671 "http://meritokrat.org/profile" "Mozilla/5.0 (Windows; U; Windows NT 5.1; ru; rv:1.9.2.13) Gecko/20101203 Firefox/3.6.13 sputnik 2.3.0.102"
::ffff:195.58.232.234 s1.meritokrat.org - [05/Jan/2011:16:05:39 +0200] "GET /common/box_head_tiny.gif HTTP/1.0" 200 407 "http://s1.meritokrat.org/system.css?1" "Mozilla/5.0 (Windows; U; Windows NT 5.1; ru; rv:1.9.2.13) Gecko/20101203 Firefox/3.6.13 sputnik 2.3.0.102"
::ffff:195.58.232.234 image.meritokrat.org - [05/Jan/2011:16:05:39 +0200] "GET /b/banners/ad0b3b1d31.jpg HTTP/1.0" 200 9369 "http://meritokrat.org/profile" "Mozilla/5.0 (Windows; U; Windows NT 5.1; ru; rv:1.9.2.13) Gecko/20101203 Firefox/3.6.13 sputnik 2.3.0.102"
::ffff:195.58.232.234 s1.meritokrat.org - [05/Jan/2011:16:05:39 +0200] "GET /common/box_head.gif HTTP/1.0" 200 6962 "http://s1.meritokrat.org/system.css?1" "Mozilla/5.0 (Windows; U; Windows NT 5.1; ru; rv:1.9.2.13) Gecko/20101203 Firefox/3.6.13 sputnik 2.3.0.102"
::ffff:195.58.232.234 image.meritokrat.org - [05/Jan/2011:16:05:39 +0200] "GET /b/banners/a42aad3406.jpg HTTP/1.0" 200 2765 "http://meritokrat.org/profile" "Mozilla/5.0 (Windows; U; Windows NT 5.1; ru; rv:1.9.2.13) Gecko/20101203 Firefox/3.6.13 sputnik 2.3.0.102"
::ffff:195.58.232.234 s1.meritokrat.org - [05/Jan/2011:16:05:39 +0200] "GET /icons/down_icon_gray.png HTTP/1.0" 200 171 "http://s1.meritokrat.org/system.css?1" "Mozilla/5.0 (Windows; U; Windows NT 5.1; ru; rv:1.9.2.13) Gecko/20101203 Firefox/3.6.13 sputnik 2.3.0.102"
::ffff:195.58.232.234 image.meritokrat.org - [05/Jan/2011:16:05:39 +0200] "GET /r/user/0.jpg HTTP/1.0" 200 1037 "http://meritokrat.org/profile" "Mozilla/5.0 (Windows; U; Windows NT 5.1; ru; rv:1.9.2.13) Gecko/20101203 Firefox/3.6.13 sputnik 2.3.0.102"
::ffff:195.58.232.234 s1.meritokrat.org - [05/Jan/2011:16:05:40 +0200] "GET /module_profile.js?1 HTTP/1.0" 200 6670 "http://meritokrat.org/profile" "Mozilla/5.0 (Windows; U; Windows NT 5.1; ru; rv:1.9.2.13) Gecko/20101203 Firefox/3.6.13 sputnik 2.3.0.102"
::ffff:195.58.232.234 meritokrat.org - [05/Jan/2011:16:05:40 +0200] "GET /static/images/common/banner_ogoloshennya.gif HTTP/1.0" 200 14001 "http://meritokrat.org/profile" "Mozilla/5.0 (Windows; U; Windows NT 5.1; ru; rv:1.9.2.13) Gecko/20101203 Firefox/3.6.13 sputnik 2.3.0.102"
::ffff:195.58.232.234 image.meritokrat.org - [05/Jan/2011:16:05:40 +0200] "GET /sm/user/2344474f76f5.jpg HTTP/1.0" 200 18349 "http://meritokrat.org/profile" "Mozilla/5.0 (Windows; U; Windows NT 5.1; ru; rv:1.9.2.13) Gecko/20101203 Firefox/3.6.13 sputnik 2.3.0.102"
::ffff:195.58.232.234 meritokrat.org - [05/Jan/2011:16:05:40 +0200] "GET /static/images/common/bg-header.jpg HTTP/1.0" 200 365 "http://meritokrat.org/profile" "Mozilla/5.0 (Windows; U; Windows NT 5.1; ru; rv:1.9.2.13) Gecko/20101203 Firefox/3.6.13 sputnik 2.3.0.102"
::ffff:195.58.232.234 meritokrat.org - [05/Jan/2011:16:05:40 +0200] "GET /static/images/common/bg-lines-bg.png HTTP/1.0" 200 134 "http://meritokrat.org/profile" "Mozilla/5.0 (Windows; U; Windows NT 5.1; ru; rv:1.9.2.13) Gecko/20101203 Firefox/3.6.13 sputnik 2.3.0.102"
::ffff:195.58.232.234 meritokrat.org - [05/Jan/2011:16:05:40 +0200] "GET /static/images/common/bg-footer.png HTTP/1.0" 200 379 "http://meritokrat.org/profile" "Mozilla/5.0 (Windows; U; Windows NT 5.1; ru; rv:1.9.2.13) Gecko/20101203 Firefox/3.6.13 sputnik 2.3.0.102"
::ffff:195.58.232.234 meritokrat.org - [05/Jan/2011:16:05:40 +0200] "GET /static/images/common/footer.png HTTP/1.0" 200 11364 "http://meritokrat.org/profile" "Mozilla/5.0 (Windows; U; Windows NT 5.1; ru; rv:1.9.2.13) Gecko/20101203 Firefox/3.6.13 sputnik 2.3.0.102"
::ffff:195.58.232.234 image.meritokrat.org - [05/Jan/2011:16:05:40 +0200] "GET /b/banners/a378b1cf35.jpg HTTP/1.0" 200 28792 "http://meritokrat.org/profile" "Mozilla/5.0 (Windows; U; Windows NT 5.1; ru; rv:1.9.2.13) Gecko/20101203 Firefox/3.6.13 sputnik 2.3.0.102"
::ffff:195.58.232.234 meritokrat.org - [05/Jan/2011:16:05:40 +0200] "GET /static/images/common/broshures.gif HTTP/1.0" 200 60884 "http://meritokrat.org/profile" "Mozilla/5.0 (Windows; U; Windows NT 5.1; ru; rv:1.9.2.13) Gecko/20101203 Firefox/3.6.13 sputnik 2.3.0.102"
::ffff:195.58.232.234 image.meritokrat.org - [05/Jan/2011:16:05:40 +0200] "GET /p/user/0.jpg HTTP/1.0" 200 2182 "http://meritokrat.org/profile" "Mozilla/5.0 (Windows; U; Windows NT 5.1; ru; rv:1.9.2.13) Gecko/20101203 Firefox/3.6.13 sputnik 2.3.0.102"
::ffff:213.160.147.98 meritokrat.org - [05/Jan/2011:16:05:41 +0200] "GET /profile-1891 HTTP/1.1" 200 28137 "http://meritokrat.org/search?first_name=&last_name=&country=1&region=12&city=219&function=&visit_ts=&active=&start_begin=&start_end=&activation_begin=&activation_end=&submit=+%D0%97%D0%BD%D0%B0%D0%B9%D1%82%D0%B8+%C2%BB+" "Mozilla/4.0 (compatible; MSIE 8.0; Windows NT 5.1; Trident/4.0; .NET CLR 1.1.4322; .NET CLR 2.0.50727; .NET CLR 3.0.4506.2152; .NET CLR 3.5.30729; InfoPath.2)"
::ffff:195.58.232.234 meritokrat.org - [05/Jan/2011:16:05:41 +0200] "GET /static/images/common/desktop_small.gif HTTP/1.0" 200 105850 "http://meritokrat.org/profile" "Mozilla/5.0 (Windows; U; Windows NT 5.1; ru; rv:1.9.2.13) Gecko/20101203 Firefox/3.6.13 sputnik 2.3.0.102"
::ffff:195.58.232.234 meritokrat.org - [05/Jan/2011:16:05:42 +0200] "GET /static/images/common/vacancies.gif HTTP/1.0" 200 155505 "http://meritokrat.org/profile" "Mozilla/5.0 (Windows; U; Windows NT 5.1; ru; rv:1.9.2.13) Gecko/20101203 Firefox/3.6.13 sputnik 2.3.0.102"
::ffff:95.133.174.155 meritokrat.org - [05/Jan/2011:16:05:43 +0200] "GET /messages?page=5 HTTP/1.1" 200 29349 "http://meritokrat.org/messages?page=7" "Mozilla/5.0 (Windows; U; Windows NT 5.1; ru; rv:1.9.2.13) Gecko/20101203 Firefox/3.6.13 ( .NET CLR 3.5.30729)"
::ffff:213.160.147.98 meritokrat.org - [05/Jan/2011:16:05:43 +0200] "GET /messages/compose?user_id=1891 HTTP/1.1" 200 20605 "http://meritokrat.org/profile-1891" "Mozilla/4.0 (compatible; MSIE 8.0; Windows NT 5.1; Trident/4.0; .NET CLR 1.1.4322; .NET CLR 2.0.50727; .NET CLR 3.0.4506.2152; .NET CLR 3.5.30729; InfoPath.2)"
::ffff:95.132.24.59 meritokrat.org - [05/Jan/2011:16:05:45 +0200] "GET /blogs HTTP/1.1" 200 29296 "http://meritokrat.org/comments" "Opera/9.80 (Windows NT 5.1; U; ru) Presto/2.7.62 Version/11.00"
::ffff:91.214.16.58 meritokrat.org - [05/Jan/2011:16:05:46 +0200] "GET /poll145 HTTP/1.1" 200 28638 "http://meritokrat.org/polls?page=2" "Mozilla/4.0 (compatible; MSIE 8.0; Windows NT 6.1; WOW64; Trident/4.0; SLCC2; .NET CLR 2.0.50727; .NET CLR 3.5.30729; .NET CLR 3.0.30729; Media Center PC 6.0; InfoPath.2)"
::ffff:91.214.16.58 image.meritokrat.org - [05/Jan/2011:16:05:47 +0200] "GET /s/user/7562efea0eb.jpg HTTP/1.1" 200 1498 "http://meritokrat.org/poll145" "Mozilla/4.0 (compatible; MSIE 8.0; Windows NT 6.1; WOW64; Trident/4.0; SLCC2; .NET CLR 2.0.50727; .NET CLR 3.5.30729; .NET CLR 3.0.30729; Media Center PC 6.0; InfoPath.2)"
::ffff:91.214.16.58 image.meritokrat.org - [05/Jan/2011:16:05:47 +0200] "GET /t/user/418329a6057a.jpg HTTP/1.1" 200 12498 "http://meritokrat.org/poll145" "Mozilla/4.0 (compatible; MSIE 8.0; Windows NT 6.1; WOW64; Trident/4.0; SLCC2; .NET CLR 2.0.50727; .NET CLR 3.5.30729; .NET CLR 3.0.30729; Media Center PC 6.0; InfoPath.2)"
::ffff:91.214.16.58 s1.meritokrat.org - [05/Jan/2011:16:05:47 +0200] "GET /common/share.png HTTP/1.1" 200 1355 "http://meritokrat.org/poll145" "Mozilla/4.0 (compatible; MSIE 8.0; Windows NT 6.1; WOW64; Trident/4.0; SLCC2; .NET CLR 2.0.50727; .NET CLR 3.5.30729; .NET CLR 3.0.30729; Media Center PC 6.0; InfoPath.2)"
::ffff:95.133.174.155 meritokrat.org - [05/Jan/2011:16:05:47 +0200] "GET /messages?page=3 HTTP/1.1" 200 28971 "http://meritokrat.org/messages?page=5" "Mozilla/5.0 (Windows; U; Windows NT 5.1; ru; rv:1.9.2.13) Gecko/20101203 Firefox/3.6.13 ( .NET CLR 3.5.30729)"
::ffff:95.133.174.155 meritokrat.org - [05/Jan/2011:16:05:50 +0200] "GET /messages?page=1 HTTP/1.1" 200 28889 "http://meritokrat.org/messages?page=3" "Mozilla/5.0 (Windows; U; Windows NT 5.1; ru; rv:1.9.2.13) Gecko/20101203 Firefox/3.6.13 ( .NET CLR 3.5.30729)"
::ffff:91.214.16.58 meritokrat.org - [05/Jan/2011:16:05:55 +0200] "GET /groups HTTP/1.1" 200 32611 "http://meritokrat.org/poll145" "Mozilla/4.0 (compatible; MSIE 8.0; Windows NT 6.1; WOW64; Trident/4.0; SLCC2; .NET CLR 2.0.50727; .NET CLR 3.5.30729; .NET CLR 3.0.30729; Media Center PC 6.0; InfoPath.2)"
::ffff:91.214.16.58 meritokrat.org - [05/Jan/2011:16:05:55 +0200] "GET /static/images/icons/up_icon.jpg HTTP/1.1" 200 511 "http://meritokrat.org/groups" "Mozilla/4.0 (compatible; MSIE 8.0; Windows NT 6.1; WOW64; Trident/4.0; SLCC2; .NET CLR 2.0.50727; .NET CLR 3.5.30729; .NET CLR 3.0.30729; Media Center PC 6.0; InfoPath.2)"
::ffff:95.132.24.59 meritokrat.org - [05/Jan/2011:16:05:56 +0200] "GET /blogpost591 HTTP/1.1" 200 27356 "http://meritokrat.org/blogs" "Opera/9.80 (Windows NT 5.1; U; ru) Presto/2.7.62 Version/11.00"
::ffff:91.214.16.58 meritokrat.org - [05/Jan/2011:16:05:56 +0200] "GET /static/images/icons/down_icon.jpg HTTP/1.1" 200 503 "http://meritokrat.org/groups" "Mozilla/4.0 (compatible; MSIE 8.0; Windows NT 6.1; WOW64; Trident/4.0; SLCC2; .NET CLR 2.0.50727; .NET CLR 3.5.30729; .NET CLR 3.0.30729; Media Center PC 6.0; InfoPath.2)"
::ffff:91.214.16.58 image.meritokrat.org - [05/Jan/2011:16:05:56 +0200] "GET /t/group/50b61a2eac.jpg HTTP/1.1" 200 3232 "http://meritokrat.org/groups" "Mozilla/4.0 (compatible; MSIE 8.0; Windows NT 6.1; WOW64; Trident/4.0; SLCC2; .NET CLR 2.0.50727; .NET CLR 3.5.30729; .NET CLR 3.0.30729; Media Center PC 6.0; InfoPath.2)"
::ffff:91.214.16.58 image.meritokrat.org - [05/Jan/2011:16:05:56 +0200] "GET /t/group/67ad7af7c6.jpg HTTP/1.1" 200 2450 "http://meritokrat.org/groups" "Mozilla/4.0 (compatible; MSIE 8.0; Windows NT 6.1; WOW64; Trident/4.0; SLCC2; .NET CLR 2.0.50727; .NET CLR 3.5.30729; .NET CLR 3.0.30729; Media Center PC 6.0; InfoPath.2)"
::ffff:91.214.16.58 image.meritokrat.org - [05/Jan/2011:16:05:56 +0200] "GET /t/group/59563b7865.jpg HTTP/1.1" 200 2082 "http://meritokrat.org/groups" "Mozilla/4.0 (compatible; MSIE 8.0; Windows NT 6.1; WOW64; Trident/4.0; SLCC2; .NET CLR 2.0.50727; .NET CLR 3.5.30729; .NET CLR 3.0.30729; Media Center PC 6.0; InfoPath.2)"
::ffff:91.214.16.58 image.meritokrat.org - [05/Jan/2011:16:05:56 +0200] "GET /t/group/24413d553e.jpg HTTP/1.1" 200 2519 "http://meritokrat.org/groups" "Mozilla/4.0 (compatible; MSIE 8.0; Windows NT 6.1; WOW64; Trident/4.0; SLCC2; .NET CLR 2.0.50727; .NET CLR 3.5.30729; .NET CLR 3.0.30729; Media Center PC 6.0; InfoPath.2)"
