::ffff:91.214.16.58 meritokrat.org - [05/Jan/2011:15:58:49 +0200] "GET /static/javascript/jquery/css/jquery.ui.core.css HTTP/1.1" 304 0 "http://meritokrat.org/blogpost402" "Mozilla/4.0 (compatible; MSIE 8.0; Windows NT 6.1; WOW64; Trident/4.0; SLCC2; .NET CLR 2.0.50727; .NET CLR 3.5.30729; .NET CLR 3.0.30729; Media Center PC 6.0; InfoPath.2)"
::ffff:91.214.16.58 meritokrat.org - [05/Jan/2011:15:58:49 +0200] "GET /static/javascript/jquery/css/jquery.ui.selectable.css HTTP/1.1" 304 0 "http://meritokrat.org/blogpost402" "Mozilla/4.0 (compatible; MSIE 8.0; Windows NT 6.1; WOW64; Trident/4.0; SLCC2; .NET CLR 2.0.50727; .NET CLR 3.5.30729; .NET CLR 3.0.30729; Media Center PC 6.0; InfoPath.2)"
::ffff:91.214.16.58 meritokrat.org - [05/Jan/2011:15:58:49 +0200] "GET /static/javascript/jquery/css/jquery.ui.slider.css HTTP/1.1" 304 0 "http://meritokrat.org/blogpost402" "Mozilla/4.0 (compatible; MSIE 8.0; Windows NT 6.1; WOW64; Trident/4.0; SLCC2; .NET CLR 2.0.50727; .NET CLR 3.5.30729; .NET CLR 3.0.30729; Media Center PC 6.0; InfoPath.2)"
::ffff:91.214.16.58 meritokrat.org - [05/Jan/2011:15:58:49 +0200] "GET /static/javascript/jquery/css/jquery.ui.dialog.css HTTP/1.1" 304 0 "http://meritokrat.org/blogpost402" "Mozilla/4.0 (compatible; MSIE 8.0; Windows NT 6.1; WOW64; Trident/4.0; SLCC2; .NET CLR 2.0.50727; .NET CLR 3.5.30729; .NET CLR 3.0.30729; Media Center PC 6.0; InfoPath.2)"
::ffff:91.214.16.58 meritokrat.org - [05/Jan/2011:15:58:49 +0200] "GET /static/javascript/jquery/css/jquery.ui.resizable.css HTTP/1.1" 304 0 "http://meritokrat.org/blogpost402" "Mozilla/4.0 (compatible; MSIE 8.0; Windows NT 6.1; WOW64; Trident/4.0; SLCC2; .NET CLR 2.0.50727; .NET CLR 3.5.30729; .NET CLR 3.0.30729; Media Center PC 6.0; InfoPath.2)"
::ffff:91.214.16.58 meritokrat.org - [05/Jan/2011:15:58:49 +0200] "GET /static/javascript/jquery/css/jquery.ui.datepicker.css HTTP/1.1" 304 0 "http://meritokrat.org/blogpost402" "Mozilla/4.0 (compatible; MSIE 8.0; Windows NT 6.1; WOW64; Trident/4.0; SLCC2; .NET CLR 2.0.50727; .NET CLR 3.5.30729; .NET CLR 3.0.30729; Media Center PC 6.0; InfoPath.2)"
::ffff:91.214.16.58 meritokrat.org - [05/Jan/2011:15:58:49 +0200] "GET /static/javascript/jquery/css/jquery.ui.progressbar.css HTTP/1.1" 304 0 "http://meritokrat.org/blogpost402" "Mozilla/4.0 (compatible; MSIE 8.0; Windows NT 6.1; WOW64; Trident/4.0; SLCC2; .NET CLR 2.0.50727; .NET CLR 3.5.30729; .NET CLR 3.0.30729; Media Center PC 6.0; InfoPath.2)"
::ffff:91.214.16.58 meritokrat.org - [05/Jan/2011:15:58:49 +0200] "GET /static/javascript/jquery/css/jquery.ui.tabs.css HTTP/1.1" 304 0 "http://meritokrat.org/blogpost402" "Mozilla/4.0 (compatible; MSIE 8.0; Windows NT 6.1; WOW64; Trident/4.0; SLCC2; .NET CLR 2.0.50727; .NET CLR 3.5.30729; .NET CLR 3.0.30729; Media Center PC 6.0; InfoPath.2)"
::ffff:91.214.16.58 meritokrat.org - [05/Jan/2011:15:58:49 +0200] "GET /static/images/logos/logo2.png HTTP/1.1" 304 0 "http://meritokrat.org/blogpost402" "Mozilla/4.0 (compatible; MSIE 8.0; Windows NT 6.1; WOW64; Trident/4.0; SLCC2; .NET CLR 2.0.50727; .NET CLR 3.5.30729; .NET CLR 3.0.30729; Media Center PC 6.0; InfoPath.2)"
::ffff:91.214.16.58 meritokrat.org - [05/Jan/2011:15:58:50 +0200] "GET /static/images/icons/snow1.png HTTP/1.1" 304 0 "http://meritokrat.org/blogpost402" "Mozilla/4.0 (compatible; MSIE 8.0; Windows NT 6.1; WOW64; Trident/4.0; SLCC2; .NET CLR 2.0.50727; .NET CLR 3.5.30729; .NET CLR 3.0.30729; Media Center PC 6.0; InfoPath.2)"
::ffff:91.214.16.58 meritokrat.org - [05/Jan/2011:15:58:50 +0200] "GET /static/images/common/bg-header.jpg HTTP/1.1" 304 0 "http://meritokrat.org/blogpost402" "Mozilla/4.0 (compatible; MSIE 8.0; Windows NT 6.1; WOW64; Trident/4.0; SLCC2; .NET CLR 2.0.50727; .NET CLR 3.5.30729; .NET CLR 3.0.30729; Media Center PC 6.0; InfoPath.2)"
::ffff:91.214.16.58 meritokrat.org - [05/Jan/2011:15:58:50 +0200] "GET /static/images/icons/snow2.png HTTP/1.1" 304 0 "http://meritokrat.org/blogpost402" "Mozilla/4.0 (compatible; MSIE 8.0; Windows NT 6.1; WOW64; Trident/4.0; SLCC2; .NET CLR 2.0.50727; .NET CLR 3.5.30729; .NET CLR 3.0.30729; Media Center PC 6.0; InfoPath.2)"
::ffff:91.214.16.58 meritokrat.org - [05/Jan/2011:15:58:50 +0200] "GET /static/images/logos/logo.png HTTP/1.1" 304 0 "http://meritokrat.org/blogpost402" "Mozilla/4.0 (compatible; MSIE 8.0; Windows NT 6.1; WOW64; Trident/4.0; SLCC2; .NET CLR 2.0.50727; .NET CLR 3.5.30729; .NET CLR 3.0.30729; Media Center PC 6.0; InfoPath.2)"
::ffff:91.214.16.58 meritokrat.org - [05/Jan/2011:15:58:50 +0200] "GET /static/images/icons/print.gif HTTP/1.1" 304 0 "http://meritokrat.org/blogpost402" "Mozilla/4.0 (compatible; MSIE 8.0; Windows NT 6.1; WOW64; Trident/4.0; SLCC2; .NET CLR 2.0.50727; .NET CLR 3.5.30729; .NET CLR 3.0.30729; Media Center PC 6.0; InfoPath.2)"
::ffff:91.214.16.58 image.meritokrat.org - [05/Jan/2011:15:58:50 +0200] "GET /s/user/245166e3237c.jpg HTTP/1.1" 200 1693 "http://meritokrat.org/blogpost402" "Mozilla/4.0 (compatible; MSIE 8.0; Windows NT 6.1; WOW64; Trident/4.0; SLCC2; .NET CLR 2.0.50727; .NET CLR 3.5.30729; .NET CLR 3.0.30729; Media Center PC 6.0; InfoPath.2)"
::ffff:91.214.16.58 meritokrat.org - [05/Jan/2011:15:58:50 +0200] "GET /static/images/common/broshures.gif HTTP/1.1" 304 0 "http://meritokrat.org/blogpost402" "Mozilla/4.0 (compatible; MSIE 8.0; Windows NT 6.1; WOW64; Trident/4.0; SLCC2; .NET CLR 2.0.50727; .NET CLR 3.5.30729; .NET CLR 3.0.30729; Media Center PC 6.0; InfoPath.2)"
::ffff:91.214.16.58 meritokrat.org - [05/Jan/2011:15:58:50 +0200] "GET /static/images/common/desktop_small.gif HTTP/1.1" 304 0 "http://meritokrat.org/blogpost402" "Mozilla/4.0 (compatible; MSIE 8.0; Windows NT 6.1; WOW64; Trident/4.0; SLCC2; .NET CLR 2.0.50727; .NET CLR 3.5.30729; .NET CLR 3.0.30729; Media Center PC 6.0; InfoPath.2)"
::ffff:91.214.16.58 meritokrat.org - [05/Jan/2011:15:58:50 +0200] "GET /static/images/common/user_online.png HTTP/1.1" 304 0 "http://meritokrat.org/blogpost402" "Mozilla/4.0 (compatible; MSIE 8.0; Windows NT 6.1; WOW64; Trident/4.0; SLCC2; .NET CLR 2.0.50727; .NET CLR 3.5.30729; .NET CLR 3.0.30729; Media Center PC 6.0; InfoPath.2)"
::ffff:91.214.16.58 meritokrat.org - [05/Jan/2011:15:58:50 +0200] "GET /static/images/common/avto.jpg HTTP/1.1" 304 0 "http://meritokrat.org/blogpost402" "Mozilla/4.0 (compatible; MSIE 8.0; Windows NT 6.1; WOW64; Trident/4.0; SLCC2; .NET CLR 2.0.50727; .NET CLR 3.5.30729; .NET CLR 3.0.30729; Media Center PC 6.0; InfoPath.2)"
::ffff:91.214.16.58 meritokrat.org - [05/Jan/2011:15:58:50 +0200] "GET /static/images/common/vacancies.gif HTTP/1.1" 304 0 "http://meritokrat.org/blogpost402" "Mozilla/4.0 (compatible; MSIE 8.0; Windows NT 6.1; WOW64; Trident/4.0; SLCC2; .NET CLR 2.0.50727; .NET CLR 3.5.30729; .NET CLR 3.0.30729; Media Center PC 6.0; InfoPath.2)"
::ffff:91.214.16.58 meritokrat.org - [05/Jan/2011:15:58:50 +0200] "GET /static/images/common/meritokratia.png HTTP/1.1" 304 0 "http://meritokrat.org/blogpost402" "Mozilla/4.0 (compatible; MSIE 8.0; Windows NT 6.1; WOW64; Trident/4.0; SLCC2; .NET CLR 2.0.50727; .NET CLR 3.5.30729; .NET CLR 3.0.30729; Media Center PC 6.0; InfoPath.2)"
::ffff:91.214.16.58 image.meritokrat.org - [05/Jan/2011:15:58:50 +0200] "GET /s/user/2973ab6dd3c1.jpg HTTP/1.1" 200 11811 "http://meritokrat.org/blogpost402" "Mozilla/4.0 (compatible; MSIE 8.0; Windows NT 6.1; WOW64; Trident/4.0; SLCC2; .NET CLR 2.0.50727; .NET CLR 3.5.30729; .NET CLR 3.0.30729; Media Center PC 6.0; InfoPath.2)"
::ffff:91.214.16.58 image.meritokrat.org - [05/Jan/2011:15:58:50 +0200] "GET /s/user/3183d74e422d.jpg HTTP/1.1" 200 1603 "http://meritokrat.org/blogpost402" "Mozilla/4.0 (compatible; MSIE 8.0; Windows NT 6.1; WOW64; Trident/4.0; SLCC2; .NET CLR 2.0.50727; .NET CLR 3.5.30729; .NET CLR 3.0.30729; Media Center PC 6.0; InfoPath.2)"
::ffff:91.214.16.58 image.meritokrat.org - [05/Jan/2011:15:58:50 +0200] "GET /s/user/1438c29bc031.jpg HTTP/1.1" 200 6733 "http://meritokrat.org/blogpost402" "Mozilla/4.0 (compatible; MSIE 8.0; Windows NT 6.1; WOW64; Trident/4.0; SLCC2; .NET CLR 2.0.50727; .NET CLR 3.5.30729; .NET CLR 3.0.30729; Media Center PC 6.0; InfoPath.2)"
::ffff:91.214.16.58 meritokrat.org - [05/Jan/2011:15:58:50 +0200] "GET /static/images/common/bg-footer.png HTTP/1.1" 304 0 "http://meritokrat.org/blogpost402" "Mozilla/4.0 (compatible; MSIE 8.0; Windows NT 6.1; WOW64; Trident/4.0; SLCC2; .NET CLR 2.0.50727; .NET CLR 3.5.30729; .NET CLR 3.0.30729; Media Center PC 6.0; InfoPath.2)"
::ffff:91.214.16.58 meritokrat.org - [05/Jan/2011:15:58:50 +0200] "GET /static/images/common/banner_ogoloshennya.gif HTTP/1.1" 304 0 "http://meritokrat.org/blogpost402" "Mozilla/4.0 (compatible; MSIE 8.0; Windows NT 6.1; WOW64; Trident/4.0; SLCC2; .NET CLR 2.0.50727; .NET CLR 3.5.30729; .NET CLR 3.0.30729; Media Center PC 6.0; InfoPath.2)"
::ffff:91.214.16.58 meritokrat.org - [05/Jan/2011:15:58:50 +0200] "GET /static/images/common/footer.png HTTP/1.1" 304 0 "http://meritokrat.org/blogpost402" "Mozilla/4.0 (compatible; MSIE 8.0; Windows NT 6.1; WOW64; Trident/4.0; SLCC2; .NET CLR 2.0.50727; .NET CLR 3.5.30729; .NET CLR 3.0.30729; Media Center PC 6.0; InfoPath.2)"
::ffff:91.214.16.58 image.meritokrat.org - [05/Jan/2011:15:58:50 +0200] "GET /s/user/281184ce7136.jpg HTTP/1.1" 200 13227 "http://meritokrat.org/blogpost402" "Mozilla/4.0 (compatible; MSIE 8.0; Windows NT 6.1; WOW64; Trident/4.0; SLCC2; .NET CLR 2.0.50727; .NET CLR 3.5.30729; .NET CLR 3.0.30729; Media Center PC 6.0; InfoPath.2)"
::ffff:91.214.16.58 image.meritokrat.org - [05/Jan/2011:15:58:50 +0200] "GET /s/user/2455dfa3b3b9.jpg HTTP/1.1" 200 1428 "http://meritokrat.org/blogpost402" "Mozilla/4.0 (compatible; MSIE 8.0; Windows NT 6.1; WOW64; Trident/4.0; SLCC2; .NET CLR 2.0.50727; .NET CLR 3.5.30729; .NET CLR 3.0.30729; Media Center PC 6.0; InfoPath.2)"
::ffff:91.214.16.58 image.meritokrat.org - [05/Jan/2011:15:58:51 +0200] "GET /s/user/1333d4e1aae9.jpg HTTP/1.1" 200 24342 "http://meritokrat.org/blogpost402" "Mozilla/4.0 (compatible; MSIE 8.0; Windows NT 6.1; WOW64; Trident/4.0; SLCC2; .NET CLR 2.0.50727; .NET CLR 3.5.30729; .NET CLR 3.0.30729; Media Center PC 6.0; InfoPath.2)"
::ffff:91.214.16.58 image.meritokrat.org - [05/Jan/2011:15:58:51 +0200] "GET /s/user/9699ecbb1cb.jpg HTTP/1.1" 200 45686 "http://meritokrat.org/blogpost402" "Mozilla/4.0 (compatible; MSIE 8.0; Windows NT 6.1; WOW64; Trident/4.0; SLCC2; .NET CLR 2.0.50727; .NET CLR 3.5.30729; .NET CLR 3.0.30729; Media Center PC 6.0; InfoPath.2)"
::ffff:213.227.210.148 meritokrat.org - [05/Jan/2011:15:58:51 +0200] "GET /messages/view?id=25667 HTTP/1.1" 200 19952 "-" "Mozilla/5.0 (X11; U; Linux x86_64; uk; rv:1.9.2.13) Gecko/20101206 Ubuntu/10.04 (lucid) Firefox/3.6.13"
::ffff:213.227.210.148 meritokrat.org - [05/Jan/2011:15:58:55 +0200] "GET /messages HTTP/1.1" 200 27048 "http://meritokrat.org/messages/view?id=25667" "Mozilla/5.0 (X11; U; Linux x86_64; uk; rv:1.9.2.13) Gecko/20101206 Ubuntu/10.04 (lucid) Firefox/3.6.13"
::ffff:213.227.210.148 meritokrat.org - [05/Jan/2011:15:58:59 +0200] "GET /messages/view?id=25653 HTTP/1.1" 200 21040 "http://meritokrat.org/messages" "Mozilla/5.0 (X11; U; Linux x86_64; uk; rv:1.9.2.13) Gecko/20101206 Ubuntu/10.04 (lucid) Firefox/3.6.13"
::ffff:46.4.22.195 meritokrat.org - [05/Jan/2011:15:59:01 +0200] "GET /admin/cron?mailists=1 HTTP/1.0" 200 0 "-" "Wget/1.11.4"
::ffff:46.4.22.195 meritokrat.org - [05/Jan/2011:15:59:01 +0200] "GET /admin/cron HTTP/1.0" 200 0 "-" "Wget/1.11.4"
::ffff:213.227.210.148 meritokrat.org - [05/Jan/2011:15:59:02 +0200] "GET /messages HTTP/1.1" 200 27055 "http://meritokrat.org/messages/view?id=25653" "Mozilla/5.0 (X11; U; Linux x86_64; uk; rv:1.9.2.13) Gecko/20101206 Ubuntu/10.04 (lucid) Firefox/3.6.13"
::ffff:77.123.71.78 meritokrat.org - [05/Jan/2011:15:59:06 +0200] "GET /messages HTTP/1.1" 200 26877 "http://meritokrat.org/messages" "Mozilla/5.0 (Windows; U; Windows NT 5.1; uk; rv:1.9.2.13) Gecko/20101203 Firefox/3.6.13 (.NET CLR 3.5.30729)"
::ffff:213.227.210.148 meritokrat.org - [05/Jan/2011:15:59:07 +0200] "GET /messages/view?id=25653 HTTP/1.1" 200 21041 "http://meritokrat.org/messages" "Mozilla/5.0 (X11; U; Linux x86_64; uk; rv:1.9.2.13) Gecko/20101206 Ubuntu/10.04 (lucid) Firefox/3.6.13"
::ffff:194.187.108.86 meritokrat.org - [05/Jan/2011:15:59:07 +0200] "GET /blogs HTTP/1.1" 200 29549 "http://meritokrat.org/blogs/index?tag=%D1%80%D0%B5%D0%BB%D1%96%D0%B3%D1%96%D1%8F" "Mozilla/5.0 (Windows; U; Windows NT 5.1; ru; rv:1.9.1.16) Gecko/20101130 Firefox/3.5.16"
::ffff:77.123.71.78 meritokrat.org - [05/Jan/2011:15:59:08 +0200] "HEAD /messages/view?id=19180 HTTP/1.1" 200 0 "-" "Mozilla/5.0 (Windows; U; Windows NT 5.1; uk; rv:1.9.2.13) Gecko/20101203 Firefox/3.6.13 (.NET CLR 3.5.30729)"
::ffff:213.227.210.148 meritokrat.org - [05/Jan/2011:15:59:09 +0200] "GET /messages HTTP/1.1" 200 27036 "http://meritokrat.org/messages/view?id=25667" "Mozilla/5.0 (X11; U; Linux x86_64; uk; rv:1.9.2.13) Gecko/20101206 Ubuntu/10.04 (lucid) Firefox/3.6.13"
::ffff:213.227.210.148 meritokrat.org - [05/Jan/2011:15:59:10 +0200] "GET /messages/view?id=25667 HTTP/1.1" 200 19935 "-" "Mozilla/5.0 (X11; U; Linux x86_64; uk; rv:1.9.2.13) Gecko/20101206 Ubuntu/10.04 (lucid) Firefox/3.6.13"
::ffff:95.69.185.20 meritokrat.org - [05/Jan/2011:15:59:20 +0200] "GET /profile-1931 HTTP/1.1" 200 30416 "http://meritokrat.org/profile-1931" "Opera/9.80 (Windows NT 6.1; U; ru) Presto/2.2.15 Version/10.10"
::ffff:77.123.71.78 meritokrat.org - [05/Jan/2011:15:59:20 +0200] "HEAD /messages/view?id=21657 HTTP/1.1" 200 0 "-" "Mozilla/5.0 (Windows; U; Windows NT 5.1; uk; rv:1.9.2.13) Gecko/20101203 Firefox/3.6.13 (.NET CLR 3.5.30729)"
::ffff:77.123.71.78 meritokrat.org - [05/Jan/2011:15:59:24 +0200] "GET /people HTTP/1.1" 200 39494 "http://meritokrat.org/messages" "Mozilla/5.0 (Windows; U; Windows NT 5.1; uk; rv:1.9.2.13) Gecko/20101203 Firefox/3.6.13 (.NET CLR 3.5.30729)"
::ffff:194.187.108.86 meritokrat.org - [05/Jan/2011:15:59:24 +0200] "GET /messages/view?id=25651 HTTP/1.1" 200 24311 "http://mail.google.com/a/bigmir.net/?ui=2&view=bsp&ver=ohhl4rw8mbn4" "Mozilla/5.0 (Windows; U; Windows NT 5.1; ru; rv:1.9.1.16) Gecko/20101130 Firefox/3.5.16"
::ffff:194.187.108.86 meritokrat.org - [05/Jan/2011:15:59:24 +0200] "GET /messages/view?id=25651 HTTP/1.1" 200 17751 "http://mail.google.com/a/bigmir.net/?ui=2&view=bsp&ver=ohhl4rw8mbn4" "Mozilla/5.0 (Windows; U; Windows NT 5.1; ru; rv:1.9.1.16) Gecko/20101130 Firefox/3.5.16"
::ffff:77.123.71.78 meritokrat.org - [05/Jan/2011:15:59:24 +0200] "GET /people HTTP/1.1" 200 34901 "http://meritokrat.org/messages" "Mozilla/5.0 (Windows; U; Windows NT 5.1; uk; rv:1.9.2.13) Gecko/20101203 Firefox/3.6.13 (.NET CLR 3.5.30729)"
::ffff:77.123.71.78 meritokrat.org - [05/Jan/2011:15:59:24 +0200] "GET /static/images/icons/down_icon.png HTTP/1.1" 200 160 "http://meritokrat.org/people" "Mozilla/5.0 (Windows; U; Windows NT 5.1; uk; rv:1.9.2.13) Gecko/20101203 Firefox/3.6.13 (.NET CLR 3.5.30729)"
::ffff:194.187.108.86 s1.meritokrat.org - [05/Jan/2011:15:59:25 +0200] "GET /module_ooops.js?1 HTTP/1.1" 200 84 "http://meritokrat.org/messages/view?id=25651" "Mozilla/5.0 (Windows; U; Windows NT 5.1; ru; rv:1.9.1.16) Gecko/20101130 Firefox/3.5.16"
::ffff:77.123.71.78 meritokrat.org - [05/Jan/2011:15:59:25 +0200] "GET /static/images/icons/up_icon.png HTTP/1.1" 200 160 "http://meritokrat.org/people" "Mozilla/5.0 (Windows; U; Windows NT 5.1; uk; rv:1.9.2.13) Gecko/20101203 Firefox/3.6.13 (.NET CLR 3.5.30729)"
::ffff:77.123.71.78 image.meritokrat.org - [05/Jan/2011:15:59:25 +0200] "GET /t/user/1931bb8d74f6.jpg HTTP/1.1" 200 9080 "http://meritokrat.org/people" "Mozilla/5.0 (Windows; U; Windows NT 5.1; uk; rv:1.9.2.13) Gecko/20101203 Firefox/3.6.13 (.NET CLR 3.5.30729)"
::ffff:77.123.71.78 image.meritokrat.org - [05/Jan/2011:15:59:25 +0200] "GET /t/user/13679b82ad06.jpg HTTP/1.1" 200 15776 "http://meritokrat.org/people" "Mozilla/5.0 (Windows; U; Windows NT 5.1; uk; rv:1.9.2.13) Gecko/20101203 Firefox/3.6.13 (.NET CLR 3.5.30729)"
::ffff:77.123.71.78 image.meritokrat.org - [05/Jan/2011:15:59:25 +0200] "GET /t/user/29d6987c4d.jpg HTTP/1.1" 200 7272 "http://meritokrat.org/people" "Mozilla/5.0 (Windows; U; Windows NT 5.1; uk; rv:1.9.2.13) Gecko/20101203 Firefox/3.6.13 (.NET CLR 3.5.30729)"
::ffff:77.123.71.78 image.meritokrat.org - [05/Jan/2011:15:59:25 +0200] "GET /t/user/2546b272d19f.jpg HTTP/1.1" 200 8555 "http://meritokrat.org/people" "Mozilla/5.0 (Windows; U; Windows NT 5.1; uk; rv:1.9.2.13) Gecko/20101203 Firefox/3.6.13 (.NET CLR 3.5.30729)"
::ffff:77.123.71.78 image.meritokrat.org - [05/Jan/2011:15:59:25 +0200] "GET /t/user/225065aaa468.jpg HTTP/1.1" 200 14196 "http://meritokrat.org/people" "Mozilla/5.0 (Windows; U; Windows NT 5.1; uk; rv:1.9.2.13) Gecko/20101203 Firefox/3.6.13 (.NET CLR 3.5.30729)"
::ffff:77.123.71.78 image.meritokrat.org - [05/Jan/2011:15:59:25 +0200] "GET /t/user/1503bb996947.jpg HTTP/1.1" 200 2612 "http://meritokrat.org/people" "Mozilla/5.0 (Windows; U; Windows NT 5.1; uk; rv:1.9.2.13) Gecko/20101203 Firefox/3.6.13 (.NET CLR 3.5.30729)"
::ffff:77.123.71.78 image.meritokrat.org - [05/Jan/2011:15:59:25 +0200] "GET /t/user/43917a32605.jpg HTTP/1.1" 200 21101 "http://meritokrat.org/people" "Mozilla/5.0 (Windows; U; Windows NT 5.1; uk; rv:1.9.2.13) Gecko/20101203 Firefox/3.6.13 (.NET CLR 3.5.30729)"
::ffff:77.123.71.78 image.meritokrat.org - [05/Jan/2011:15:59:25 +0200] "GET /t/user/461572cc4bec.jpg HTTP/1.1" 200 2199 "http://meritokrat.org/people" "Mozilla/5.0 (Windows; U; Windows NT 5.1; uk; rv:1.9.2.13) Gecko/20101203 Firefox/3.6.13 (.NET CLR 3.5.30729)"
::ffff:77.123.71.78 image.meritokrat.org - [05/Jan/2011:15:59:25 +0200] "GET /t/user/1455f7500f91.jpg HTTP/1.1" 200 69404 "http://meritokrat.org/people" "Mozilla/5.0 (Windows; U; Windows NT 5.1; uk; rv:1.9.2.13) Gecko/20101203 Firefox/3.6.13 (.NET CLR 3.5.30729)"
::ffff:77.123.71.78 image.meritokrat.org - [05/Jan/2011:15:59:25 +0200] "GET /t/user/461381d02b29.jpg HTTP/1.1" 200 63100 "http://meritokrat.org/people" "Mozilla/5.0 (Windows; U; Windows NT 5.1; uk; rv:1.9.2.13) Gecko/20101203 Firefox/3.6.13 (.NET CLR 3.5.30729)"
::ffff:213.227.210.148 meritokrat.org - [05/Jan/2011:15:59:28 +0200] "GET /messages HTTP/1.1" 200 27036 "http://meritokrat.org/messages/view?id=25667" "Mozilla/5.0 (X11; U; Linux x86_64; uk; rv:1.9.2.13) Gecko/20101206 Ubuntu/10.04 (lucid) Firefox/3.6.13"
::ffff:95.69.185.20 meritokrat.org - [05/Jan/2011:15:59:33 +0200] "GET /people HTTP/1.1" 200 34915 "http://meritokrat.org/profile-1931" "Opera/9.80 (Windows NT 6.1; U; ru) Presto/2.2.15 Version/10.10"
::ffff:77.123.71.78 meritokrat.org - [05/Jan/2011:15:59:34 +0200] "GET /profile-2250 HTTP/1.1" 200 24411 "http://meritokrat.org/people" "Mozilla/5.0 (Windows; U; Windows NT 5.1; uk; rv:1.9.2.13) Gecko/20101203 Firefox/3.6.13 (.NET CLR 3.5.30729)"
::ffff:91.214.16.58 meritokrat.org - [05/Jan/2011:15:59:34 +0200] "GET /blogpost384 HTTP/1.1" 200 117173 "http://meritokrat.org/blog-5?page=2" "Mozilla/4.0 (compatible; MSIE 8.0; Windows NT 6.1; WOW64; Trident/4.0; SLCC2; .NET CLR 2.0.50727; .NET CLR 3.5.30729; .NET CLR 3.0.30729; Media Center PC 6.0; InfoPath.2)"
::ffff:178.95.108.121 meritokrat.org - [05/Jan/2011:15:59:34 +0200] "GET /polls HTTP/1.1" 200 25121 "http://meritokrat.org/blogpost593" "Mozilla/5.0 (Windows; U; Windows NT 6.1; en-US) AppleWebKit/534.10 (KHTML, like Gecko) Chrome/8.0.552.224 Safari/534.10"
::ffff:178.95.108.121 image.meritokrat.org - [05/Jan/2011:15:59:34 +0200] "GET /s/user/461572cc4bec.jpg HTTP/1.1" 200 1466 "http://meritokrat.org/polls" "Mozilla/5.0 (Windows; U; Windows NT 6.1; en-US) AppleWebKit/534.10 (KHTML, like Gecko) Chrome/8.0.552.224 Safari/534.10"
::ffff:178.95.108.121 image.meritokrat.org - [05/Jan/2011:15:59:34 +0200] "GET /s/user/4579e2ede2d4.jpg HTTP/1.1" 200 2677 "http://meritokrat.org/polls" "Mozilla/5.0 (Windows; U; Windows NT 6.1; en-US) AppleWebKit/534.10 (KHTML, like Gecko) Chrome/8.0.552.224 Safari/534.10"
::ffff:91.214.16.58 meritokrat.org - [05/Jan/2011:15:59:35 +0200] "GET /static/javascript/jquery/jquery.ui.core.js HTTP/1.1" 304 0 "http://meritokrat.org/blogpost384" "Mozilla/4.0 (compatible; MSIE 8.0; Windows NT 6.1; WOW64; Trident/4.0; SLCC2; .NET CLR 2.0.50727; .NET CLR 3.5.30729; .NET CLR 3.0.30729; Media Center PC 6.0; InfoPath.2)"
::ffff:91.214.16.58 meritokrat.org - [05/Jan/2011:15:59:35 +0200] "GET /static/javascript/jquery/selects.js HTTP/1.1" 304 0 "http://meritokrat.org/blogpost384" "Mozilla/4.0 (compatible; MSIE 8.0; Windows NT 6.1; WOW64; Trident/4.0; SLCC2; .NET CLR 2.0.50727; .NET CLR 3.5.30729; .NET CLR 3.0.30729; Media Center PC 6.0; InfoPath.2)"
::ffff:91.214.16.58 meritokrat.org - [05/Jan/2011:15:59:35 +0200] "GET /static/javascript/jquery/jquery.ui.widget.js HTTP/1.1" 304 0 "http://meritokrat.org/blogpost384" "Mozilla/4.0 (compatible; MSIE 8.0; Windows NT 6.1; WOW64; Trident/4.0; SLCC2; .NET CLR 2.0.50727; .NET CLR 3.5.30729; .NET CLR 3.0.30729; Media Center PC 6.0; InfoPath.2)"
::ffff:91.214.16.58 meritokrat.org - [05/Jan/2011:15:59:35 +0200] "GET /static/javascript/jquery/jquery-1.4.2.js HTTP/1.1" 304 0 "http://meritokrat.org/blogpost384" "Mozilla/4.0 (compatible; MSIE 8.0; Windows NT 6.1; WOW64; Trident/4.0; SLCC2; .NET CLR 2.0.50727; .NET CLR 3.5.30729; .NET CLR 3.0.30729; Media Center PC 6.0; InfoPath.2)"
::ffff:91.214.16.58 meritokrat.org - [05/Jan/2011:15:59:35 +0200] "GET /static/javascript/jquery/css/jquery.ui.all.css HTTP/1.1" 304 0 "http://meritokrat.org/blogpost384" "Mozilla/4.0 (compatible; MSIE 8.0; Windows NT 6.1; WOW64; Trident/4.0; SLCC2; .NET CLR 2.0.50727; .NET CLR 3.5.30729; .NET CLR 3.0.30729; Media Center PC 6.0; InfoPath.2)"
::ffff:91.214.16.58 meritokrat.org - [05/Jan/2011:15:59:35 +0200] "GET /static/javascript/jquery/css/jquery.ui.base.css HTTP/1.1" 304 0 "http://meritokrat.org/blogpost384" "Mozilla/4.0 (compatible; MSIE 8.0; Windows NT 6.1; WOW64; Trident/4.0; SLCC2; .NET CLR 2.0.50727; .NET CLR 3.5.30729; .NET CLR 3.0.30729; Media Center PC 6.0; InfoPath.2)"
::ffff:91.214.16.58 meritokrat.org - [05/Jan/2011:15:59:36 +0200] "GET /static/javascript/jquery/css/jquery.ui.theme.css HTTP/1.1" 304 0 "http://meritokrat.org/blogpost384" "Mozilla/4.0 (compatible; MSIE 8.0; Windows NT 6.1; WOW64; Trident/4.0; SLCC2; .NET CLR 2.0.50727; .NET CLR 3.5.30729; .NET CLR 3.0.30729; Media Center PC 6.0; InfoPath.2)"
::ffff:91.214.16.58 meritokrat.org - [05/Jan/2011:15:59:36 +0200] "GET /static/javascript/jquery/css/jquery.ui.accordion.css HTTP/1.1" 304 0 "http://meritokrat.org/blogpost384" "Mozilla/4.0 (compatible; MSIE 8.0; Windows NT 6.1; WOW64; Trident/4.0; SLCC2; .NET CLR 2.0.50727; .NET CLR 3.5.30729; .NET CLR 3.0.30729; Media Center PC 6.0; InfoPath.2)"
::ffff:91.214.16.58 meritokrat.org - [05/Jan/2011:15:59:36 +0200] "GET /static/javascript/jquery/css/jquery.ui.core.css HTTP/1.1" 304 0 "http://meritokrat.org/blogpost384" "Mozilla/4.0 (compatible; MSIE 8.0; Windows NT 6.1; WOW64; Trident/4.0; SLCC2; .NET CLR 2.0.50727; .NET CLR 3.5.30729; .NET CLR 3.0.30729; Media Center PC 6.0; InfoPath.2)"
::ffff:91.214.16.58 meritokrat.org - [05/Jan/2011:15:59:36 +0200] "GET /static/javascript/jquery/css/jquery.ui.datepicker.css HTTP/1.1" 304 0 "http://meritokrat.org/blogpost384" "Mozilla/4.0 (compatible; MSIE 8.0; Windows NT 6.1; WOW64; Trident/4.0; SLCC2; .NET CLR 2.0.50727; .NET CLR 3.5.30729; .NET CLR 3.0.30729; Media Center PC 6.0; InfoPath.2)"
::ffff:91.214.16.58 meritokrat.org - [05/Jan/2011:15:59:36 +0200] "GET /static/javascript/jquery/css/jquery.ui.dialog.css HTTP/1.1" 304 0 "http://meritokrat.org/blogpost384" "Mozilla/4.0 (compatible; MSIE 8.0; Windows NT 6.1; WOW64; Trident/4.0; SLCC2; .NET CLR 2.0.50727; .NET CLR 3.5.30729; .NET CLR 3.0.30729; Media Center PC 6.0; InfoPath.2)"
::ffff:91.214.16.58 meritokrat.org - [05/Jan/2011:15:59:36 +0200] "GET /static/javascript/jquery/css/jquery.ui.autocomplete.css HTTP/1.1" 304 0 "http://meritokrat.org/blogpost384" "Mozilla/4.0 (compatible; MSIE 8.0; Windows NT 6.1; WOW64; Trident/4.0; SLCC2; .NET CLR 2.0.50727; .NET CLR 3.5.30729; .NET CLR 3.0.30729; Media Center PC 6.0; InfoPath.2)"
::ffff:91.214.16.58 meritokrat.org - [05/Jan/2011:15:59:36 +0200] "GET /static/javascript/jquery/css/jquery.ui.button.css HTTP/1.1" 304 0 "http://meritokrat.org/blogpost384" "Mozilla/4.0 (compatible; MSIE 8.0; Windows NT 6.1; WOW64; Trident/4.0; SLCC2; .NET CLR 2.0.50727; .NET CLR 3.5.30729; .NET CLR 3.0.30729; Media Center PC 6.0; InfoPath.2)"
::ffff:91.214.16.58 meritokrat.org - [05/Jan/2011:15:59:36 +0200] "GET /static/javascript/jquery/css/jquery.ui.resizable.css HTTP/1.1" 304 0 "http://meritokrat.org/blogpost384" "Mozilla/4.0 (compatible; MSIE 8.0; Windows NT 6.1; WOW64; Trident/4.0; SLCC2; .NET CLR 2.0.50727; .NET CLR 3.5.30729; .NET CLR 3.0.30729; Media Center PC 6.0; InfoPath.2)"
::ffff:91.214.16.58 meritokrat.org - [05/Jan/2011:15:59:36 +0200] "GET /static/javascript/jquery/css/jquery.ui.slider.css HTTP/1.1" 304 0 "http://meritokrat.org/blogpost384" "Mozilla/4.0 (compatible; MSIE 8.0; Windows NT 6.1; WOW64; Trident/4.0; SLCC2; .NET CLR 2.0.50727; .NET CLR 3.5.30729; .NET CLR 3.0.30729; Media Center PC 6.0; InfoPath.2)"
::ffff:91.214.16.58 meritokrat.org - [05/Jan/2011:15:59:36 +0200] "GET /static/javascript/jquery/css/jquery.ui.selectable.css HTTP/1.1" 304 0 "http://meritokrat.org/blogpost384" "Mozilla/4.0 (compatible; MSIE 8.0; Windows NT 6.1; WOW64; Trident/4.0; SLCC2; .NET CLR 2.0.50727; .NET CLR 3.5.30729; .NET CLR 3.0.30729; Media Center PC 6.0; InfoPath.2)"
::ffff:91.214.16.58 meritokrat.org - [05/Jan/2011:15:59:36 +0200] "GET /static/javascript/jquery/css/jquery.ui.tabs.css HTTP/1.1" 304 0 "http://meritokrat.org/blogpost384" "Mozilla/4.0 (compatible; MSIE 8.0; Windows NT 6.1; WOW64; Trident/4.0; SLCC2; .NET CLR 2.0.50727; .NET CLR 3.5.30729; .NET CLR 3.0.30729; Media Center PC 6.0; InfoPath.2)"
::ffff:91.214.16.58 meritokrat.org - [05/Jan/2011:15:59:36 +0200] "GET /static/javascript/jquery/css/jquery.ui.progressbar.css HTTP/1.1" 304 0 "http://meritokrat.org/blogpost384" "Mozilla/4.0 (compatible; MSIE 8.0; Windows NT 6.1; WOW64; Trident/4.0; SLCC2; .NET CLR 2.0.50727; .NET CLR 3.5.30729; .NET CLR 3.0.30729; Media Center PC 6.0; InfoPath.2)"
::ffff:91.214.16.58 meritokrat.org - [05/Jan/2011:15:59:36 +0200] "GET /static/images/logos/logo2.png HTTP/1.1" 304 0 "http://meritokrat.org/blogpost384" "Mozilla/4.0 (compatible; MSIE 8.0; Windows NT 6.1; WOW64; Trident/4.0; SLCC2; .NET CLR 2.0.50727; .NET CLR 3.5.30729; .NET CLR 3.0.30729; Media Center PC 6.0; InfoPath.2)"
::ffff:91.214.16.58 meritokrat.org - [05/Jan/2011:15:59:36 +0200] "GET /static/images/logos/logo.png HTTP/1.1" 304 0 "http://meritokrat.org/blogpost384" "Mozilla/4.0 (compatible; MSIE 8.0; Windows NT 6.1; WOW64; Trident/4.0; SLCC2; .NET CLR 2.0.50727; .NET CLR 3.5.30729; .NET CLR 3.0.30729; Media Center PC 6.0; InfoPath.2)"
::ffff:91.214.16.58 meritokrat.org - [05/Jan/2011:15:59:36 +0200] "GET /static/images/icons/snow1.png HTTP/1.1" 304 0 "http://meritokrat.org/blogpost384" "Mozilla/4.0 (compatible; MSIE 8.0; Windows NT 6.1; WOW64; Trident/4.0; SLCC2; .NET CLR 2.0.50727; .NET CLR 3.5.30729; .NET CLR 3.0.30729; Media Center PC 6.0; InfoPath.2)"
::ffff:91.214.16.58 meritokrat.org - [05/Jan/2011:15:59:36 +0200] "GET /static/images/icons/snow2.png HTTP/1.1" 304 0 "http://meritokrat.org/blogpost384" "Mozilla/4.0 (compatible; MSIE 8.0; Windows NT 6.1; WOW64; Trident/4.0; SLCC2; .NET CLR 2.0.50727; .NET CLR 3.5.30729; .NET CLR 3.0.30729; Media Center PC 6.0; InfoPath.2)"
::ffff:91.214.16.58 meritokrat.org - [05/Jan/2011:15:59:36 +0200] "GET /static/images/icons/print.gif HTTP/1.1" 304 0 "http://meritokrat.org/blogpost384" "Mozilla/4.0 (compatible; MSIE 8.0; Windows NT 6.1; WOW64; Trident/4.0; SLCC2; .NET CLR 2.0.50727; .NET CLR 3.5.30729; .NET CLR 3.0.30729; Media Center PC 6.0; InfoPath.2)"
::ffff:91.214.16.58 meritokrat.org - [05/Jan/2011:15:59:36 +0200] "GET /static/images/common/bg-header.jpg HTTP/1.1" 304 0 "http://meritokrat.org/blogpost384" "Mozilla/4.0 (compatible; MSIE 8.0; Windows NT 6.1; WOW64; Trident/4.0; SLCC2; .NET CLR 2.0.50727; .NET CLR 3.5.30729; .NET CLR 3.0.30729; Media Center PC 6.0; InfoPath.2)"
::ffff:91.214.16.58 meritokrat.org - [05/Jan/2011:15:59:36 +0200] "GET /static/images/common/user_online.png HTTP/1.1" 304 0 "http://meritokrat.org/blogpost384" "Mozilla/4.0 (compatible; MSIE 8.0; Windows NT 6.1; WOW64; Trident/4.0; SLCC2; .NET CLR 2.0.50727; .NET CLR 3.5.30729; .NET CLR 3.0.30729; Media Center PC 6.0; InfoPath.2)"
::ffff:91.214.16.58 meritokrat.org - [05/Jan/2011:15:59:36 +0200] "GET /static/images/common/vacancies.gif HTTP/1.1" 304 0 "http://meritokrat.org/blogpost384" "Mozilla/4.0 (compatible; MSIE 8.0; Windows NT 6.1; WOW64; Trident/4.0; SLCC2; .NET CLR 2.0.50727; .NET CLR 3.5.30729; .NET CLR 3.0.30729; Media Center PC 6.0; InfoPath.2)"
::ffff:91.214.16.58 meritokrat.org - [05/Jan/2011:15:59:36 +0200] "GET /static/images/common/broshures.gif HTTP/1.1" 304 0 "http://meritokrat.org/blogpost384" "Mozilla/4.0 (compatible; MSIE 8.0; Windows NT 6.1; WOW64; Trident/4.0; SLCC2; .NET CLR 2.0.50727; .NET CLR 3.5.30729; .NET CLR 3.0.30729; Media Center PC 6.0; InfoPath.2)"
::ffff:91.214.16.58 image.meritokrat.org - [05/Jan/2011:15:59:36 +0200] "GET /s/user/225447d30338.jpg HTTP/1.1" 200 2163 "http://meritokrat.org/blogpost384" "Mozilla/4.0 (compatible; MSIE 8.0; Windows NT 6.1; WOW64; Trident/4.0; SLCC2; .NET CLR 2.0.50727; .NET CLR 3.5.30729; .NET CLR 3.0.30729; Media Center PC 6.0; InfoPath.2)"
::ffff:91.214.16.58 image.meritokrat.org - [05/Jan/2011:15:59:36 +0200] "GET /s/user/47a9dc2aa1.jpg HTTP/1.1" 200 5138 "http://meritokrat.org/blogpost384" "Mozilla/4.0 (compatible; MSIE 8.0; Windows NT 6.1; WOW64; Trident/4.0; SLCC2; .NET CLR 2.0.50727; .NET CLR 3.5.30729; .NET CLR 3.0.30729; Media Center PC 6.0; InfoPath.2)"
::ffff:91.214.16.58 meritokrat.org - [05/Jan/2011:15:59:36 +0200] "GET /static/images/common/meritokratia.png HTTP/1.1" 304 0 "http://meritokrat.org/blogpost384" "Mozilla/4.0 (compatible; MSIE 8.0; Windows NT 6.1; WOW64; Trident/4.0; SLCC2; .NET CLR 2.0.50727; .NET CLR 3.5.30729; .NET CLR 3.0.30729; Media Center PC 6.0; InfoPath.2)"
::ffff:91.214.16.58 meritokrat.org - [05/Jan/2011:15:59:36 +0200] "GET /static/images/common/desktop_small.gif HTTP/1.1" 304 0 "http://meritokrat.org/blogpost384" "Mozilla/4.0 (compatible; MSIE 8.0; Windows NT 6.1; WOW64; Trident/4.0; SLCC2; .NET CLR 2.0.50727; .NET CLR 3.5.30729; .NET CLR 3.0.30729; Media Center PC 6.0; InfoPath.2)"
::ffff:91.214.16.58 meritokrat.org - [05/Jan/2011:15:59:37 +0200] "GET /static/images/common/avto.jpg HTTP/1.1" 304 0 "http://meritokrat.org/blogpost384" "Mozilla/4.0 (compatible; MSIE 8.0; Windows NT 6.1; WOW64; Trident/4.0; SLCC2; .NET CLR 2.0.50727; .NET CLR 3.5.30729; .NET CLR 3.0.30729; Media Center PC 6.0; InfoPath.2)"
::ffff:91.214.16.58 meritokrat.org - [05/Jan/2011:15:59:37 +0200] "GET /static/images/common/banner_ogoloshennya.gif HTTP/1.1" 304 0 "http://meritokrat.org/blogpost384" "Mozilla/4.0 (compatible; MSIE 8.0; Windows NT 6.1; WOW64; Trident/4.0; SLCC2; .NET CLR 2.0.50727; .NET CLR 3.5.30729; .NET CLR 3.0.30729; Media Center PC 6.0; InfoPath.2)"
::ffff:91.214.16.58 meritokrat.org - [05/Jan/2011:15:59:37 +0200] "GET /static/images/common/bg-footer.png HTTP/1.1" 304 0 "http://meritokrat.org/blogpost384" "Mozilla/4.0 (compatible; MSIE 8.0; Windows NT 6.1; WOW64; Trident/4.0; SLCC2; .NET CLR 2.0.50727; .NET CLR 3.5.30729; .NET CLR 3.0.30729; Media Center PC 6.0; InfoPath.2)"
::ffff:91.214.16.58 meritokrat.org - [05/Jan/2011:15:59:37 +0200] "GET /static/images/common/footer.png HTTP/1.1" 304 0 "http://meritokrat.org/blogpost384" "Mozilla/4.0 (compatible; MSIE 8.0; Windows NT 6.1; WOW64; Trident/4.0; SLCC2; .NET CLR 2.0.50727; .NET CLR 3.5.30729; .NET CLR 3.0.30729; Media Center PC 6.0; InfoPath.2)"
::ffff:91.214.16.58 image.meritokrat.org - [05/Jan/2011:15:59:37 +0200] "GET /s/user/220301148b7f.jpg HTTP/1.1" 200 14581 "http://meritokrat.org/blogpost384" "Mozilla/4.0 (compatible; MSIE 8.0; Windows NT 6.1; WOW64; Trident/4.0; SLCC2; .NET CLR 2.0.50727; .NET CLR 3.5.30729; .NET CLR 3.0.30729; Media Center PC 6.0; InfoPath.2)"
::ffff:91.214.16.58 image.meritokrat.org - [05/Jan/2011:15:59:37 +0200] "GET /s/user/230473929.jpg HTTP/1.1" 200 21200 "http://meritokrat.org/blogpost384" "Mozilla/4.0 (compatible; MSIE 8.0; Windows NT 6.1; WOW64; Trident/4.0; SLCC2; .NET CLR 2.0.50727; .NET CLR 3.5.30729; .NET CLR 3.0.30729; Media Center PC 6.0; InfoPath.2)"
::ffff:95.69.185.20 image.meritokrat.org - [05/Jan/2011:15:59:37 +0200] "GET /s/group/69ef501d0c.jpg HTTP/1.1" 200 1834 "http://meritokrat.org/profile-1455" "Opera/9.80 (Windows NT 6.1; U; ru) Presto/2.2.15 Version/10.10"
::ffff:95.69.185.20 meritokrat.org - [05/Jan/2011:15:59:37 +0200] "GET /profile-1455 HTTP/1.1" 200 35179 "http://meritokrat.org/people" "Opera/9.80 (Windows NT 6.1; U; ru) Presto/2.2.15 Version/10.10"
::ffff:95.69.185.20 image.meritokrat.org - [05/Jan/2011:15:59:38 +0200] "GET /p/user/1455f7500f91.jpg HTTP/1.1" 200 80697 "http://meritokrat.org/profile-1455" "Opera/9.80 (Windows NT 6.1; U; ru) Presto/2.2.15 Version/10.10"
::ffff:178.95.108.121 image.meritokrat.org - [05/Jan/2011:15:59:41 +0200] "GET /t/user/461572cc4bec.jpg HTTP/1.1" 200 2199 "http://meritokrat.org/poll159" "Mozilla/5.0 (Windows; U; Windows NT 6.1; en-US) AppleWebKit/534.10 (KHTML, like Gecko) Chrome/8.0.552.224 Safari/534.10"
::ffff:178.95.108.121 meritokrat.org - [05/Jan/2011:15:59:41 +0200] "GET /poll159 HTTP/1.1" 200 20488 "http://meritokrat.org/polls" "Mozilla/5.0 (Windows; U; Windows NT 6.1; en-US) AppleWebKit/534.10 (KHTML, like Gecko) Chrome/8.0.552.224 Safari/534.10"
::ffff:77.123.71.78 meritokrat.org - [05/Jan/2011:15:59:41 +0200] "GET /people HTTP/1.1" 200 34917 "http://meritokrat.org/messages" "Mozilla/5.0 (Windows; U; Windows NT 5.1; uk; rv:1.9.2.13) Gecko/20101203 Firefox/3.6.13 (.NET CLR 3.5.30729)"
::ffff:77.123.71.78 image.meritokrat.org - [05/Jan/2011:15:59:42 +0200] "GET /t/user/414910ea875e.jpg HTTP/1.1" 200 21814 "http://meritokrat.org/people" "Mozilla/5.0 (Windows; U; Windows NT 5.1; uk; rv:1.9.2.13) Gecko/20101203 Firefox/3.6.13 (.NET CLR 3.5.30729)"
::ffff:194.187.108.86 meritokrat.org - [05/Jan/2011:15:59:49 +0200] "GET /messages HTTP/1.1" 200 28768 "http://meritokrat.org/blogs" "Mozilla/5.0 (Windows; U; Windows NT 5.1; ru; rv:1.9.1.16) Gecko/20101130 Firefox/3.5.16"
::ffff:178.95.108.121 meritokrat.org - [05/Jan/2011:15:59:50 +0200] "POST /polls/vote HTTP/1.1" 200 12 "http://meritokrat.org/poll159" "Mozilla/5.0 (Windows; U; Windows NT 6.1; en-US) AppleWebKit/534.10 (KHTML, like Gecko) Chrome/8.0.552.224 Safari/534.10"
::ffff:178.95.108.121 meritokrat.org - [05/Jan/2011:15:59:50 +0200] "GET /static/javascript/jquery/jquery-1.4.2.js HTTP/1.1" 304 0 "http://meritokrat.org/poll159" "Mozilla/5.0 (Windows; U; Windows NT 6.1; en-US) AppleWebKit/534.10 (KHTML, like Gecko) Chrome/8.0.552.224 Safari/534.10"
::ffff:178.95.108.121 meritokrat.org - [05/Jan/2011:15:59:50 +0200] "GET /static/javascript/jquery/jquery.ui.core.js HTTP/1.1" 304 0 "http://meritokrat.org/poll159" "Mozilla/5.0 (Windows; U; Windows NT 6.1; en-US) AppleWebKit/534.10 (KHTML, like Gecko) Chrome/8.0.552.224 Safari/534.10"
::ffff:178.95.108.121 s1.meritokrat.org - [05/Jan/2011:15:59:50 +0200] "GET /system.css?1 HTTP/1.1" 304 0 "http://meritokrat.org/poll159" "Mozilla/5.0 (Windows; U; Windows NT 6.1; en-US) AppleWebKit/534.10 (KHTML, like Gecko) Chrome/8.0.552.224 Safari/534.10"
::ffff:178.95.108.121 meritokrat.org - [05/Jan/2011:15:59:50 +0200] "GET /static/javascript/jquery/css/jquery.ui.all.css HTTP/1.1" 304 0 "http://meritokrat.org/poll159" "Mozilla/5.0 (Windows; U; Windows NT 6.1; en-US) AppleWebKit/534.10 (KHTML, like Gecko) Chrome/8.0.552.224 Safari/534.10"
::ffff:178.95.108.121 meritokrat.org - [05/Jan/2011:15:59:50 +0200] "GET /static/javascript/jquery/selects.js HTTP/1.1" 304 0 "http://meritokrat.org/poll159" "Mozilla/5.0 (Windows; U; Windows NT 6.1; en-US) AppleWebKit/534.10 (KHTML, like Gecko) Chrome/8.0.552.224 Safari/534.10"
::ffff:178.95.108.121 meritokrat.org - [05/Jan/2011:15:59:50 +0200] "GET /static/javascript/jquery/jquery.ui.widget.js HTTP/1.1" 304 0 "http://meritokrat.org/poll159" "Mozilla/5.0 (Windows; U; Windows NT 6.1; en-US) AppleWebKit/534.10 (KHTML, like Gecko) Chrome/8.0.552.224 Safari/534.10"
::ffff:178.95.108.121 meritokrat.org - [05/Jan/2011:15:59:50 +0200] "GET /poll159 HTTP/1.1" 200 19964 "http://meritokrat.org/poll159" "Mozilla/5.0 (Windows; U; Windows NT 6.1; en-US) AppleWebKit/534.10 (KHTML, like Gecko) Chrome/8.0.552.224 Safari/534.10"
::ffff:178.95.108.121 meritokrat.org - [05/Jan/2011:15:59:50 +0200] "GET /static/javascript/jquery/css/jquery.ui.base.css HTTP/1.1" 304 0 "http://meritokrat.org/poll159" "Mozilla/5.0 (Windows; U; Windows NT 6.1; en-US) AppleWebKit/534.10 (KHTML, like Gecko) Chrome/8.0.552.224 Safari/534.10"
::ffff:178.95.108.121 meritokrat.org - [05/Jan/2011:15:59:50 +0200] "GET /static/javascript/jquery/css/jquery.ui.theme.css HTTP/1.1" 304 0 "http://meritokrat.org/poll159" "Mozilla/5.0 (Windows; U; Windows NT 6.1; en-US) AppleWebKit/534.10 (KHTML, like Gecko) Chrome/8.0.552.224 Safari/534.10"
::ffff:178.95.108.121 meritokrat.org - [05/Jan/2011:15:59:50 +0200] "GET /static/javascript/jquery/css/jquery.ui.core.css HTTP/1.1" 304 0 "http://meritokrat.org/poll159" "Mozilla/5.0 (Windows; U; Windows NT 6.1; en-US) AppleWebKit/534.10 (KHTML, like Gecko) Chrome/8.0.552.224 Safari/534.10"
::ffff:178.95.108.121 meritokrat.org - [05/Jan/2011:15:59:50 +0200] "GET /static/javascript/jquery/css/jquery.ui.accordion.css HTTP/1.1" 304 0 "http://meritokrat.org/poll159" "Mozilla/5.0 (Windows; U; Windows NT 6.1; en-US) AppleWebKit/534.10 (KHTML, like Gecko) Chrome/8.0.552.224 Safari/534.10"
::ffff:178.95.108.121 meritokrat.org - [05/Jan/2011:15:59:50 +0200] "GET /static/javascript/jquery/css/jquery.ui.autocomplete.css HTTP/1.1" 304 0 "http://meritokrat.org/poll159" "Mozilla/5.0 (Windows; U; Windows NT 6.1; en-US) AppleWebKit/534.10 (KHTML, like Gecko) Chrome/8.0.552.224 Safari/534.10"
::ffff:178.95.108.121 meritokrat.org - [05/Jan/2011:15:59:50 +0200] "GET /static/javascript/jquery/css/jquery.ui.button.css HTTP/1.1" 304 0 "http://meritokrat.org/poll159" "Mozilla/5.0 (Windows; U; Windows NT 6.1; en-US) AppleWebKit/534.10 (KHTML, like Gecko) Chrome/8.0.552.224 Safari/534.10"
::ffff:178.95.108.121 meritokrat.org - [05/Jan/2011:15:59:50 +0200] "GET /static/javascript/jquery/css/jquery.ui.datepicker.css HTTP/1.1" 304 0 "http://meritokrat.org/poll159" "Mozilla/5.0 (Windows; U; Windows NT 6.1; en-US) AppleWebKit/534.10 (KHTML, like Gecko) Chrome/8.0.552.224 Safari/534.10"
::ffff:178.95.108.121 meritokrat.org - [05/Jan/2011:15:59:50 +0200] "GET /static/javascript/jquery/css/jquery.ui.dialog.css HTTP/1.1" 304 0 "http://meritokrat.org/poll159" "Mozilla/5.0 (Windows; U; Windows NT 6.1; en-US) AppleWebKit/534.10 (KHTML, like Gecko) Chrome/8.0.552.224 Safari/534.10"
::ffff:178.95.108.121 meritokrat.org - [05/Jan/2011:15:59:50 +0200] "GET /static/javascript/jquery/css/jquery.ui.progressbar.css HTTP/1.1" 304 0 "http://meritokrat.org/poll159" "Mozilla/5.0 (Windows; U; Windows NT 6.1; en-US) AppleWebKit/534.10 (KHTML, like Gecko) Chrome/8.0.552.224 Safari/534.10"
::ffff:178.95.108.121 meritokrat.org - [05/Jan/2011:15:59:50 +0200] "GET /static/javascript/jquery/css/jquery.ui.resizable.css HTTP/1.1" 304 0 "http://meritokrat.org/poll159" "Mozilla/5.0 (Windows; U; Windows NT 6.1; en-US) AppleWebKit/534.10 (KHTML, like Gecko) Chrome/8.0.552.224 Safari/534.10"
::ffff:178.95.108.121 meritokrat.org - [05/Jan/2011:15:59:51 +0200] "GET /static/javascript/jquery/css/jquery.ui.selectable.css HTTP/1.1" 304 0 "http://meritokrat.org/poll159" "Mozilla/5.0 (Windows; U; Windows NT 6.1; en-US) AppleWebKit/534.10 (KHTML, like Gecko) Chrome/8.0.552.224 Safari/534.10"
::ffff:178.95.108.121 meritokrat.org - [05/Jan/2011:15:59:51 +0200] "GET /static/javascript/jquery/css/jquery.ui.slider.css HTTP/1.1" 304 0 "http://meritokrat.org/poll159" "Mozilla/5.0 (Windows; U; Windows NT 6.1; en-US) AppleWebKit/534.10 (KHTML, like Gecko) Chrome/8.0.552.224 Safari/534.10"
::ffff:178.95.108.121 meritokrat.org - [05/Jan/2011:15:59:51 +0200] "GET /static/javascript/jquery/css/jquery.ui.tabs.css HTTP/1.1" 304 0 "http://meritokrat.org/poll159" "Mozilla/5.0 (Windows; U; Windows NT 6.1; en-US) AppleWebKit/534.10 (KHTML, like Gecko) Chrome/8.0.552.224 Safari/534.10"
::ffff:178.95.108.121 s1.meritokrat.org - [05/Jan/2011:15:59:51 +0200] "GET /icons/ua.png HTTP/1.1" 304 0 "http://meritokrat.org/poll159" "Mozilla/5.0 (Windows; U; Windows NT 6.1; en-US) AppleWebKit/534.10 (KHTML, like Gecko) Chrome/8.0.552.224 Safari/534.10"
::ffff:178.95.108.121 meritokrat.org - [05/Jan/2011:15:59:51 +0200] "GET /static/images/common/bg-header.jpg HTTP/1.1" 304 0 "http://meritokrat.org/poll159" "Mozilla/5.0 (Windows; U; Windows NT 6.1; en-US) AppleWebKit/534.10 (KHTML, like Gecko) Chrome/8.0.552.224 Safari/534.10"
::ffff:178.95.108.121 meritokrat.org - [05/Jan/2011:15:59:51 +0200] "GET /static/images/logos/logo.png HTTP/1.1" 304 0 "http://meritokrat.org/poll159" "Mozilla/5.0 (Windows; U; Windows NT 6.1; en-US) AppleWebKit/534.10 (KHTML, like Gecko) Chrome/8.0.552.224 Safari/534.10"
::ffff:178.95.108.121 meritokrat.org - [05/Jan/2011:15:59:51 +0200] "GET /static/images/logos/logo2.png HTTP/1.1" 304 0 "http://meritokrat.org/poll159" "Mozilla/5.0 (Windows; U; Windows NT 6.1; en-US) AppleWebKit/534.10 (KHTML, like Gecko) Chrome/8.0.552.224 Safari/534.10"
::ffff:178.95.108.121 meritokrat.org - [05/Jan/2011:15:59:51 +0200] "GET /static/images/icons/snow1.png HTTP/1.1" 304 0 "http://meritokrat.org/poll159" "Mozilla/5.0 (Windows; U; Windows NT 6.1; en-US) AppleWebKit/534.10 (KHTML, like Gecko) Chrome/8.0.552.224 Safari/534.10"
::ffff:178.95.108.121 meritokrat.org - [05/Jan/2011:15:59:51 +0200] "GET /static/images/icons/snow2.png HTTP/1.1" 304 0 "http://meritokrat.org/poll159" "Mozilla/5.0 (Windows; U; Windows NT 6.1; en-US) AppleWebKit/534.10 (KHTML, like Gecko) Chrome/8.0.552.224 Safari/534.10"
::ffff:178.95.108.121 meritokrat.org - [05/Jan/2011:15:59:51 +0200] "GET /static/images/common/user_online.png HTTP/1.1" 304 0 "http://meritokrat.org/poll159" "Mozilla/5.0 (Windows; U; Windows NT 6.1; en-US) AppleWebKit/534.10 (KHTML, like Gecko) Chrome/8.0.552.224 Safari/534.10"
::ffff:178.95.108.121 s1.meritokrat.org - [05/Jan/2011:15:59:51 +0200] "GET /system.js?1 HTTP/1.1" 304 0 "http://meritokrat.org/poll159" "Mozilla/5.0 (Windows; U; Windows NT 6.1; en-US) AppleWebKit/534.10 (KHTML, like Gecko) Chrome/8.0.552.224 Safari/534.10"
::ffff:178.95.108.121 image.meritokrat.org - [05/Jan/2011:15:59:51 +0200] "GET /t/user/461572cc4bec.jpg HTTP/1.1" 200 2199 "http://meritokrat.org/poll159" "Mozilla/5.0 (Windows; U; Windows NT 6.1; en-US) AppleWebKit/534.10 (KHTML, like Gecko) Chrome/8.0.552.224 Safari/534.10"
::ffff:178.95.108.121 meritokrat.org - [05/Jan/2011:15:59:51 +0200] "GET /static/images/common/vacancies.gif HTTP/1.1" 304 0 "http://meritokrat.org/poll159" "Mozilla/5.0 (Windows; U; Windows NT 6.1; en-US) AppleWebKit/534.10 (KHTML, like Gecko) Chrome/8.0.552.224 Safari/534.10"
::ffff:178.95.108.121 meritokrat.org - [05/Jan/2011:15:59:51 +0200] "GET /static/images/common/broshures.gif HTTP/1.1" 304 0 "http://meritokrat.org/poll159" "Mozilla/5.0 (Windows; U; Windows NT 6.1; en-US) AppleWebKit/534.10 (KHTML, like Gecko) Chrome/8.0.552.224 Safari/534.10"
::ffff:178.95.108.121 meritokrat.org - [05/Jan/2011:15:59:51 +0200] "GET /static/images/common/desktop_small.gif HTTP/1.1" 304 0 "http://meritokrat.org/poll159" "Mozilla/5.0 (Windows; U; Windows NT 6.1; en-US) AppleWebKit/534.10 (KHTML, like Gecko) Chrome/8.0.552.224 Safari/534.10"
::ffff:178.95.108.121 meritokrat.org - [05/Jan/2011:15:59:51 +0200] "GET /static/images/common/meritokratia.png HTTP/1.1" 304 0 "http://meritokrat.org/poll159" "Mozilla/5.0 (Windows; U; Windows NT 6.1; en-US) AppleWebKit/534.10 (KHTML, like Gecko) Chrome/8.0.552.224 Safari/534.10"
::ffff:178.95.108.121 meritokrat.org - [05/Jan/2011:15:59:51 +0200] "GET /static/images/common/avto.jpg HTTP/1.1" 304 0 "http://meritokrat.org/poll159" "Mozilla/5.0 (Windows; U; Windows NT 6.1; en-US) AppleWebKit/534.10 (KHTML, like Gecko) Chrome/8.0.552.224 Safari/534.10"
::ffff:178.95.108.121 meritokrat.org - [05/Jan/2011:15:59:51 +0200] "GET /static/images/common/banner_ogoloshennya.gif HTTP/1.1" 304 0 "http://meritokrat.org/poll159" "Mozilla/5.0 (Windows; U; Windows NT 6.1; en-US) AppleWebKit/534.10 (KHTML, like Gecko) Chrome/8.0.552.224 Safari/534.10"
::ffff:178.95.108.121 s1.meritokrat.org - [05/Jan/2011:15:59:51 +0200] "GET /module_polls.js?1 HTTP/1.1" 304 0 "http://meritokrat.org/poll159" "Mozilla/5.0 (Windows; U; Windows NT 6.1; en-US) AppleWebKit/534.10 (KHTML, like Gecko) Chrome/8.0.552.224 Safari/534.10"
::ffff:178.95.108.121 s1.meritokrat.org - [05/Jan/2011:15:59:51 +0200] "GET /icons/ru-2.png HTTP/1.1" 304 0 "http://meritokrat.org/poll159" "Mozilla/5.0 (Windows; U; Windows NT 6.1; en-US) AppleWebKit/534.10 (KHTML, like Gecko) Chrome/8.0.552.224 Safari/534.10"
::ffff:178.95.108.121 s1.meritokrat.org - [05/Jan/2011:15:59:51 +0200] "GET /common/box_head.gif HTTP/1.1" 304 0 "http://meritokrat.org/poll159" "Mozilla/5.0 (Windows; U; Windows NT 6.1; en-US) AppleWebKit/534.10 (KHTML, like Gecko) Chrome/8.0.552.224 Safari/534.10"
::ffff:178.95.108.121 image.meritokrat.org - [05/Jan/2011:15:59:51 +0200] "GET /b/banners/ad0b3b1d31.jpg HTTP/1.1" 200 9389 "http://meritokrat.org/poll159" "Mozilla/5.0 (Windows; U; Windows NT 6.1; en-US) AppleWebKit/534.10 (KHTML, like Gecko) Chrome/8.0.552.224 Safari/534.10"
::ffff:178.95.108.121 s1.meritokrat.org - [05/Jan/2011:15:59:51 +0200] "GET /common/share-g.png HTTP/1.1" 304 0 "http://meritokrat.org/poll159" "Mozilla/5.0 (Windows; U; Windows NT 6.1; en-US) AppleWebKit/534.10 (KHTML, like Gecko) Chrome/8.0.552.224 Safari/534.10"
::ffff:178.95.108.121 s1.meritokrat.org - [05/Jan/2011:15:59:51 +0200] "GET /common/bookmark-g.png HTTP/1.1" 304 0 "http://meritokrat.org/poll159" "Mozilla/5.0 (Windows; U; Windows NT 6.1; en-US) AppleWebKit/534.10 (KHTML, like Gecko) Chrome/8.0.552.224 Safari/534.10"
::ffff:178.95.108.121 image.meritokrat.org - [05/Jan/2011:15:59:51 +0200] "GET /b/banners/a42aad3406.jpg HTTP/1.1" 200 2777 "http://meritokrat.org/poll159" "Mozilla/5.0 (Windows; U; Windows NT 6.1; en-US) AppleWebKit/534.10 (KHTML, like Gecko) Chrome/8.0.552.224 Safari/534.10"
::ffff:178.95.108.121 s1.meritokrat.org - [05/Jan/2011:15:59:51 +0200] "GET /common/comments.png HTTP/1.1" 304 0 "http://meritokrat.org/poll159" "Mozilla/5.0 (Windows; U; Windows NT 6.1; en-US) AppleWebKit/534.10 (KHTML, like Gecko) Chrome/8.0.552.224 Safari/534.10"
::ffff:178.95.108.121 meritokrat.org - [05/Jan/2011:15:59:51 +0200] "GET /static/images/common/bg-footer.png HTTP/1.1" 304 0 "http://meritokrat.org/poll159" "Mozilla/5.0 (Windows; U; Windows NT 6.1; en-US) AppleWebKit/534.10 (KHTML, like Gecko) Chrome/8.0.552.224 Safari/534.10"
::ffff:178.95.108.121 image.meritokrat.org - [05/Jan/2011:15:59:51 +0200] "GET /sm/user/0.jpg HTTP/1.1" 200 641 "http://meritokrat.org/poll159" "Mozilla/5.0 (Windows; U; Windows NT 6.1; en-US) AppleWebKit/534.10 (KHTML, like Gecko) Chrome/8.0.552.224 Safari/534.10"
::ffff:178.95.108.121 meritokrat.org - [05/Jan/2011:15:59:51 +0200] "GET /static/images/common/footer.png HTTP/1.1" 304 0 "http://meritokrat.org/poll159" "Mozilla/5.0 (Windows; U; Windows NT 6.1; en-US) AppleWebKit/534.10 (KHTML, like Gecko) Chrome/8.0.552.224 Safari/534.10"
::ffff:178.95.108.121 s1.meritokrat.org - [05/Jan/2011:15:59:51 +0200] "GET /common/box_head_tiny.gif HTTP/1.1" 304 0 "http://meritokrat.org/poll159" "Mozilla/5.0 (Windows; U; Windows NT 6.1; en-US) AppleWebKit/534.10 (KHTML, like Gecko) Chrome/8.0.552.224 Safari/534.10"
::ffff:178.95.108.121 s1.meritokrat.org - [05/Jan/2011:15:59:51 +0200] "GET /common/button.gif HTTP/1.1" 304 0 "http://meritokrat.org/poll159" "Mozilla/5.0 (Windows; U; Windows NT 6.1; en-US) AppleWebKit/534.10 (KHTML, like Gecko) Chrome/8.0.552.224 Safari/534.10"
::ffff:178.95.108.121 s1.meritokrat.org - [05/Jan/2011:15:59:51 +0200] "GET /common/loading.gif HTTP/1.1" 304 0 "http://meritokrat.org/poll159" "Mozilla/5.0 (Windows; U; Windows NT 6.1; en-US) AppleWebKit/534.10 (KHTML, like Gecko) Chrome/8.0.552.224 Safari/534.10"
::ffff:178.95.108.121 s1.meritokrat.org - [05/Jan/2011:15:59:51 +0200] "GET /icons/down_icon_gray.png HTTP/1.1" 304 0 "http://meritokrat.org/poll159" "Mozilla/5.0 (Windows; U; Windows NT 6.1; en-US) AppleWebKit/534.10 (KHTML, like Gecko) Chrome/8.0.552.224 Safari/534.10"
::ffff:178.95.108.121 image.meritokrat.org - [05/Jan/2011:15:59:51 +0200] "GET /r/user/414910ea875e.jpg HTTP/1.1" 200 24990 "http://meritokrat.org/poll159" "Mozilla/5.0 (Windows; U; Windows NT 6.1; en-US) AppleWebKit/534.10 (KHTML, like Gecko) Chrome/8.0.552.224 Safari/534.10"
::ffff:178.95.108.121 image.meritokrat.org - [05/Jan/2011:15:59:51 +0200] "GET /b/banners/a378b1cf35.jpg HTTP/1.1" 200 28805 "http://meritokrat.org/poll159" "Mozilla/5.0 (Windows; U; Windows NT 6.1; en-US) AppleWebKit/534.10 (KHTML, like Gecko) Chrome/8.0.552.224 Safari/534.10"
::ffff:194.187.108.86 meritokrat.org - [05/Jan/2011:15:59:52 +0200] "GET /messages/view?id=25651 HTTP/1.1" 200 19808 "http://meritokrat.org/messages" "Mozilla/5.0 (Windows; U; Windows NT 5.1; ru; rv:1.9.1.16) Gecko/20101130 Firefox/3.5.16"
::ffff:77.123.71.78 meritokrat.org - [05/Jan/2011:15:59:54 +0200] "GET /profile-2250 HTTP/1.1" 200 24376 "http://meritokrat.org/people" "Mozilla/5.0 (Windows; U; Windows NT 5.1; uk; rv:1.9.2.13) Gecko/20101203 Firefox/3.6.13 (.NET CLR 3.5.30729)"
::ffff:178.95.108.121 meritokrat.org - [05/Jan/2011:15:59:56 +0200] "GET /polls HTTP/1.1" 200 25149 "http://meritokrat.org/poll159" "Mozilla/5.0 (Windows; U; Windows NT 6.1; en-US) AppleWebKit/534.10 (KHTML, like Gecko) Chrome/8.0.552.224 Safari/534.10"
