::ffff:91.214.16.58 image.meritokrat.org - [05/Jan/2011:16:05:56 +0200] "GET /t/group/1201f35f037.jpg HTTP/1.1" 200 2902 "http://meritokrat.org/groups" "Mozilla/4.0 (compatible; MSIE 8.0; Windows NT 6.1; WOW64; Trident/4.0; SLCC2; .NET CLR 2.0.50727; .NET CLR 3.5.30729; .NET CLR 3.0.30729; Media Center PC 6.0; InfoPath.2)"
::ffff:91.214.16.58 image.meritokrat.org - [05/Jan/2011:16:05:56 +0200] "GET /t/group/942dfbae76.jpg HTTP/1.1" 200 2122 "http://meritokrat.org/groups" "Mozilla/4.0 (compatible; MSIE 8.0; Windows NT 6.1; WOW64; Trident/4.0; SLCC2; .NET CLR 2.0.50727; .NET CLR 3.5.30729; .NET CLR 3.0.30729; Media Center PC 6.0; InfoPath.2)"
::ffff:91.214.16.58 s1.meritokrat.org - [05/Jan/2011:16:05:56 +0200] "GET /module_groups.js?1 HTTP/1.1" 200 1734 "http://meritokrat.org/groups" "Mozilla/4.0 (compatible; MSIE 8.0; Windows NT 6.1; WOW64; Trident/4.0; SLCC2; .NET CLR 2.0.50727; .NET CLR 3.5.30729; .NET CLR 3.0.30729; Media Center PC 6.0; InfoPath.2)"
::ffff:91.214.16.58 image.meritokrat.org - [05/Jan/2011:16:05:56 +0200] "GET /t/group/79f3591d88.jpg HTTP/1.1" 200 2510 "http://meritokrat.org/groups" "Mozilla/4.0 (compatible; MSIE 8.0; Windows NT 6.1; WOW64; Trident/4.0; SLCC2; .NET CLR 2.0.50727; .NET CLR 3.5.30729; .NET CLR 3.0.30729; Media Center PC 6.0; InfoPath.2)"
::ffff:91.214.16.58 image.meritokrat.org - [05/Jan/2011:16:05:56 +0200] "GET /t/group/172cf50866d.jpg HTTP/1.1" 200 4580 "http://meritokrat.org/groups" "Mozilla/4.0 (compatible; MSIE 8.0; Windows NT 6.1; WOW64; Trident/4.0; SLCC2; .NET CLR 2.0.50727; .NET CLR 3.5.30729; .NET CLR 3.0.30729; Media Center PC 6.0; InfoPath.2)"
::ffff:91.214.16.58 image.meritokrat.org - [05/Jan/2011:16:05:56 +0200] "GET /t/group/118c469cb59.jpg HTTP/1.1" 200 2744 "http://meritokrat.org/groups" "Mozilla/4.0 (compatible; MSIE 8.0; Windows NT 6.1; WOW64; Trident/4.0; SLCC2; .NET CLR 2.0.50727; .NET CLR 3.5.30729; .NET CLR 3.0.30729; Media Center PC 6.0; InfoPath.2)"
::ffff:91.214.16.58 image.meritokrat.org - [05/Jan/2011:16:05:56 +0200] "GET /t/group/108b429b2de.jpg HTTP/1.1" 200 2405 "http://meritokrat.org/groups" "Mozilla/4.0 (compatible; MSIE 8.0; Windows NT 6.1; WOW64; Trident/4.0; SLCC2; .NET CLR 2.0.50727; .NET CLR 3.5.30729; .NET CLR 3.0.30729; Media Center PC 6.0; InfoPath.2)"
::ffff:91.214.16.58 image.meritokrat.org - [05/Jan/2011:16:05:56 +0200] "GET /t/group/13661e364b8.jpg HTTP/1.1" 200 2542 "http://meritokrat.org/groups" "Mozilla/4.0 (compatible; MSIE 8.0; Windows NT 6.1; WOW64; Trident/4.0; SLCC2; .NET CLR 2.0.50727; .NET CLR 3.5.30729; .NET CLR 3.0.30729; Media Center PC 6.0; InfoPath.2)"
::ffff:91.214.16.58 image.meritokrat.org - [05/Jan/2011:16:05:56 +0200] "GET /t/group/1867a68b54.jpg HTTP/1.1" 200 2056 "http://meritokrat.org/groups" "Mozilla/4.0 (compatible; MSIE 8.0; Windows NT 6.1; WOW64; Trident/4.0; SLCC2; .NET CLR 2.0.50727; .NET CLR 3.5.30729; .NET CLR 3.0.30729; Media Center PC 6.0; InfoPath.2)"
::ffff:91.214.16.58 image.meritokrat.org - [05/Jan/2011:16:05:56 +0200] "GET /t/group/117f0bc8f5f.jpg HTTP/1.1" 200 1977 "http://meritokrat.org/groups" "Mozilla/4.0 (compatible; MSIE 8.0; Windows NT 6.1; WOW64; Trident/4.0; SLCC2; .NET CLR 2.0.50727; .NET CLR 3.5.30729; .NET CLR 3.0.30729; Media Center PC 6.0; InfoPath.2)"
::ffff:91.214.16.58 image.meritokrat.org - [05/Jan/2011:16:05:56 +0200] "GET /t/group/14a5a0349f.jpg HTTP/1.1" 200 2341 "http://meritokrat.org/groups" "Mozilla/4.0 (compatible; MSIE 8.0; Windows NT 6.1; WOW64; Trident/4.0; SLCC2; .NET CLR 2.0.50727; .NET CLR 3.5.30729; .NET CLR 3.0.30729; Media Center PC 6.0; InfoPath.2)"
::ffff:91.214.16.58 image.meritokrat.org - [05/Jan/2011:16:05:56 +0200] "GET /t/group/60bb9128a4.jpg HTTP/1.1" 200 2657 "http://meritokrat.org/groups" "Mozilla/4.0 (compatible; MSIE 8.0; Windows NT 6.1; WOW64; Trident/4.0; SLCC2; .NET CLR 2.0.50727; .NET CLR 3.5.30729; .NET CLR 3.0.30729; Media Center PC 6.0; InfoPath.2)"
::ffff:91.214.16.58 meritokrat.org - [05/Jan/2011:16:06:00 +0200] "GET /groups/mine HTTP/1.1" 200 25320 "http://meritokrat.org/groups" "Mozilla/4.0 (compatible; MSIE 8.0; Windows NT 6.1; WOW64; Trident/4.0; SLCC2; .NET CLR 2.0.50727; .NET CLR 3.5.30729; .NET CLR 3.0.30729; Media Center PC 6.0; InfoPath.2)"
::ffff:91.214.16.58 image.meritokrat.org - [05/Jan/2011:16:06:01 +0200] "GET /t/group/49a4b123e3.jpg HTTP/1.1" 200 2278 "http://meritokrat.org/groups/mine" "Mozilla/4.0 (compatible; MSIE 8.0; Windows NT 6.1; WOW64; Trident/4.0; SLCC2; .NET CLR 2.0.50727; .NET CLR 3.5.30729; .NET CLR 3.0.30729; Media Center PC 6.0; InfoPath.2)"
::ffff:91.214.16.58 image.meritokrat.org - [05/Jan/2011:16:06:01 +0200] "GET /t/group/1451abf66f6.jpg HTTP/1.1" 200 2209 "http://meritokrat.org/groups/mine" "Mozilla/4.0 (compatible; MSIE 8.0; Windows NT 6.1; WOW64; Trident/4.0; SLCC2; .NET CLR 2.0.50727; .NET CLR 3.5.30729; .NET CLR 3.0.30729; Media Center PC 6.0; InfoPath.2)"
::ffff:91.214.16.58 image.meritokrat.org - [05/Jan/2011:16:06:01 +0200] "GET /t/group/69ef501d0c.jpg HTTP/1.1" 200 2652 "http://meritokrat.org/groups/mine" "Mozilla/4.0 (compatible; MSIE 8.0; Windows NT 6.1; WOW64; Trident/4.0; SLCC2; .NET CLR 2.0.50727; .NET CLR 3.5.30729; .NET CLR 3.0.30729; Media Center PC 6.0; InfoPath.2)"
::ffff:46.4.22.195 meritokrat.org - [05/Jan/2011:16:06:01 +0200] "GET /admin/cron?mailists=1 HTTP/1.0" 200 0 "-" "Wget/1.11.4"
::ffff:95.133.174.155 meritokrat.org - [05/Jan/2011:16:06:01 +0200] "GET /comments HTTP/1.1" 200 29055 "http://meritokrat.org/messages?page=1" "Mozilla/5.0 (Windows; U; Windows NT 5.1; ru; rv:1.9.2.13) Gecko/20101203 Firefox/3.6.13 ( .NET CLR 3.5.30729)"
::ffff:194.187.108.86 meritokrat.org - [05/Jan/2011:16:06:01 +0200] "GET /profile-4634 HTTP/1.1" 200 30473 "http://meritokrat.org/search?first_name=&last_name=&email=&country=1&region=&city=&function=&visit_ts=&active=&start_begin=&start_end=&activation_begin=29-12-2010&activation_end=05-01-2011&contacted=3&contact_status=0&submit=+%D0%9D%D0%B0%D0%B9%D1%82%D0%B8+%C2%BB+" "Mozilla/5.0 (Windows; U; Windows NT 5.1; ru; rv:1.9.2.3) Gecko/20100401 Firefox/3.6.3 GTB7.1 ( .NET CLR 3.5.30729)"
::ffff:95.133.174.155 s1.meritokrat.org - [05/Jan/2011:16:06:02 +0200] "GET /module_comments.js?1 HTTP/1.1" 400 35 "http://meritokrat.org/comments" "Mozilla/5.0 (Windows; U; Windows NT 5.1; ru; rv:1.9.2.13) Gecko/20101203 Firefox/3.6.13 ( .NET CLR 3.5.30729)"
::ffff:194.187.108.86 meritokrat.org - [05/Jan/2011:16:06:04 +0200] "GET /help/index?vacancies HTTP/1.1" 200 15699 "http://meritokrat.org/profile-2641" "Mozilla/5.0 (Windows; U; Windows NT 5.1; ru; rv:1.9.2.10) Gecko/20100914 Firefox/3.6.10 (.NET CLR 3.5.30729)"
::ffff:194.187.108.86 s1.meritokrat.org - [05/Jan/2011:16:06:05 +0200] "GET /module_help.js?1 HTTP/1.1" 200 270 "http://meritokrat.org/help/index?vacancies" "Mozilla/5.0 (Windows; U; Windows NT 5.1; ru; rv:1.9.2.10) Gecko/20100914 Firefox/3.6.10 (.NET CLR 3.5.30729)"
::ffff:212.76.131.235 46.4.22.195 - [05/Jan/2011:16:06:05 +0200] "GET /webdav/ HTTP/1.1" 404 345 "-" "Mozilla/5.0 (Windows; U; Windows NT 5.1; en-US; rv:1.9.2.12) Gecko/20101026 Firefox/3.6.12"
::ffff:212.76.131.235 46.4.22.244 - [05/Jan/2011:16:06:08 +0200] "GET /webdav/ HTTP/1.1" 404 345 "-" "Mozilla/5.0 (Windows; U; Windows NT 5.1; en-US; rv:1.9.2.12) Gecko/20101026 Firefox/3.6.12"
::ffff:77.123.71.78 meritokrat.org - [05/Jan/2011:16:06:09 +0200] "GET /profile-2250 HTTP/1.1" 200 24376 "http://meritokrat.org/profile/edit" "Mozilla/5.0 (Windows; U; Windows NT 5.1; uk; rv:1.9.2.13) Gecko/20101203 Firefox/3.6.13 (.NET CLR 3.5.30729)"
::ffff:91.214.16.58 meritokrat.org - [05/Jan/2011:16:06:10 +0200] "GET /group49 HTTP/1.1" 200 37735 "http://meritokrat.org/groups/mine" "Mozilla/4.0 (compatible; MSIE 8.0; Windows NT 6.1; WOW64; Trident/4.0; SLCC2; .NET CLR 2.0.50727; .NET CLR 3.5.30729; .NET CLR 3.0.30729; Media Center PC 6.0; InfoPath.2)"
::ffff:91.214.16.58 s1.meritokrat.org - [05/Jan/2011:16:06:10 +0200] "GET /icons/1.png HTTP/1.1" 200 158 "http://meritokrat.org/group49" "Mozilla/4.0 (compatible; MSIE 8.0; Windows NT 6.1; WOW64; Trident/4.0; SLCC2; .NET CLR 2.0.50727; .NET CLR 3.5.30729; .NET CLR 3.0.30729; Media Center PC 6.0; InfoPath.2)"
::ffff:91.214.16.58 s1.meritokrat.org - [05/Jan/2011:16:06:11 +0200] "GET /files/IE.png HTTP/1.1" 200 892 "http://meritokrat.org/group49" "Mozilla/4.0 (compatible; MSIE 8.0; Windows NT 6.1; WOW64; Trident/4.0; SLCC2; .NET CLR 2.0.50727; .NET CLR 3.5.30729; .NET CLR 3.0.30729; Media Center PC 6.0; InfoPath.2)"
::ffff:91.214.16.58 s1.meritokrat.org - [05/Jan/2011:16:06:11 +0200] "GET /icons/delete.png HTTP/1.1" 200 1073 "http://meritokrat.org/group49" "Mozilla/4.0 (compatible; MSIE 8.0; Windows NT 6.1; WOW64; Trident/4.0; SLCC2; .NET CLR 2.0.50727; .NET CLR 3.5.30729; .NET CLR 3.0.30729; Media Center PC 6.0; InfoPath.2)"
::ffff:91.214.16.58 s1.meritokrat.org - [05/Jan/2011:16:06:11 +0200] "GET /icons/check.png HTTP/1.1" 200 1124 "http://meritokrat.org/group49" "Mozilla/4.0 (compatible; MSIE 8.0; Windows NT 6.1; WOW64; Trident/4.0; SLCC2; .NET CLR 2.0.50727; .NET CLR 3.5.30729; .NET CLR 3.0.30729; Media Center PC 6.0; InfoPath.2)"
::ffff:91.214.16.58 s1.meritokrat.org - [05/Jan/2011:16:06:11 +0200] "GET /common/bg-lines-small.png HTTP/1.1" 200 133 "http://meritokrat.org/group49" "Mozilla/4.0 (compatible; MSIE 8.0; Windows NT 6.1; WOW64; Trident/4.0; SLCC2; .NET CLR 2.0.50727; .NET CLR 3.5.30729; .NET CLR 3.0.30729; Media Center PC 6.0; InfoPath.2)"
::ffff:91.214.16.58 image.meritokrat.org - [05/Jan/2011:16:06:11 +0200] "GET /s/user/3164ff1c5b.jpg HTTP/1.1" 200 1064 "http://meritokrat.org/group49" "Mozilla/4.0 (compatible; MSIE 8.0; Windows NT 6.1; WOW64; Trident/4.0; SLCC2; .NET CLR 2.0.50727; .NET CLR 3.5.30729; .NET CLR 3.0.30729; Media Center PC 6.0; InfoPath.2)"
::ffff:91.214.16.58 image.meritokrat.org - [05/Jan/2011:16:06:11 +0200] "GET /s/user/2362ad4ce344.jpg HTTP/1.1" 200 1369 "http://meritokrat.org/group49" "Mozilla/4.0 (compatible; MSIE 8.0; Windows NT 6.1; WOW64; Trident/4.0; SLCC2; .NET CLR 2.0.50727; .NET CLR 3.5.30729; .NET CLR 3.0.30729; Media Center PC 6.0; InfoPath.2)"
::ffff:91.214.16.58 image.meritokrat.org - [05/Jan/2011:16:06:11 +0200] "GET /s/user/1011068e3c8.jpg HTTP/1.1" 200 1327 "http://meritokrat.org/group49" "Mozilla/4.0 (compatible; MSIE 8.0; Windows NT 6.1; WOW64; Trident/4.0; SLCC2; .NET CLR 2.0.50727; .NET CLR 3.5.30729; .NET CLR 3.0.30729; Media Center PC 6.0; InfoPath.2)"
::ffff:91.214.16.58 image.meritokrat.org - [05/Jan/2011:16:06:11 +0200] "GET /p/group/49a4b123e3.jpg HTTP/1.1" 200 11096 "http://meritokrat.org/group49" "Mozilla/4.0 (compatible; MSIE 8.0; Windows NT 6.1; WOW64; Trident/4.0; SLCC2; .NET CLR 2.0.50727; .NET CLR 3.5.30729; .NET CLR 3.0.30729; Media Center PC 6.0; InfoPath.2)"
::ffff:91.214.16.58 s1.meritokrat.org - [05/Jan/2011:16:06:11 +0200] "GET /files/MS-Word.png HTTP/1.1" 200 721 "http://meritokrat.org/group49" "Mozilla/4.0 (compatible; MSIE 8.0; Windows NT 6.1; WOW64; Trident/4.0; SLCC2; .NET CLR 2.0.50727; .NET CLR 3.5.30729; .NET CLR 3.0.30729; Media Center PC 6.0; InfoPath.2)"
::ffff:91.214.16.58 image.meritokrat.org - [05/Jan/2011:16:06:11 +0200] "GET /s/user/49c9a9ac1.jpg HTTP/1.1" 200 21560 "http://meritokrat.org/group49" "Mozilla/4.0 (compatible; MSIE 8.0; Windows NT 6.1; WOW64; Trident/4.0; SLCC2; .NET CLR 2.0.50727; .NET CLR 3.5.30729; .NET CLR 3.0.30729; Media Center PC 6.0; InfoPath.2)"
::ffff:194.187.108.86 meritokrat.org - [05/Jan/2011:16:06:13 +0200] "GET /profile-2641 HTTP/1.1" 200 49332 "http://meritokrat.org/blogpost577" "Mozilla/5.0 (Windows; U; Windows NT 5.1; ru; rv:1.9.2.10) Gecko/20100914 Firefox/3.6.10 (.NET CLR 3.5.30729)"
::ffff:95.133.174.155 meritokrat.org - [05/Jan/2011:16:06:21 +0200] "GET /groups/talk_topic?id=238 HTTP/1.1" 200 31884 "http://meritokrat.org/group107" "Mozilla/5.0 (Windows; U; Windows NT 5.1; ru; rv:1.9.2.13) Gecko/20101203 Firefox/3.6.13 ( .NET CLR 3.5.30729)"
::ffff:178.94.18.188 meritokrat.org - [05/Jan/2011:16:06:22 +0200] "GET /profile/invite HTTP/1.1" 200 27433 "http://meritokrat.org/profile-3827" "Mozilla/5.0 (Windows; U; Windows NT 5.1; en-US) AppleWebKit/534.10 (KHTML, like Gecko) Chrome/8.0.552.224 Safari/534.10"
::ffff:77.123.71.78 meritokrat.org - [05/Jan/2011:16:06:23 +0200] "GET /profile/edit HTTP/1.1" 200 80063 "http://meritokrat.org/profile-2250" "Mozilla/5.0 (Windows; U; Windows NT 5.1; uk; rv:1.9.2.13) Gecko/20101203 Firefox/3.6.13 (.NET CLR 3.5.30729)"
::ffff:195.58.232.234 meritokrat.org - [05/Jan/2011:16:06:26 +0200] "GET /profile-4518 HTTP/1.0" 200 21274 "http://meritokrat.org/profile" "Mozilla/5.0 (Windows; U; Windows NT 5.1; ru; rv:1.9.2.13) Gecko/20101203 Firefox/3.6.13 sputnik 2.3.0.102"
::ffff:195.58.232.234 meritokrat.org - [05/Jan/2011:16:06:26 +0200] "GET /static/images/common/user_online.png HTTP/1.0" 200 692 "http://meritokrat.org/profile-4518" "Mozilla/5.0 (Windows; U; Windows NT 5.1; ru; rv:1.9.2.13) Gecko/20101203 Firefox/3.6.13 sputnik 2.3.0.102"
::ffff:194.187.108.86 meritokrat.org - [05/Jan/2011:16:06:26 +0200] "GET /search HTTP/1.1" 200 71795 "http://meritokrat.org/profile-4634" "Mozilla/5.0 (Windows; U; Windows NT 5.1; ru; rv:1.9.2.3) Gecko/20100401 Firefox/3.6.3 GTB7.1 ( .NET CLR 3.5.30729)"
::ffff:195.58.232.234 s1.meritokrat.org - [05/Jan/2011:16:06:27 +0200] "GET /icons/down_icon_brown.png HTTP/1.0" 200 176 "http://s1.meritokrat.org/system.css?1" "Mozilla/5.0 (Windows; U; Windows NT 5.1; ru; rv:1.9.2.13) Gecko/20101203 Firefox/3.6.13 sputnik 2.3.0.102"
::ffff:195.58.232.234 meritokrat.org - [05/Jan/2011:16:06:29 +0200] "GET /profile-4518 HTTP/1.0" 200 21240 "http://meritokrat.org/profile-4518" "Mozilla/5.0 (Windows; U; Windows NT 5.1; ru; rv:1.9.2.13) Gecko/20101203 Firefox/3.6.13 sputnik 2.3.0.102"
::ffff:195.58.232.234 image.meritokrat.org - [05/Jan/2011:16:06:29 +0200] "GET /sm/user/0.jpg HTTP/1.0" 200 629 "http://meritokrat.org/profile-4518" "Mozilla/5.0 (Windows; U; Windows NT 5.1; ru; rv:1.9.2.13) Gecko/20101203 Firefox/3.6.13 sputnik 2.3.0.102"
::ffff:194.187.108.86 leskova1a.kiev.ua - [05/Jan/2011:16:06:29 +0200] "GET /home HTTP/1.1" 200 20731 "-" "Mozilla/5.0 (Windows; U; Windows NT 5.1; ru; rv:1.9.1.16) Gecko/20101130 Firefox/3.5.16"
::ffff:91.214.16.58 meritokrat.org - [05/Jan/2011:16:06:29 +0200] "GET /messages HTTP/1.1" 200 29164 "http://meritokrat.org/group49" "Mozilla/4.0 (compatible; MSIE 8.0; Windows NT 6.1; WOW64; Trident/4.0; SLCC2; .NET CLR 2.0.50727; .NET CLR 3.5.30729; .NET CLR 3.0.30729; Media Center PC 6.0; InfoPath.2)"
::ffff:195.58.232.234 meritokrat.org - [05/Jan/2011:16:06:30 +0200] "GET /profile-4518 HTTP/1.0" 200 21275 "http://meritokrat.org/profile-4518" "Mozilla/5.0 (Windows; U; Windows NT 5.1; ru; rv:1.9.2.13) Gecko/20101203 Firefox/3.6.13 sputnik 2.3.0.102"
::ffff:86.28.169.176 meritokrat.org - [05/Jan/2011:16:06:31 +0200] "GET /messages/view?id=25662 HTTP/1.1" 302 0 "-" "Mozilla/5.0 (Windows; U; Windows NT 6.1; en-US) AppleWebKit/534.10 (KHTML, like Gecko) Chrome/8.0.552.224 Safari/534.10"
::ffff:86.28.169.176 meritokrat.org - [05/Jan/2011:16:06:31 +0200] "GET /sign HTTP/1.1" 200 4928 "-" "Mozilla/5.0 (Windows; U; Windows NT 6.1; en-US) AppleWebKit/534.10 (KHTML, like Gecko) Chrome/8.0.552.224 Safari/534.10"
::ffff:86.28.169.176 s1.meritokrat.org - [05/Jan/2011:16:06:32 +0200] "GET /common/loading.gif HTTP/1.1" 200 2164 "http://meritokrat.org/sign" "Mozilla/5.0 (Windows; U; Windows NT 6.1; en-US) AppleWebKit/534.10 (KHTML, like Gecko) Chrome/8.0.552.224 Safari/534.10"
::ffff:86.28.169.176 meritokrat.org - [05/Jan/2011:16:06:32 +0200] "GET /static/images/logos/enter_logo.png HTTP/1.1" 200 46678 "http://meritokrat.org/sign" "Mozilla/5.0 (Windows; U; Windows NT 6.1; en-US) AppleWebKit/534.10 (KHTML, like Gecko) Chrome/8.0.552.224 Safari/534.10"
::ffff:86.28.169.176 s1.meritokrat.org - [05/Jan/2011:16:06:32 +0200] "GET /system.css?1 HTTP/1.1" 200 4521 "http://meritokrat.org/sign" "Mozilla/5.0 (Windows; U; Windows NT 6.1; en-US) AppleWebKit/534.10 (KHTML, like Gecko) Chrome/8.0.552.224 Safari/534.10"
::ffff:195.58.232.234 meritokrat.org - [05/Jan/2011:16:06:32 +0200] "GET /profile-4518 HTTP/1.0" 200 21256 "http://meritokrat.org/profile-4518" "Mozilla/5.0 (Windows; U; Windows NT 5.1; ru; rv:1.9.2.13) Gecko/20101203 Firefox/3.6.13 sputnik 2.3.0.102"
::ffff:86.28.169.176 s1.meritokrat.org - [05/Jan/2011:16:06:32 +0200] "GET /common/button.gif HTTP/1.1" 200 182 "http://meritokrat.org/sign" "Mozilla/5.0 (Windows; U; Windows NT 6.1; en-US) AppleWebKit/534.10 (KHTML, like Gecko) Chrome/8.0.552.224 Safari/534.10"
::ffff:86.28.169.176 meritokrat.org - [05/Jan/2011:16:06:32 +0200] "GET /static/images/common/bg_enter.jpg HTTP/1.1" 200 571 "http://meritokrat.org/sign" "Mozilla/5.0 (Windows; U; Windows NT 6.1; en-US) AppleWebKit/534.10 (KHTML, like Gecko) Chrome/8.0.552.224 Safari/534.10"
::ffff:86.28.169.176 s1.meritokrat.org - [05/Jan/2011:16:06:32 +0200] "GET /module_sign.js?1 HTTP/1.1" 200 1689 "http://meritokrat.org/sign" "Mozilla/5.0 (Windows; U; Windows NT 6.1; en-US) AppleWebKit/534.10 (KHTML, like Gecko) Chrome/8.0.552.224 Safari/534.10"
::ffff:194.187.108.86 s1.leskova1a.kiev.ua - [05/Jan/2011:16:06:32 +0200] "GET /module_home.js?1 HTTP/1.1" 400 35 "http://leskova1a.kiev.ua/home" "Mozilla/5.0 (Windows; U; Windows NT 5.1; ru; rv:1.9.1.16) Gecko/20101130 Firefox/3.5.16"
::ffff:86.28.169.176 s1.meritokrat.org - [05/Jan/2011:16:06:33 +0200] "GET /system.js?1 HTTP/1.1" 200 26482 "http://meritokrat.org/sign" "Mozilla/5.0 (Windows; U; Windows NT 6.1; en-US) AppleWebKit/534.10 (KHTML, like Gecko) Chrome/8.0.552.224 Safari/534.10"
::ffff:86.28.169.176 meritokrat.org - [05/Jan/2011:16:06:33 +0200] "GET /favico.ico HTTP/1.1" 404 345 "-" "Mozilla/5.0 (Windows; U; Windows NT 6.1; en-US) AppleWebKit/534.10 (KHTML, like Gecko) Chrome/8.0.552.224 Safari/534.10"
::ffff:91.214.16.58 meritokrat.org - [05/Jan/2011:16:06:33 +0200] "GET /messages/view?id=19510 HTTP/1.1" 200 20272 "-" "Mozilla/4.0 (compatible; MSIE 8.0; Windows NT 6.1; WOW64; Trident/4.0; SLCC2; .NET CLR 2.0.50727; .NET CLR 3.5.30729; .NET CLR 3.0.30729; Media Center PC 6.0; InfoPath.2)"
::ffff:195.58.232.234 meritokrat.org - [05/Jan/2011:16:06:37 +0200] "GET /static/javascript/jquery/jquery.ui.mouse.js HTTP/1.0" 200 4067 "http://meritokrat.org/profile/edit?tab=settings" "Mozilla/5.0 (Windows; U; Windows NT 5.1; ru; rv:1.9.2.13) Gecko/20101203 Firefox/3.6.13 sputnik 2.3.0.102"
::ffff:77.123.71.78 meritokrat.org - [05/Jan/2011:16:06:38 +0200] "GET /profile-2250 HTTP/1.1" 200 24411 "http://meritokrat.org/profile/edit" "Mozilla/5.0 (Windows; U; Windows NT 5.1; uk; rv:1.9.2.13) Gecko/20101203 Firefox/3.6.13 (.NET CLR 3.5.30729)"
::ffff:195.58.232.234 meritokrat.org - [05/Jan/2011:16:06:38 +0200] "GET /profile/edit?tab=settings HTTP/1.0" 200 81391 "http://meritokrat.org/profile-4518" "Mozilla/5.0 (Windows; U; Windows NT 5.1; ru; rv:1.9.2.13) Gecko/20101203 Firefox/3.6.13 sputnik 2.3.0.102"
::ffff:195.58.232.234 meritokrat.org - [05/Jan/2011:16:06:38 +0200] "GET /static/javascript/jquery/jquery.ui.datepicker.js HTTP/1.0" 200 72357 "http://meritokrat.org/profile/edit?tab=settings" "Mozilla/5.0 (Windows; U; Windows NT 5.1; ru; rv:1.9.2.13) Gecko/20101203 Firefox/3.6.13 sputnik 2.3.0.102"
::ffff:91.214.16.58 meritokrat.org - [05/Jan/2011:16:06:38 +0200] "GET /profile-1455 HTTP/1.1" 200 34582 "http://meritokrat.org/messages/view?id=19510" "Mozilla/4.0 (compatible; MSIE 8.0; Windows NT 6.1; WOW64; Trident/4.0; SLCC2; .NET CLR 2.0.50727; .NET CLR 3.5.30729; .NET CLR 3.0.30729; Media Center PC 6.0; InfoPath.2)"
::ffff:91.214.16.58 meritokrat.org - [05/Jan/2011:16:06:38 +0200] "GET /static/images/common/bg-lines-bg.png HTTP/1.1" 304 0 "http://meritokrat.org/profile-1455" "Mozilla/4.0 (compatible; MSIE 8.0; Windows NT 6.1; WOW64; Trident/4.0; SLCC2; .NET CLR 2.0.50727; .NET CLR 3.5.30729; .NET CLR 3.0.30729; Media Center PC 6.0; InfoPath.2)"
::ffff:91.214.16.58 image.meritokrat.org - [05/Jan/2011:16:06:39 +0200] "GET /s/group/49a4b123e3.jpg HTTP/1.1" 200 1594 "http://meritokrat.org/profile-1455" "Mozilla/4.0 (compatible; MSIE 8.0; Windows NT 6.1; WOW64; Trident/4.0; SLCC2; .NET CLR 2.0.50727; .NET CLR 3.5.30729; .NET CLR 3.0.30729; Media Center PC 6.0; InfoPath.2)"
::ffff:195.58.232.234 meritokrat.org - [05/Jan/2011:16:06:40 +0200] "GET /static/javascript/jquery/jquery.ui.datepicker-uk.js HTTP/1.0" 200 1122 "http://meritokrat.org/profile/edit?tab=settings" "Mozilla/5.0 (Windows; U; Windows NT 5.1; ru; rv:1.9.2.13) Gecko/20101203 Firefox/3.6.13 sputnik 2.3.0.102"
::ffff:194.187.108.86 meritokrat.org - [05/Jan/2011:16:06:41 +0200] "GET /search?first_name=&last_name=&email=&country=1&region=&city=&function=5&visit_ts=&active=&start_begin=&start_end=&activation_begin=&activation_end=&contacted=&contact_status=&submit=+%D0%9D%D0%B0%D0%B9%D1%82%D0%B8+%C2%BB+ HTTP/1.1" 200 90413 "http://meritokrat.org/search" "Mozilla/5.0 (Windows; U; Windows NT 5.1; ru; rv:1.9.2.3) Gecko/20100401 Firefox/3.6.3 GTB7.1 ( .NET CLR 3.5.30729)"
::ffff:195.58.232.234 s1.meritokrat.org - [05/Jan/2011:16:06:41 +0200] "GET //logos/3.png HTTP/1.0" 200 832 "http://meritokrat.org/profile/edit?tab=settings" "Mozilla/5.0 (Windows; U; Windows NT 5.1; ru; rv:1.9.2.13) Gecko/20101203 Firefox/3.6.13 sputnik 2.3.0.102"
::ffff:195.58.232.234 s1.meritokrat.org - [05/Jan/2011:16:06:41 +0200] "GET //logos/1.png HTTP/1.0" 200 1303 "http://meritokrat.org/profile/edit?tab=settings" "Mozilla/5.0 (Windows; U; Windows NT 5.1; ru; rv:1.9.2.13) Gecko/20101203 Firefox/3.6.13 sputnik 2.3.0.102"
::ffff:195.58.232.234 s1.meritokrat.org - [05/Jan/2011:16:06:41 +0200] "GET //logos/2.png HTTP/1.0" 200 1278 "http://meritokrat.org/profile/edit?tab=settings" "Mozilla/5.0 (Windows; U; Windows NT 5.1; ru; rv:1.9.2.13) Gecko/20101203 Firefox/3.6.13 sputnik 2.3.0.102"
::ffff:195.58.232.234 s1.meritokrat.org - [05/Jan/2011:16:06:41 +0200] "GET //logos/4.png HTTP/1.0" 200 1160 "http://meritokrat.org/profile/edit?tab=settings" "Mozilla/5.0 (Windows; U; Windows NT 5.1; ru; rv:1.9.2.13) Gecko/20101203 Firefox/3.6.13 sputnik 2.3.0.102"
::ffff:195.58.232.234 meritokrat.org - [05/Jan/2011:16:06:41 +0200] "GET /static/javascript/jquery/css/images/ui-bg_flat_75_ffffff_40x100.png HTTP/1.0" 200 178 "http://meritokrat.org/static/javascript/jquery/css/jquery.ui.theme.css" "Mozilla/5.0 (Windows; U; Windows NT 5.1; ru; rv:1.9.2.13) Gecko/20101203 Firefox/3.6.13 sputnik 2.3.0.102"
::ffff:195.58.232.234 s1.meritokrat.org - [05/Jan/2011:16:06:41 +0200] "GET //logos/6.png HTTP/1.0" 200 1251 "http://meritokrat.org/profile/edit?tab=settings" "Mozilla/5.0 (Windows; U; Windows NT 5.1; ru; rv:1.9.2.13) Gecko/20101203 Firefox/3.6.13 sputnik 2.3.0.102"
::ffff:195.58.232.234 s1.meritokrat.org - [05/Jan/2011:16:06:42 +0200] "GET //logos/5.png HTTP/1.0" 200 987 "http://meritokrat.org/profile/edit?tab=settings" "Mozilla/5.0 (Windows; U; Windows NT 5.1; ru; rv:1.9.2.13) Gecko/20101203 Firefox/3.6.13 sputnik 2.3.0.102"
::ffff:195.58.232.234 s1.meritokrat.org - [05/Jan/2011:16:06:43 +0200] "GET //logos/9.png HTTP/1.0" 200 1432 "http://meritokrat.org/profile/edit?tab=settings" "Mozilla/5.0 (Windows; U; Windows NT 5.1; ru; rv:1.9.2.13) Gecko/20101203 Firefox/3.6.13 sputnik 2.3.0.102"
::ffff:195.58.232.234 s1.meritokrat.org - [05/Jan/2011:16:06:43 +0200] "GET //logos/7.png HTTP/1.0" 200 1198 "http://meritokrat.org/profile/edit?tab=settings" "Mozilla/5.0 (Windows; U; Windows NT 5.1; ru; rv:1.9.2.13) Gecko/20101203 Firefox/3.6.13 sputnik 2.3.0.102"
::ffff:195.58.232.234 s1.meritokrat.org - [05/Jan/2011:16:06:43 +0200] "GET //logos/10.png HTTP/1.0" 200 3867 "http://meritokrat.org/profile/edit?tab=settings" "Mozilla/5.0 (Windows; U; Windows NT 5.1; ru; rv:1.9.2.13) Gecko/20101203 Firefox/3.6.13 sputnik 2.3.0.102"
::ffff:195.58.232.234 s1.meritokrat.org - [05/Jan/2011:16:06:43 +0200] "GET /common/button_gray.gif HTTP/1.0" 200 188 "http://s1.meritokrat.org/system.css?1" "Mozilla/5.0 (Windows; U; Windows NT 5.1; ru; rv:1.9.2.13) Gecko/20101203 Firefox/3.6.13 sputnik 2.3.0.102"
::ffff:95.133.174.155 meritokrat.org - [05/Jan/2011:16:06:46 +0200] "GET /search HTTP/1.1" 200 63993 "http://meritokrat.org/groups/talk_topic?id=238" "Mozilla/5.0 (Windows; U; Windows NT 5.1; ru; rv:1.9.2.13) Gecko/20101203 Firefox/3.6.13 ( .NET CLR 3.5.30729)"
::ffff:95.133.174.155 meritokrat.org - [05/Jan/2011:16:06:54 +0200] "POST /profile/get_select HTTP/1.1" 200 2766 "http://meritokrat.org/search" "Mozilla/5.0 (Windows; U; Windows NT 5.1; ru; rv:1.9.2.13) Gecko/20101203 Firefox/3.6.13 ( .NET CLR 3.5.30729)"
::ffff:178.94.18.188 meritokrat.org - [05/Jan/2011:16:06:56 +0200] "POST /profile/get_select HTTP/1.1" 200 3296 "http://meritokrat.org/profile/invite" "Mozilla/5.0 (Windows; U; Windows NT 5.1; en-US) AppleWebKit/534.10 (KHTML, like Gecko) Chrome/8.0.552.224 Safari/534.10"
::ffff:77.123.71.78 meritokrat.org - [05/Jan/2011:16:06:56 +0200] "GET /profile/edit HTTP/1.1" 200 80063 "http://meritokrat.org/profile-2250" "Mozilla/5.0 (Windows; U; Windows NT 5.1; uk; rv:1.9.2.13) Gecko/20101203 Firefox/3.6.13 (.NET CLR 3.5.30729)"
::ffff:95.133.174.155 meritokrat.org - [05/Jan/2011:16:06:57 +0200] "GET /search?first_name=&last_name=&country=1&region=28&city=&function=&visit_ts=&active=&start_begin=&start_end=&activation_begin=&activation_end=&submit=+%D0%97%D0%BD%D0%B0%D0%B9%D1%82%D0%B8+%C2%BB+ HTTP/1.1" 200 87453 "http://meritokrat.org/search" "Mozilla/5.0 (Windows; U; Windows NT 5.1; ru; rv:1.9.2.13) Gecko/20101203 Firefox/3.6.13 ( .NET CLR 3.5.30729)"
::ffff:95.133.174.155 image.meritokrat.org - [05/Jan/2011:16:06:58 +0200] "GET /s/user/10909abd68ee.jpg HTTP/1.1" 200 11670 "http://meritokrat.org/search?first_name=&last_name=&country=1&region=28&city=&function=&visit_ts=&active=&start_begin=&start_end=&activation_begin=&activation_end=&submit=+%D0%97%D0%BD%D0%B0%D0%B9%D1%82%D0%B8+%C2%BB+" "Mozilla/5.0 (Windows; U; Windows NT 5.1; ru; rv:1.9.2.13) Gecko/20101203 Firefox/3.6.13 ( .NET CLR 3.5.30729)"
::ffff:178.94.18.188 meritokrat.org - [05/Jan/2011:16:06:59 +0200] "POST /profile/get_select HTTP/1.1" 200 595 "http://meritokrat.org/profile/invite" "Mozilla/5.0 (Windows; U; Windows NT 5.1; en-US) AppleWebKit/534.10 (KHTML, like Gecko) Chrome/8.0.552.224 Safari/534.10"
::ffff:46.4.22.195 meritokrat.org - [05/Jan/2011:16:07:01 +0200] "GET /admin/cron HTTP/1.0" 200 0 "-" "Wget/1.11.4"
::ffff:46.4.22.195 meritokrat.org - [05/Jan/2011:16:07:01 +0200] "GET /admin/cron?mailists=1 HTTP/1.0" 200 0 "-" "Wget/1.11.4"
::ffff:77.123.71.78 meritokrat.org - [05/Jan/2011:16:07:04 +0200] "GET /profile/edit?type=common&first_name=%D0%86%D1%80%D0%B8%D0%BD%D0%B0&last_name=%D0%91%D0%B0%D1%81%D1%8E%D0%BA&father_name=%D0%86%D0%B2%D0%B0%D0%BD%D1%96%D0%B2%D0%BD%D0%B0&utype=7&birthday=1984-02-04&gender=f&country_id=1&country=1&region_id=19&region=19&city_id=714&city=714&location=%D0%A0%D1%96%D0%B2%D0%BD%D0%B5&last_location=%D0%94%D0%BD%D1%96%D0%BF%D1%80%D0%BE%D0%BF%D0%B5%D1%82%D1%80%D0%BE%D0%B2%D1%81%D1%8C%D0%BA&segment=18&additional_segment=&submit=+%D0%97%D0%B1%D0%B5%D1%80%D0%B5%D0%B3%D1%82%D0%B8+ HTTP/1.1" 200 12 "http://meritokrat.org/profile/edit" "Mozilla/5.0 (Windows; U; Windows NT 5.1; uk; rv:1.9.2.13) Gecko/20101203 Firefox/3.6.13 (.NET CLR 3.5.30729)"
::ffff:95.133.174.155 meritokrat.org - [05/Jan/2011:16:07:05 +0200] "GET /search?first_name=&last_name=&country=1&region=28&city=&function=&visit_ts=&active=1&start_begin=&start_end=&activation_begin=&activation_end=&submit=+%D0%97%D0%BD%D0%B0%D0%B9%D1%82%D0%B8+%C2%BB+ HTTP/1.1" 200 87151 "http://meritokrat.org/search?first_name=&last_name=&country=1&region=28&city=&function=&visit_ts=&active=&start_begin=&start_end=&activation_begin=&activation_end=&submit=+%D0%97%D0%BD%D0%B0%D0%B9%D1%82%D0%B8+%C2%BB+" "Mozilla/5.0 (Windows; U; Windows NT 5.1; ru; rv:1.9.2.13) Gecko/20101203 Firefox/3.6.13 ( .NET CLR 3.5.30729)"
::ffff:95.133.174.155 image.meritokrat.org - [05/Jan/2011:16:07:05 +0200] "GET /s/user/10969bccaab8.jpg HTTP/1.1" 200 1483 "http://meritokrat.org/search?first_name=&last_name=&country=1&region=28&city=&function=&visit_ts=&active=1&start_begin=&start_end=&activation_begin=&activation_end=&submit=+%D0%97%D0%BD%D0%B0%D0%B9%D1%82%D0%B8+%C2%BB+" "Mozilla/5.0 (Windows; U; Windows NT 5.1; ru; rv:1.9.2.13) Gecko/20101203 Firefox/3.6.13 ( .NET CLR 3.5.30729)"
::ffff:194.187.108.86 meritokrat.org - [05/Jan/2011:16:07:06 +0200] "GET /search?first_name=&last_name=&email=&country=1&region=&city=&function=5&visit_ts=&active=&start_begin=&start_end=&activation_begin=&activation_end=&contacted=&contact_status=&submit=+%D0%9D%D0%B0%D0%B9%D1%82%D0%B8+%C2%BB+&page=2 HTTP/1.1" 200 76015 "http://meritokrat.org/search?first_name=&last_name=&email=&country=1&region=&city=&function=5&visit_ts=&active=&start_begin=&start_end=&activation_begin=&activation_end=&contacted=&contact_status=&submit=+%D0%9D%D0%B0%D0%B9%D1%82%D0%B8+%C2%BB+" "Mozilla/5.0 (Windows; U; Windows NT 5.1; ru; rv:1.9.2.3) Gecko/20100401 Firefox/3.6.3 GTB7.1 ( .NET CLR 3.5.30729)"
::ffff:194.187.108.86 leskova1a.kiev.ua - [05/Jan/2011:16:07:06 +0200] "GET /blogs/news HTTP/1.1" 200 13038 "http://leskova1a.kiev.ua/home" "Mozilla/5.0 (Windows; U; Windows NT 5.1; ru; rv:1.9.1.16) Gecko/20101130 Firefox/3.5.16"
::ffff:194.187.108.86 s1.leskova1a.kiev.ua - [05/Jan/2011:16:07:07 +0200] "GET /module_blogs.js?1 HTTP/1.1" 200 942 "http://leskova1a.kiev.ua/blogs/news" "Mozilla/5.0 (Windows; U; Windows NT 5.1; ru; rv:1.9.1.16) Gecko/20101130 Firefox/3.5.16"
::ffff:194.187.108.86 leskova1a.kiev.ua - [05/Jan/2011:16:07:10 +0200] "GET /help?home HTTP/1.1" 200 9250 "http://leskova1a.kiev.ua/blogs/news" "Mozilla/5.0 (Windows; U; Windows NT 5.1; ru; rv:1.9.1.16) Gecko/20101130 Firefox/3.5.16"
::ffff:194.187.108.86 leskova1a.kiev.ua - [05/Jan/2011:16:07:13 +0200] "GET /help?finance HTTP/1.1" 200 8831 "http://leskova1a.kiev.ua/blogs/news" "Mozilla/5.0 (Windows; U; Windows NT 5.1; ru; rv:1.9.1.16) Gecko/20101130 Firefox/3.5.16"
::ffff:194.187.108.86 s1.leskova1a.kiev.ua - [05/Jan/2011:16:07:15 +0200] "GET /module_help.js?1 HTTP/1.1" 200 270 "http://leskova1a.kiev.ua/help?finance" "Mozilla/5.0 (Windows; U; Windows NT 5.1; ru; rv:1.9.1.16) Gecko/20101130 Firefox/3.5.16"
::ffff:194.187.108.86 meritokrat.org - [05/Jan/2011:16:07:15 +0200] "GET /search?first_name=&last_name=&email=&country=1&region=&city=&function=5&visit_ts=&active=&start_begin=&start_end=&activation_begin=&activation_end=&contacted=&contact_status=&submit=+%D0%9D%D0%B0%D0%B9%D1%82%D0%B8+%C2%BB+&page=1 HTTP/1.1" 200 90432 "http://meritokrat.org/search?first_name=&last_name=&email=&country=1&region=&city=&function=5&visit_ts=&active=&start_begin=&start_end=&activation_begin=&activation_end=&contacted=&contact_status=&submit=+%D0%9D%D0%B0%D0%B9%D1%82%D0%B8+%C2%BB+&page=2" "Mozilla/5.0 (Windows; U; Windows NT 5.1; ru; rv:1.9.2.3) Gecko/20100401 Firefox/3.6.3 GTB7.1 ( .NET CLR 3.5.30729)"
::ffff:195.58.232.234 meritokrat.org - [05/Jan/2011:16:07:17 +0200] "POST /profile/edit HTTP/1.0" 200 2 "http://meritokrat.org/profile/edit?tab=settings" "Mozilla/5.0 (Windows; U; Windows NT 5.1; ru; rv:1.9.2.13) Gecko/20101203 Firefox/3.6.13 sputnik 2.3.0.102"
::ffff:194.187.108.86 leskova1a.kiev.ua - [05/Jan/2011:16:07:18 +0200] "GET /people HTTP/1.1" 200 27717 "http://leskova1a.kiev.ua/help?finance" "Mozilla/5.0 (Windows; U; Windows NT 5.1; ru; rv:1.9.1.16) Gecko/20101130 Firefox/3.5.16"
::ffff:213.160.147.98 meritokrat.org - [05/Jan/2011:16:07:19 +0200] "POST /messages/compose HTTP/1.1" 200 12 "http://meritokrat.org/messages/compose?user_id=1891" "Mozilla/4.0 (compatible; MSIE 8.0; Windows NT 5.1; Trident/4.0; .NET CLR 1.1.4322; .NET CLR 2.0.50727; .NET CLR 3.0.4506.2152; .NET CLR 3.5.30729; InfoPath.2)"
::ffff:213.160.147.98 meritokrat.org - [05/Jan/2011:16:07:19 +0200] "GET /messages HTTP/1.1" 200 31088 "-" "Mozilla/4.0 (compatible; MSIE 8.0; Windows NT 5.1; Trident/4.0; .NET CLR 1.1.4322; .NET CLR 2.0.50727; .NET CLR 3.0.4506.2152; .NET CLR 3.5.30729; InfoPath.2)"
::ffff:195.58.232.234 meritokrat.org - [05/Jan/2011:16:07:21 +0200] "POST /profile/edit HTTP/1.0" 200 2 "http://meritokrat.org/profile/edit?tab=settings" "Mozilla/5.0 (Windows; U; Windows NT 5.1; ru; rv:1.9.2.13) Gecko/20101203 Firefox/3.6.13 sputnik 2.3.0.102"
::ffff:194.187.108.86 meritokrat.org - [05/Jan/2011:16:07:23 +0200] "GET /blogs/rss HTTP/1.1" 302 0 "-" "Mozilla/4.0 (compatible; MSIE 7.0; Windows NT 5.1; Trident/4.0; .NET CLR 2.0.50727; .NET CLR 3.0.4506.2152; .NET CLR 3.5.30729; MSOffice 12)"
::ffff:194.187.108.86 meritokrat.org - [05/Jan/2011:16:07:23 +0200] "GET /sign HTTP/1.1" 200 4949 "-" "Mozilla/4.0 (compatible; MSIE 7.0; Windows NT 5.1; Trident/4.0; .NET CLR 2.0.50727; .NET CLR 3.0.4506.2152; .NET CLR 3.5.30729; MSOffice 12)"
::ffff:195.58.232.234 meritokrat.org - [05/Jan/2011:16:07:23 +0200] "POST /profile/edit HTTP/1.0" 200 2 "http://meritokrat.org/profile/edit?tab=settings" "Mozilla/5.0 (Windows; U; Windows NT 5.1; ru; rv:1.9.2.13) Gecko/20101203 Firefox/3.6.13 sputnik 2.3.0.102"
::ffff:194.187.108.86 leskova1a.kiev.ua - [05/Jan/2011:16:07:23 +0200] "GET /blogs HTTP/1.1" 200 10743 "http://leskova1a.kiev.ua/people" "Mozilla/5.0 (Windows; U; Windows NT 5.1; ru; rv:1.9.1.16) Gecko/20101130 Firefox/3.5.16"
::ffff:95.133.174.155 meritokrat.org - [05/Jan/2011:16:07:23 +0200] "GET /search?first_name=&last_name=&country=1&region=28&city=&function=&visit_ts=&active=1&start_begin=&start_end=&activation_begin=&activation_end=&submit=+%D0%97%D0%BD%D0%B0%D0%B9%D1%82%D0%B8+%C2%BB+&page=4 HTTP/1.1" 200 78567 "http://meritokrat.org/search?first_name=&last_name=&country=1&region=28&city=&function=&visit_ts=&active=1&start_begin=&start_end=&activation_begin=&activation_end=&submit=+%D0%97%D0%BD%D0%B0%D0%B9%D1%82%D0%B8+%C2%BB+" "Mozilla/5.0 (Windows; U; Windows NT 5.1; ru; rv:1.9.2.13) Gecko/20101203 Firefox/3.6.13 ( .NET CLR 3.5.30729)"
::ffff:95.133.174.155 image.meritokrat.org - [05/Jan/2011:16:07:24 +0200] "GET /s/user/3783563bde78.jpg HTTP/1.1" 200 3877 "http://meritokrat.org/search?first_name=&last_name=&country=1&region=28&city=&function=&visit_ts=&active=1&start_begin=&start_end=&activation_begin=&activation_end=&submit=+%D0%97%D0%BD%D0%B0%D0%B9%D1%82%D0%B8+%C2%BB+&page=4" "Mozilla/5.0 (Windows; U; Windows NT 5.1; ru; rv:1.9.2.13) Gecko/20101203 Firefox/3.6.13 ( .NET CLR 3.5.30729)"
::ffff:95.133.174.155 image.meritokrat.org - [05/Jan/2011:16:07:24 +0200] "GET /s/user/3296695eb30b.jpg HTTP/1.1" 200 12475 "http://meritokrat.org/search?first_name=&last_name=&country=1&region=28&city=&function=&visit_ts=&active=1&start_begin=&start_end=&activation_begin=&activation_end=&submit=+%D0%97%D0%BD%D0%B0%D0%B9%D1%82%D0%B8+%C2%BB+&page=4" "Mozilla/5.0 (Windows; U; Windows NT 5.1; ru; rv:1.9.2.13) Gecko/20101203 Firefox/3.6.13 ( .NET CLR 3.5.30729)"
::ffff:95.133.174.155 image.meritokrat.org - [05/Jan/2011:16:07:24 +0200] "GET /s/user/38383b463df1.jpg HTTP/1.1" 200 14194 "http://meritokrat.org/search?first_name=&last_name=&country=1&region=28&city=&function=&visit_ts=&active=1&start_begin=&start_end=&activation_begin=&activation_end=&submit=+%D0%97%D0%BD%D0%B0%D0%B9%D1%82%D0%B8+%C2%BB+&page=4" "Mozilla/5.0 (Windows; U; Windows NT 5.1; ru; rv:1.9.2.13) Gecko/20101203 Firefox/3.6.13 ( .NET CLR 3.5.30729)"
::ffff:95.133.174.155 image.meritokrat.org - [05/Jan/2011:16:07:24 +0200] "GET /s/user/36189e2cf1ce.jpg HTTP/1.1" 200 42753 "http://meritokrat.org/search?first_name=&last_name=&country=1&region=28&city=&function=&visit_ts=&active=1&start_begin=&start_end=&activation_begin=&activation_end=&submit=+%D0%97%D0%BD%D0%B0%D0%B9%D1%82%D0%B8+%C2%BB+&page=4" "Mozilla/5.0 (Windows; U; Windows NT 5.1; ru; rv:1.9.2.13) Gecko/20101203 Firefox/3.6.13 ( .NET CLR 3.5.30729)"
::ffff:77.123.71.78 meritokrat.org - [05/Jan/2011:16:07:29 +0200] "GET /profile/edit HTTP/1.1" 200 79980 "http://meritokrat.org/profile-2250" "Mozilla/5.0 (Windows; U; Windows NT 5.1; uk; rv:1.9.2.13) Gecko/20101203 Firefox/3.6.13 (.NET CLR 3.5.30729)"
::ffff:194.187.108.86 leskova1a.kiev.ua - [05/Jan/2011:16:07:31 +0200] "GET /ideas HTTP/1.1" 200 10581 "http://leskova1a.kiev.ua/blogs" "Mozilla/5.0 (Windows; U; Windows NT 5.1; ru; rv:1.9.1.16) Gecko/20101130 Firefox/3.5.16"
::ffff:94.178.224.128 meritokrat.org - [05/Jan/2011:16:07:32 +0200] "GET /static/javascript/jquery/jquery-1.4.2.js HTTP/1.1" 304 0 "http://meritokrat.org/profile-4259" "Mozilla/5.0 (Windows; U; Windows NT 5.1; ru; rv:1.9.2.13) Gecko/20101203 MRA 5.5 (build 02842) Firefox/3.6.13 (.NET CLR 3.5.30729)"
::ffff:94.178.224.128 meritokrat.org - [05/Jan/2011:16:07:32 +0200] "GET /static/javascript/jquery/jquery.ui.core.js HTTP/1.1" 304 0 "http://meritokrat.org/profile-4259" "Mozilla/5.0 (Windows; U; Windows NT 5.1; ru; rv:1.9.2.13) Gecko/20101203 MRA 5.5 (build 02842) Firefox/3.6.13 (.NET CLR 3.5.30729)"
::ffff:94.178.224.128 meritokrat.org - [05/Jan/2011:16:07:32 +0200] "GET /static/javascript/jquery/selects.js HTTP/1.1" 304 0 "http://meritokrat.org/profile-4259" "Mozilla/5.0 (Windows; U; Windows NT 5.1; ru; rv:1.9.2.13) Gecko/20101203 MRA 5.5 (build 02842) Firefox/3.6.13 (.NET CLR 3.5.30729)"
::ffff:94.178.224.128 meritokrat.org - [05/Jan/2011:16:07:32 +0200] "GET /static/javascript/jquery/css/jquery.ui.all.css HTTP/1.1" 304 0 "http://meritokrat.org/profile-4259" "Mozilla/5.0 (Windows; U; Windows NT 5.1; ru; rv:1.9.2.13) Gecko/20101203 MRA 5.5 (build 02842) Firefox/3.6.13 (.NET CLR 3.5.30729)"
::ffff:94.178.224.128 meritokrat.org - [05/Jan/2011:16:07:32 +0200] "GET /static/javascript/jquery/jquery.ui.widget.js HTTP/1.1" 304 0 "http://meritokrat.org/profile-4259" "Mozilla/5.0 (Windows; U; Windows NT 5.1; ru; rv:1.9.2.13) Gecko/20101203 MRA 5.5 (build 02842) Firefox/3.6.13 (.NET CLR 3.5.30729)"
::ffff:94.178.224.128 s1.meritokrat.org - [05/Jan/2011:16:07:32 +0200] "GET /system.css?1 HTTP/1.1" 304 0 "http://meritokrat.org/profile-4259" "Mozilla/5.0 (Windows; U; Windows NT 5.1; ru; rv:1.9.2.13) Gecko/20101203 MRA 5.5 (build 02842) Firefox/3.6.13 (.NET CLR 3.5.30729)"
::ffff:94.178.224.128 meritokrat.org - [05/Jan/2011:16:07:32 +0200] "GET /static/javascript/jquery/css/jquery.ui.base.css HTTP/1.1" 304 0 "http://meritokrat.org/static/javascript/jquery/css/jquery.ui.all.css" "Mozilla/5.0 (Windows; U; Windows NT 5.1; ru; rv:1.9.2.13) Gecko/20101203 MRA 5.5 (build 02842) Firefox/3.6.13 (.NET CLR 3.5.30729)"
::ffff:94.178.224.128 meritokrat.org - [05/Jan/2011:16:07:32 +0200] "GET /static/javascript/jquery/css/jquery.ui.theme.css HTTP/1.1" 304 0 "http://meritokrat.org/static/javascript/jquery/css/jquery.ui.all.css" "Mozilla/5.0 (Windows; U; Windows NT 5.1; ru; rv:1.9.2.13) Gecko/20101203 MRA 5.5 (build 02842) Firefox/3.6.13 (.NET CLR 3.5.30729)"
::ffff:94.178.224.128 meritokrat.org - [05/Jan/2011:16:07:32 +0200] "GET /profile-4259 HTTP/1.1" 200 35712 "http://meritokrat.org/messages/view?id=25462" "Mozilla/5.0 (Windows; U; Windows NT 5.1; ru; rv:1.9.2.13) Gecko/20101203 MRA 5.5 (build 02842) Firefox/3.6.13 (.NET CLR 3.5.30729)"
::ffff:94.178.224.128 meritokrat.org - [05/Jan/2011:16:07:32 +0200] "GET /static/javascript/jquery/css/jquery.ui.core.css HTTP/1.1" 304 0 "http://meritokrat.org/static/javascript/jquery/css/jquery.ui.base.css" "Mozilla/5.0 (Windows; U; Windows NT 5.1; ru; rv:1.9.2.13) Gecko/20101203 MRA 5.5 (build 02842) Firefox/3.6.13 (.NET CLR 3.5.30729)"
::ffff:94.178.224.128 meritokrat.org - [05/Jan/2011:16:07:32 +0200] "GET /static/javascript/jquery/css/jquery.ui.accordion.css HTTP/1.1" 304 0 "http://meritokrat.org/static/javascript/jquery/css/jquery.ui.base.css" "Mozilla/5.0 (Windows; U; Windows NT 5.1; ru; rv:1.9.2.13) Gecko/20101203 MRA 5.5 (build 02842) Firefox/3.6.13 (.NET CLR 3.5.30729)"
::ffff:94.178.224.128 meritokrat.org - [05/Jan/2011:16:07:32 +0200] "GET /static/javascript/jquery/css/jquery.ui.autocomplete.css HTTP/1.1" 304 0 "http://meritokrat.org/static/javascript/jquery/css/jquery.ui.base.css" "Mozilla/5.0 (Windows; U; Windows NT 5.1; ru; rv:1.9.2.13) Gecko/20101203 MRA 5.5 (build 02842) Firefox/3.6.13 (.NET CLR 3.5.30729)"
::ffff:94.178.224.128 meritokrat.org - [05/Jan/2011:16:07:32 +0200] "GET /static/javascript/jquery/css/jquery.ui.button.css HTTP/1.1" 304 0 "http://meritokrat.org/static/javascript/jquery/css/jquery.ui.base.css" "Mozilla/5.0 (Windows; U; Windows NT 5.1; ru; rv:1.9.2.13) Gecko/20101203 MRA 5.5 (build 02842) Firefox/3.6.13 (.NET CLR 3.5.30729)"
::ffff:94.178.224.128 meritokrat.org - [05/Jan/2011:16:07:32 +0200] "GET /static/javascript/jquery/css/jquery.ui.datepicker.css HTTP/1.1" 304 0 "http://meritokrat.org/static/javascript/jquery/css/jquery.ui.base.css" "Mozilla/5.0 (Windows; U; Windows NT 5.1; ru; rv:1.9.2.13) Gecko/20101203 MRA 5.5 (build 02842) Firefox/3.6.13 (.NET CLR 3.5.30729)"
::ffff:94.178.224.128 image.meritokrat.org - [05/Jan/2011:16:07:32 +0200] "GET /sm/user/45461b0ae715.jpg HTTP/1.1" 200 1844 "http://meritokrat.org/profile-4259" "Mozilla/5.0 (Windows; U; Windows NT 5.1; ru; rv:1.9.2.13) Gecko/20101203 MRA 5.5 (build 02842) Firefox/3.6.13 (.NET CLR 3.5.30729)"
::ffff:94.178.224.128 meritokrat.org - [05/Jan/2011:16:07:32 +0200] "GET /static/javascript/jquery/css/jquery.ui.dialog.css HTTP/1.1" 304 0 "http://meritokrat.org/static/javascript/jquery/css/jquery.ui.base.css" "Mozilla/5.0 (Windows; U; Windows NT 5.1; ru; rv:1.9.2.13) Gecko/20101203 MRA 5.5 (build 02842) Firefox/3.6.13 (.NET CLR 3.5.30729)"
::ffff:94.178.224.128 meritokrat.org - [05/Jan/2011:16:07:32 +0200] "GET /static/javascript/jquery/css/jquery.ui.progressbar.css HTTP/1.1" 304 0 "http://meritokrat.org/static/javascript/jquery/css/jquery.ui.base.css" "Mozilla/5.0 (Windows; U; Windows NT 5.1; ru; rv:1.9.2.13) Gecko/20101203 MRA 5.5 (build 02842) Firefox/3.6.13 (.NET CLR 3.5.30729)"
::ffff:94.178.224.128 meritokrat.org - [05/Jan/2011:16:07:32 +0200] "GET /static/javascript/jquery/css/jquery.ui.resizable.css HTTP/1.1" 304 0 "http://meritokrat.org/static/javascript/jquery/css/jquery.ui.base.css" "Mozilla/5.0 (Windows; U; Windows NT 5.1; ru; rv:1.9.2.13) Gecko/20101203 MRA 5.5 (build 02842) Firefox/3.6.13 (.NET CLR 3.5.30729)"
::ffff:94.178.224.128 meritokrat.org - [05/Jan/2011:16:07:32 +0200] "GET /static/javascript/jquery/css/jquery.ui.selectable.css HTTP/1.1" 304 0 "http://meritokrat.org/static/javascript/jquery/css/jquery.ui.base.css" "Mozilla/5.0 (Windows; U; Windows NT 5.1; ru; rv:1.9.2.13) Gecko/20101203 MRA 5.5 (build 02842) Firefox/3.6.13 (.NET CLR 3.5.30729)"
::ffff:94.178.224.128 meritokrat.org - [05/Jan/2011:16:07:32 +0200] "GET /static/javascript/jquery/css/jquery.ui.slider.css HTTP/1.1" 304 0 "http://meritokrat.org/static/javascript/jquery/css/jquery.ui.base.css" "Mozilla/5.0 (Windows; U; Windows NT 5.1; ru; rv:1.9.2.13) Gecko/20101203 MRA 5.5 (build 02842) Firefox/3.6.13 (.NET CLR 3.5.30729)"
::ffff:94.178.224.128 meritokrat.org - [05/Jan/2011:16:07:32 +0200] "GET /static/javascript/jquery/css/jquery.ui.tabs.css HTTP/1.1" 304 0 "http://meritokrat.org/static/javascript/jquery/css/jquery.ui.base.css" "Mozilla/5.0 (Windows; U; Windows NT 5.1; ru; rv:1.9.2.13) Gecko/20101203 MRA 5.5 (build 02842) Firefox/3.6.13 (.NET CLR 3.5.30729)"
::ffff:94.178.224.128 meritokrat.org - [05/Jan/2011:16:07:32 +0200] "GET /static/images/logos/logo.png HTTP/1.1" 304 0 "http://meritokrat.org/profile-4259" "Mozilla/5.0 (Windows; U; Windows NT 5.1; ru; rv:1.9.2.13) Gecko/20101203 MRA 5.5 (build 02842) Firefox/3.6.13 (.NET CLR 3.5.30729)"
::ffff:94.178.224.128 meritokrat.org - [05/Jan/2011:16:07:33 +0200] "GET /static/images/logos/logo2.png HTTP/1.1" 304 0 "http://meritokrat.org/profile-4259" "Mozilla/5.0 (Windows; U; Windows NT 5.1; ru; rv:1.9.2.13) Gecko/20101203 MRA 5.5 (build 02842) Firefox/3.6.13 (.NET CLR 3.5.30729)"
::ffff:94.178.224.128 meritokrat.org - [05/Jan/2011:16:07:33 +0200] "GET /static/images/icons/snow1.png HTTP/1.1" 304 0 "http://meritokrat.org/profile-4259" "Mozilla/5.0 (Windows; U; Windows NT 5.1; ru; rv:1.9.2.13) Gecko/20101203 MRA 5.5 (build 02842) Firefox/3.6.13 (.NET CLR 3.5.30729)"
::ffff:94.178.224.128 meritokrat.org - [05/Jan/2011:16:07:33 +0200] "GET /static/images/icons/snow2.png HTTP/1.1" 304 0 "http://meritokrat.org/profile-4259" "Mozilla/5.0 (Windows; U; Windows NT 5.1; ru; rv:1.9.2.13) Gecko/20101203 MRA 5.5 (build 02842) Firefox/3.6.13 (.NET CLR 3.5.30729)"
::ffff:94.178.224.128 s1.meritokrat.org - [05/Jan/2011:16:07:33 +0200] "GET /icons/ua.png HTTP/1.1" 304 0 "http://meritokrat.org/profile-4259" "Mozilla/5.0 (Windows; U; Windows NT 5.1; ru; rv:1.9.2.13) Gecko/20101203 MRA 5.5 (build 02842) Firefox/3.6.13 (.NET CLR 3.5.30729)"
::ffff:94.178.224.128 meritokrat.org - [05/Jan/2011:16:07:33 +0200] "GET /static/images/common/bg-header.jpg HTTP/1.1" 304 0 "http://meritokrat.org/profile-4259" "Mozilla/5.0 (Windows; U; Windows NT 5.1; ru; rv:1.9.2.13) Gecko/20101203 MRA 5.5 (build 02842) Firefox/3.6.13 (.NET CLR 3.5.30729)"
::ffff:94.178.224.128 meritokrat.org - [05/Jan/2011:16:07:33 +0200] "GET /static/images/common/bg-lines-bg.png HTTP/1.1" 304 0 "http://meritokrat.org/profile-4259" "Mozilla/5.0 (Windows; U; Windows NT 5.1; ru; rv:1.9.2.13) Gecko/20101203 MRA 5.5 (build 02842) Firefox/3.6.13 (.NET CLR 3.5.30729)"
::ffff:94.178.224.128 meritokrat.org - [05/Jan/2011:16:07:33 +0200] "GET /static/images/common/vacancies.gif HTTP/1.1" 304 0 "http://meritokrat.org/profile-4259" "Mozilla/5.0 (Windows; U; Windows NT 5.1; ru; rv:1.9.2.13) Gecko/20101203 MRA 5.5 (build 02842) Firefox/3.6.13 (.NET CLR 3.5.30729)"
::ffff:94.178.224.128 meritokrat.org - [05/Jan/2011:16:07:33 +0200] "GET /static/images/common/broshures.gif HTTP/1.1" 304 0 "http://meritokrat.org/profile-4259" "Mozilla/5.0 (Windows; U; Windows NT 5.1; ru; rv:1.9.2.13) Gecko/20101203 MRA 5.5 (build 02842) Firefox/3.6.13 (.NET CLR 3.5.30729)"
::ffff:94.178.224.128 meritokrat.org - [05/Jan/2011:16:07:33 +0200] "GET /static/images/common/desktop_small.gif HTTP/1.1" 304 0 "http://meritokrat.org/profile-4259" "Mozilla/5.0 (Windows; U; Windows NT 5.1; ru; rv:1.9.2.13) Gecko/20101203 MRA 5.5 (build 02842) Firefox/3.6.13 (.NET CLR 3.5.30729)"
::ffff:94.178.224.128 image.meritokrat.org - [05/Jan/2011:16:07:33 +0200] "GET /sm/user/31558fe7e66.jpg HTTP/1.1" 200 21897 "http://meritokrat.org/profile-4259" "Mozilla/5.0 (Windows; U; Windows NT 5.1; ru; rv:1.9.2.13) Gecko/20101203 MRA 5.5 (build 02842) Firefox/3.6.13 (.NET CLR 3.5.30729)"
::ffff:94.178.224.128 meritokrat.org - [05/Jan/2011:16:07:33 +0200] "GET /static/images/common/meritokratia.png HTTP/1.1" 304 0 "http://meritokrat.org/profile-4259" "Mozilla/5.0 (Windows; U; Windows NT 5.1; ru; rv:1.9.2.13) Gecko/20101203 MRA 5.5 (build 02842) Firefox/3.6.13 (.NET CLR 3.5.30729)"
::ffff:94.178.224.128 s1.meritokrat.org - [05/Jan/2011:16:07:33 +0200] "GET /icons/ru-2.png HTTP/1.1" 304 0 "http://meritokrat.org/profile-4259" "Mozilla/5.0 (Windows; U; Windows NT 5.1; ru; rv:1.9.2.13) Gecko/20101203 MRA 5.5 (build 02842) Firefox/3.6.13 (.NET CLR 3.5.30729)"
::ffff:94.178.224.128 s1.meritokrat.org - [05/Jan/2011:16:07:33 +0200] "GET /icons/down_icon_gray.png HTTP/1.1" 304 0 "http://s1.meritokrat.org/system.css?1" "Mozilla/5.0 (Windows; U; Windows NT 5.1; ru; rv:1.9.2.13) Gecko/20101203 MRA 5.5 (build 02842) Firefox/3.6.13 (.NET CLR 3.5.30729)"
::ffff:94.178.224.128 image.meritokrat.org - [05/Jan/2011:16:07:33 +0200] "GET /s/group/1578131c2e6.jpg HTTP/1.1" 200 1779 "http://meritokrat.org/profile-4259" "Mozilla/5.0 (Windows; U; Windows NT 5.1; ru; rv:1.9.2.13) Gecko/20101203 MRA 5.5 (build 02842) Firefox/3.6.13 (.NET CLR 3.5.30729)"
::ffff:94.178.224.128 image.meritokrat.org - [05/Jan/2011:16:07:33 +0200] "GET /s/group/1867a68b54.jpg HTTP/1.1" 200 1482 "http://meritokrat.org/profile-4259" "Mozilla/5.0 (Windows; U; Windows NT 5.1; ru; rv:1.9.2.13) Gecko/20101203 MRA 5.5 (build 02842) Firefox/3.6.13 (.NET CLR 3.5.30729)"
::ffff:94.178.224.128 meritokrat.org - [05/Jan/2011:16:07:33 +0200] "GET /static/images/common/avto.jpg HTTP/1.1" 304 0 "http://meritokrat.org/profile-4259" "Mozilla/5.0 (Windows; U; Windows NT 5.1; ru; rv:1.9.2.13) Gecko/20101203 MRA 5.5 (build 02842) Firefox/3.6.13 (.NET CLR 3.5.30729)"
::ffff:94.178.224.128 meritokrat.org - [05/Jan/2011:16:07:33 +0200] "GET /static/images/common/banner_ogoloshennya.gif HTTP/1.1" 304 0 "http://meritokrat.org/profile-4259" "Mozilla/5.0 (Windows; U; Windows NT 5.1; ru; rv:1.9.2.13) Gecko/20101203 MRA 5.5 (build 02842) Firefox/3.6.13 (.NET CLR 3.5.30729)"
::ffff:94.178.224.128 s1.meritokrat.org - [05/Jan/2011:16:07:33 +0200] "GET /common/loading.gif HTTP/1.1" 304 0 "http://meritokrat.org/profile-4259" "Mozilla/5.0 (Windows; U; Windows NT 5.1; ru; rv:1.9.2.13) Gecko/20101203 MRA 5.5 (build 02842) Firefox/3.6.13 (.NET CLR 3.5.30729)"
::ffff:94.178.224.128 image.meritokrat.org - [05/Jan/2011:16:07:33 +0200] "GET /sm/user/0.jpg HTTP/1.1" 200 641 "http://meritokrat.org/profile-4259" "Mozilla/5.0 (Windows; U; Windows NT 5.1; ru; rv:1.9.2.13) Gecko/20101203 MRA 5.5 (build 02842) Firefox/3.6.13 (.NET CLR 3.5.30729)"
::ffff:94.178.224.128 s1.meritokrat.org - [05/Jan/2011:16:07:33 +0200] "GET /common/box_head.gif HTTP/1.1" 304 0 "http://s1.meritokrat.org/system.css?1" "Mozilla/5.0 (Windows; U; Windows NT 5.1; ru; rv:1.9.2.13) Gecko/20101203 MRA 5.5 (build 02842) Firefox/3.6.13 (.NET CLR 3.5.30729)"
::ffff:94.178.224.128 s1.meritokrat.org - [05/Jan/2011:16:07:33 +0200] "GET /system.js?1 HTTP/1.1" 304 0 "http://meritokrat.org/profile-4259" "Mozilla/5.0 (Windows; U; Windows NT 5.1; ru; rv:1.9.2.13) Gecko/20101203 MRA 5.5 (build 02842) Firefox/3.6.13 (.NET CLR 3.5.30729)"
::ffff:94.178.224.128 s1.meritokrat.org - [05/Jan/2011:16:07:33 +0200] "GET /module_profile.js?1 HTTP/1.1" 304 0 "http://meritokrat.org/profile-4259" "Mozilla/5.0 (Windows; U; Windows NT 5.1; ru; rv:1.9.2.13) Gecko/20101203 MRA 5.5 (build 02842) Firefox/3.6.13 (.NET CLR 3.5.30729)"
::ffff:94.178.224.128 meritokrat.org - [05/Jan/2011:16:07:33 +0200] "GET /static/images/common/bg-footer.png HTTP/1.1" 304 0 "http://meritokrat.org/profile-4259" "Mozilla/5.0 (Windows; U; Windows NT 5.1; ru; rv:1.9.2.13) Gecko/20101203 MRA 5.5 (build 02842) Firefox/3.6.13 (.NET CLR 3.5.30729)"
