::ffff:93.73.68.173 meritokrat.org - [05/Jan/2011:16:01:53 +0200] "GET /static/javascript/jquery/css/jquery.ui.button.css HTTP/1.1" 200 646 "http://meritokrat.org/static/javascript/jquery/css/jquery.ui.base.css" "Mozilla/5.0 (Windows; U; Windows NT 5.1; ru; rv:1.9.2.13) Gecko/20101203 AskTbSPC2/3.9.1.14019 Firefox/3.6.13"
::ffff:93.73.68.173 meritokrat.org - [05/Jan/2011:16:01:53 +0200] "GET /static/javascript/jquery/css/jquery.ui.datepicker.css HTTP/1.1" 200 958 "http://meritokrat.org/static/javascript/jquery/css/jquery.ui.base.css" "Mozilla/5.0 (Windows; U; Windows NT 5.1; ru; rv:1.9.2.13) Gecko/20101203 AskTbSPC2/3.9.1.14019 Firefox/3.6.13"
::ffff:93.73.68.173 meritokrat.org - [05/Jan/2011:16:01:53 +0200] "GET /static/javascript/jquery/css/jquery.ui.dialog.css HTTP/1.1" 200 452 "http://meritokrat.org/static/javascript/jquery/css/jquery.ui.base.css" "Mozilla/5.0 (Windows; U; Windows NT 5.1; ru; rv:1.9.2.13) Gecko/20101203 AskTbSPC2/3.9.1.14019 Firefox/3.6.13"
::ffff:91.214.16.58 meritokrat.org - [05/Jan/2011:16:01:53 +0200] "GET /blog-5?page=5 HTTP/1.1" 200 19059 "http://meritokrat.org/blog-5?page=4" "Mozilla/4.0 (compatible; MSIE 8.0; Windows NT 6.1; WOW64; Trident/4.0; SLCC2; .NET CLR 2.0.50727; .NET CLR 3.5.30729; .NET CLR 3.0.30729; Media Center PC 6.0; InfoPath.2)"
::ffff:93.73.68.173 meritokrat.org - [05/Jan/2011:16:01:53 +0200] "GET /static/javascript/jquery/css/jquery.ui.progressbar.css HTTP/1.1" 200 114 "http://meritokrat.org/static/javascript/jquery/css/jquery.ui.base.css" "Mozilla/5.0 (Windows; U; Windows NT 5.1; ru; rv:1.9.2.13) Gecko/20101203 AskTbSPC2/3.9.1.14019 Firefox/3.6.13"
::ffff:93.73.68.173 meritokrat.org - [05/Jan/2011:16:01:53 +0200] "GET /static/javascript/jquery/css/jquery.ui.resizable.css HTTP/1.1" 200 306 "http://meritokrat.org/static/javascript/jquery/css/jquery.ui.base.css" "Mozilla/5.0 (Windows; U; Windows NT 5.1; ru; rv:1.9.2.13) Gecko/20101203 AskTbSPC2/3.9.1.14019 Firefox/3.6.13"
::ffff:93.73.68.173 meritokrat.org - [05/Jan/2011:16:01:53 +0200] "GET /static/javascript/jquery/css/jquery.ui.selectable.css HTTP/1.1" 200 101 "http://meritokrat.org/static/javascript/jquery/css/jquery.ui.base.css" "Mozilla/5.0 (Windows; U; Windows NT 5.1; ru; rv:1.9.2.13) Gecko/20101203 AskTbSPC2/3.9.1.14019 Firefox/3.6.13"
::ffff:93.73.68.173 meritokrat.org - [05/Jan/2011:16:01:53 +0200] "GET /static/javascript/jquery/css/jquery.ui.slider.css HTTP/1.1" 200 331 "http://meritokrat.org/static/javascript/jquery/css/jquery.ui.base.css" "Mozilla/5.0 (Windows; U; Windows NT 5.1; ru; rv:1.9.2.13) Gecko/20101203 AskTbSPC2/3.9.1.14019 Firefox/3.6.13"
::ffff:95.69.185.20 meritokrat.org - [05/Jan/2011:16:01:53 +0200] "GET /profile-1931 HTTP/1.1" 200 30429 "http://meritokrat.org/profile-1931" "Opera/9.80 (Windows NT 6.1; U; ru) Presto/2.2.15 Version/10.10"
::ffff:93.73.68.173 meritokrat.org - [05/Jan/2011:16:01:55 +0200] "GET /static/javascript/jquery/css/jquery.ui.tabs.css HTTP/1.1" 200 491 "http://meritokrat.org/static/javascript/jquery/css/jquery.ui.base.css" "Mozilla/5.0 (Windows; U; Windows NT 5.1; ru; rv:1.9.2.13) Gecko/20101203 AskTbSPC2/3.9.1.14019 Firefox/3.6.13"
::ffff:93.73.68.173 meritokrat.org - [05/Jan/2011:16:01:55 +0200] "GET /static/images/icons/snow1.png HTTP/1.1" 200 10710 "http://meritokrat.org/home" "Mozilla/5.0 (Windows; U; Windows NT 5.1; ru; rv:1.9.2.13) Gecko/20101203 AskTbSPC2/3.9.1.14019 Firefox/3.6.13"
::ffff:93.73.68.173 meritokrat.org - [05/Jan/2011:16:01:55 +0200] "GET /static/images/icons/snow2.png HTTP/1.1" 200 2384 "http://meritokrat.org/home" "Mozilla/5.0 (Windows; U; Windows NT 5.1; ru; rv:1.9.2.13) Gecko/20101203 AskTbSPC2/3.9.1.14019 Firefox/3.6.13"
::ffff:93.73.68.173 meritokrat.org - [05/Jan/2011:16:01:55 +0200] "GET /static/images/logos/logo.png HTTP/1.1" 200 4076 "http://meritokrat.org/home" "Mozilla/5.0 (Windows; U; Windows NT 5.1; ru; rv:1.9.2.13) Gecko/20101203 AskTbSPC2/3.9.1.14019 Firefox/3.6.13"
::ffff:93.73.68.173 meritokrat.org - [05/Jan/2011:16:01:55 +0200] "GET /static/images/logos/logo2.png HTTP/1.1" 200 3703 "http://meritokrat.org/home" "Mozilla/5.0 (Windows; U; Windows NT 5.1; ru; rv:1.9.2.13) Gecko/20101203 AskTbSPC2/3.9.1.14019 Firefox/3.6.13"
::ffff:93.73.68.173 meritokrat.org - [05/Jan/2011:16:01:55 +0200] "GET /static/javascript/jquery/jquery-1.4.2.js HTTP/1.1" 200 163855 "http://meritokrat.org/home" "Mozilla/5.0 (Windows; U; Windows NT 5.1; ru; rv:1.9.2.13) Gecko/20101203 AskTbSPC2/3.9.1.14019 Firefox/3.6.13"
::ffff:91.214.16.58 meritokrat.org - [05/Jan/2011:16:01:56 +0200] "GET /blog-5?page=1 HTTP/1.1" 200 28046 "http://meritokrat.org/blog-5?page=5" "Mozilla/4.0 (compatible; MSIE 8.0; Windows NT 6.1; WOW64; Trident/4.0; SLCC2; .NET CLR 2.0.50727; .NET CLR 3.5.30729; .NET CLR 3.0.30729; Media Center PC 6.0; InfoPath.2)"
::ffff:93.73.68.173 meritokrat.org - [05/Jan/2011:16:01:56 +0200] "GET /static/images/common/btn_arrow_right_gray.jpg HTTP/1.1" 200 1211 "http://meritokrat.org/home" "Mozilla/5.0 (Windows; U; Windows NT 5.1; ru; rv:1.9.2.13) Gecko/20101203 AskTbSPC2/3.9.1.14019 Firefox/3.6.13"
::ffff:93.73.68.173 meritokrat.org - [05/Jan/2011:16:01:56 +0200] "GET /static/images/common/btn_arrow_left_gray.jpg HTTP/1.1" 200 1101 "http://meritokrat.org/home" "Mozilla/5.0 (Windows; U; Windows NT 5.1; ru; rv:1.9.2.13) Gecko/20101203 AskTbSPC2/3.9.1.14019 Firefox/3.6.13"
::ffff:93.73.68.173 meritokrat.org - [05/Jan/2011:16:01:56 +0200] "GET /static/images/common/pidpysy.gif HTTP/1.1" 200 142969 "http://meritokrat.org/home" "Mozilla/5.0 (Windows; U; Windows NT 5.1; ru; rv:1.9.2.13) Gecko/20101203 AskTbSPC2/3.9.1.14019 Firefox/3.6.13"
::ffff:93.73.68.173 meritokrat.org - [05/Jan/2011:16:01:57 +0200] "GET /static/images/common/meritokratia.png HTTP/1.1" 200 6353 "http://meritokrat.org/home" "Mozilla/5.0 (Windows; U; Windows NT 5.1; ru; rv:1.9.2.13) Gecko/20101203 AskTbSPC2/3.9.1.14019 Firefox/3.6.13"
::ffff:93.73.68.173 meritokrat.org - [05/Jan/2011:16:01:57 +0200] "GET /static/images/common/avto.jpg HTTP/1.1" 200 7671 "http://meritokrat.org/home" "Mozilla/5.0 (Windows; U; Windows NT 5.1; ru; rv:1.9.2.13) Gecko/20101203 AskTbSPC2/3.9.1.14019 Firefox/3.6.13"
::ffff:93.73.68.173 meritokrat.org - [05/Jan/2011:16:01:57 +0200] "GET /static/images/common/banner_ogoloshennya.gif HTTP/1.1" 200 14001 "http://meritokrat.org/home" "Mozilla/5.0 (Windows; U; Windows NT 5.1; ru; rv:1.9.2.13) Gecko/20101203 AskTbSPC2/3.9.1.14019 Firefox/3.6.13"
::ffff:93.73.68.173 meritokrat.org - [05/Jan/2011:16:01:57 +0200] "GET /static/images/common/vacancies.gif HTTP/1.1" 200 155505 "http://meritokrat.org/home" "Mozilla/5.0 (Windows; U; Windows NT 5.1; ru; rv:1.9.2.13) Gecko/20101203 AskTbSPC2/3.9.1.14019 Firefox/3.6.13"
::ffff:93.73.68.173 image.meritokrat.org - [05/Jan/2011:16:01:57 +0200] "GET /s/user/3429ab613067.jpg HTTP/1.1" 200 8533 "http://meritokrat.org/home" "Mozilla/5.0 (Windows; U; Windows NT 5.1; ru; rv:1.9.2.13) Gecko/20101203 AskTbSPC2/3.9.1.14019 Firefox/3.6.13"
::ffff:93.73.68.173 meritokrat.org - [05/Jan/2011:16:01:57 +0200] "GET /static/images/common/desktop_small.gif HTTP/1.1" 200 105850 "http://meritokrat.org/home" "Mozilla/5.0 (Windows; U; Windows NT 5.1; ru; rv:1.9.2.13) Gecko/20101203 AskTbSPC2/3.9.1.14019 Firefox/3.6.13"
::ffff:93.73.68.173 meritokrat.org - [05/Jan/2011:16:01:57 +0200] "GET /static/images/common/broshures.gif HTTP/1.1" 200 60884 "http://meritokrat.org/home" "Mozilla/5.0 (Windows; U; Windows NT 5.1; ru; rv:1.9.2.13) Gecko/20101203 AskTbSPC2/3.9.1.14019 Firefox/3.6.13"
::ffff:93.73.68.173 image.meritokrat.org - [05/Jan/2011:16:01:57 +0200] "GET /s/user/53c357997.jpg HTTP/1.1" 200 25232 "http://meritokrat.org/home" "Mozilla/5.0 (Windows; U; Windows NT 5.1; ru; rv:1.9.2.13) Gecko/20101203 AskTbSPC2/3.9.1.14019 Firefox/3.6.13"
::ffff:93.73.68.173 image.meritokrat.org - [05/Jan/2011:16:01:57 +0200] "GET /s/user/293798efc9a0.jpg HTTP/1.1" 200 2452 "http://meritokrat.org/home" "Mozilla/5.0 (Windows; U; Windows NT 5.1; ru; rv:1.9.2.13) Gecko/20101203 AskTbSPC2/3.9.1.14019 Firefox/3.6.13"
::ffff:93.73.68.173 image.meritokrat.org - [05/Jan/2011:16:01:57 +0200] "GET /s/user/13346c1e87b8.jpg HTTP/1.1" 200 4236 "http://meritokrat.org/home" "Mozilla/5.0 (Windows; U; Windows NT 5.1; ru; rv:1.9.2.13) Gecko/20101203 AskTbSPC2/3.9.1.14019 Firefox/3.6.13"
::ffff:93.73.68.173 image.meritokrat.org - [05/Jan/2011:16:01:57 +0200] "GET /s/user/0.jpg HTTP/1.1" 200 751 "http://meritokrat.org/home" "Mozilla/5.0 (Windows; U; Windows NT 5.1; ru; rv:1.9.2.13) Gecko/20101203 AskTbSPC2/3.9.1.14019 Firefox/3.6.13"
::ffff:93.73.68.173 image.meritokrat.org - [05/Jan/2011:16:01:57 +0200] "GET /s/user/43917a32605.jpg HTTP/1.1" 200 20625 "http://meritokrat.org/home" "Mozilla/5.0 (Windows; U; Windows NT 5.1; ru; rv:1.9.2.13) Gecko/20101203 AskTbSPC2/3.9.1.14019 Firefox/3.6.13"
::ffff:93.73.68.173 image.meritokrat.org - [05/Jan/2011:16:01:57 +0200] "GET /s/user/42594291b29b.jpg HTTP/1.1" 200 10015 "http://meritokrat.org/home" "Mozilla/5.0 (Windows; U; Windows NT 5.1; ru; rv:1.9.2.13) Gecko/20101203 AskTbSPC2/3.9.1.14019 Firefox/3.6.13"
::ffff:93.73.68.173 image.meritokrat.org - [05/Jan/2011:16:01:57 +0200] "GET /s/user/3231522ead62.jpg HTTP/1.1" 200 1970 "http://meritokrat.org/home" "Mozilla/5.0 (Windows; U; Windows NT 5.1; ru; rv:1.9.2.13) Gecko/20101203 AskTbSPC2/3.9.1.14019 Firefox/3.6.13"
::ffff:93.73.68.173 image.meritokrat.org - [05/Jan/2011:16:01:57 +0200] "GET /s/user/1066ad978f58.jpg HTTP/1.1" 200 4578 "http://meritokrat.org/home" "Mozilla/5.0 (Windows; U; Windows NT 5.1; ru; rv:1.9.2.13) Gecko/20101203 AskTbSPC2/3.9.1.14019 Firefox/3.6.13"
::ffff:93.73.68.173 image.meritokrat.org - [05/Jan/2011:16:01:57 +0200] "GET /s/user/7059d9f9d6.jpg HTTP/1.1" 200 1828 "http://meritokrat.org/home" "Mozilla/5.0 (Windows; U; Windows NT 5.1; ru; rv:1.9.2.13) Gecko/20101203 AskTbSPC2/3.9.1.14019 Firefox/3.6.13"
::ffff:93.73.68.173 image.meritokrat.org - [05/Jan/2011:16:01:57 +0200] "GET /r/user/4527326df6f3.jpg HTTP/1.1" 200 3072 "http://meritokrat.org/home" "Mozilla/5.0 (Windows; U; Windows NT 5.1; ru; rv:1.9.2.13) Gecko/20101203 AskTbSPC2/3.9.1.14019 Firefox/3.6.13"
::ffff:93.73.68.173 image.meritokrat.org - [05/Jan/2011:16:01:57 +0200] "GET /r/user/4528e88ffa31.jpg HTTP/1.1" 200 2856 "http://meritokrat.org/home" "Mozilla/5.0 (Windows; U; Windows NT 5.1; ru; rv:1.9.2.13) Gecko/20101203 AskTbSPC2/3.9.1.14019 Firefox/3.6.13"
::ffff:93.73.68.173 image.meritokrat.org - [05/Jan/2011:16:01:57 +0200] "GET /r/user/45411f340177.jpg HTTP/1.1" 200 8307 "http://meritokrat.org/home" "Mozilla/5.0 (Windows; U; Windows NT 5.1; ru; rv:1.9.2.13) Gecko/20101203 AskTbSPC2/3.9.1.14019 Firefox/3.6.13"
::ffff:93.73.68.173 image.meritokrat.org - [05/Jan/2011:16:01:57 +0200] "GET /r/user/461572cc4bec.jpg HTTP/1.1" 200 3225 "http://meritokrat.org/home" "Mozilla/5.0 (Windows; U; Windows NT 5.1; ru; rv:1.9.2.13) Gecko/20101203 AskTbSPC2/3.9.1.14019 Firefox/3.6.13"
::ffff:93.73.68.173 image.meritokrat.org - [05/Jan/2011:16:01:57 +0200] "GET /r/user/29d6987c4d.jpg HTTP/1.1" 200 10791 "http://meritokrat.org/home" "Mozilla/5.0 (Windows; U; Windows NT 5.1; ru; rv:1.9.2.13) Gecko/20101203 AskTbSPC2/3.9.1.14019 Firefox/3.6.13"
::ffff:93.73.68.173 image.meritokrat.org - [05/Jan/2011:16:01:57 +0200] "GET /b/banners/a378b1cf35.jpg HTTP/1.1" 200 28805 "http://meritokrat.org/home" "Mozilla/5.0 (Windows; U; Windows NT 5.1; ru; rv:1.9.2.13) Gecko/20101203 AskTbSPC2/3.9.1.14019 Firefox/3.6.13"
::ffff:93.73.68.173 image.meritokrat.org - [05/Jan/2011:16:01:57 +0200] "GET /r/user/452652424c77.jpg HTTP/1.1" 200 38333 "http://meritokrat.org/home" "Mozilla/5.0 (Windows; U; Windows NT 5.1; ru; rv:1.9.2.13) Gecko/20101203 AskTbSPC2/3.9.1.14019 Firefox/3.6.13"
::ffff:93.73.68.173 image.meritokrat.org - [05/Jan/2011:16:01:58 +0200] "GET /b/banners/ad0b3b1d31.jpg HTTP/1.1" 200 9389 "http://meritokrat.org/home" "Mozilla/5.0 (Windows; U; Windows NT 5.1; ru; rv:1.9.2.13) Gecko/20101203 AskTbSPC2/3.9.1.14019 Firefox/3.6.13"
::ffff:93.73.68.173 image.meritokrat.org - [05/Jan/2011:16:01:58 +0200] "GET /b/banners/a42aad3406.jpg HTTP/1.1" 200 2777 "http://meritokrat.org/home" "Mozilla/5.0 (Windows; U; Windows NT 5.1; ru; rv:1.9.2.13) Gecko/20101203 AskTbSPC2/3.9.1.14019 Firefox/3.6.13"
::ffff:93.73.68.173 image.meritokrat.org - [05/Jan/2011:16:01:58 +0200] "GET /sm/user/0.jpg HTTP/1.1" 200 641 "http://meritokrat.org/home" "Mozilla/5.0 (Windows; U; Windows NT 5.1; ru; rv:1.9.2.13) Gecko/20101203 AskTbSPC2/3.9.1.14019 Firefox/3.6.13"
::ffff:93.73.68.173 image.meritokrat.org - [05/Jan/2011:16:01:58 +0200] "GET /s/group/178.jpg HTTP/1.1" 200 4261 "http://meritokrat.org/home" "Mozilla/5.0 (Windows; U; Windows NT 5.1; ru; rv:1.9.2.13) Gecko/20101203 AskTbSPC2/3.9.1.14019 Firefox/3.6.13"
::ffff:93.73.68.173 image.meritokrat.org - [05/Jan/2011:16:01:58 +0200] "GET /s/group/179.jpg HTTP/1.1" 200 4261 "http://meritokrat.org/home" "Mozilla/5.0 (Windows; U; Windows NT 5.1; ru; rv:1.9.2.13) Gecko/20101203 AskTbSPC2/3.9.1.14019 Firefox/3.6.13"
::ffff:93.73.68.173 image.meritokrat.org - [05/Jan/2011:16:01:58 +0200] "GET /s/group/177.jpg HTTP/1.1" 200 4261 "http://meritokrat.org/home" "Mozilla/5.0 (Windows; U; Windows NT 5.1; ru; rv:1.9.2.13) Gecko/20101203 AskTbSPC2/3.9.1.14019 Firefox/3.6.13"
::ffff:93.73.68.173 s1.meritokrat.org - [05/Jan/2011:16:01:59 +0200] "GET /system.css?1 HTTP/1.1" 200 4521 "http://meritokrat.org/home" "Mozilla/5.0 (Windows; U; Windows NT 5.1; ru; rv:1.9.2.13) Gecko/20101203 AskTbSPC2/3.9.1.14019 Firefox/3.6.13"
::ffff:93.73.68.173 s1.meritokrat.org - [05/Jan/2011:16:01:59 +0200] "GET /module_home.js?1 HTTP/1.1" 400 35 "http://meritokrat.org/home" "Mozilla/5.0 (Windows; U; Windows NT 5.1; ru; rv:1.9.2.13) Gecko/20101203 AskTbSPC2/3.9.1.14019 Firefox/3.6.13"
::ffff:93.73.68.173 s1.meritokrat.org - [05/Jan/2011:16:01:59 +0200] "GET /icons/ua.png HTTP/1.1" 200 425 "http://meritokrat.org/home" "Mozilla/5.0 (Windows; U; Windows NT 5.1; ru; rv:1.9.2.13) Gecko/20101203 AskTbSPC2/3.9.1.14019 Firefox/3.6.13"
::ffff:93.73.68.173 s1.meritokrat.org - [05/Jan/2011:16:01:59 +0200] "GET /icons/ru-2.png HTTP/1.1" 200 398 "http://meritokrat.org/home" "Mozilla/5.0 (Windows; U; Windows NT 5.1; ru; rv:1.9.2.13) Gecko/20101203 AskTbSPC2/3.9.1.14019 Firefox/3.6.13"
::ffff:93.73.68.173 s1.meritokrat.org - [05/Jan/2011:16:01:59 +0200] "GET /common/up.png HTTP/1.1" 200 744 "http://meritokrat.org/home" "Mozilla/5.0 (Windows; U; Windows NT 5.1; ru; rv:1.9.2.13) Gecko/20101203 AskTbSPC2/3.9.1.14019 Firefox/3.6.13"
::ffff:93.73.68.173 s1.meritokrat.org - [05/Jan/2011:16:02:00 +0200] "GET /system.js?1 HTTP/1.1" 200 26482 "http://meritokrat.org/home" "Mozilla/5.0 (Windows; U; Windows NT 5.1; ru; rv:1.9.2.13) Gecko/20101203 AskTbSPC2/3.9.1.14019 Firefox/3.6.13"
::ffff:46.4.22.195 meritokrat.org - [05/Jan/2011:16:02:01 +0200] "GET /admin/cron?mailists=1 HTTP/1.0" 200 0 "-" "Wget/1.11.4"
::ffff:93.73.68.173 meritokrat.org - [05/Jan/2011:16:02:01 +0200] "GET /favicon.ico HTTP/1.1" 200 1150 "-" "Mozilla/5.0 (Windows; U; Windows NT 5.1; ru; rv:1.9.2.13) Gecko/20101203 AskTbSPC2/3.9.1.14019 Firefox/3.6.13"
::ffff:93.73.68.173 s1.meritokrat.org - [05/Jan/2011:16:02:01 +0200] "GET /common/box_head.gif HTTP/1.1" 200 6962 "http://s1.meritokrat.org/system.css?1" "Mozilla/5.0 (Windows; U; Windows NT 5.1; ru; rv:1.9.2.13) Gecko/20101203 AskTbSPC2/3.9.1.14019 Firefox/3.6.13"
::ffff:93.73.68.173 meritokrat.org - [05/Jan/2011:16:02:01 +0200] "GET /static/images/common/bg-lines.png HTTP/1.1" 200 154 "http://meritokrat.org/home" "Mozilla/5.0 (Windows; U; Windows NT 5.1; ru; rv:1.9.2.13) Gecko/20101203 AskTbSPC2/3.9.1.14019 Firefox/3.6.13"
::ffff:93.73.68.173 s1.meritokrat.org - [05/Jan/2011:16:02:01 +0200] "GET /icons/down_icon_gray.png HTTP/1.1" 200 171 "http://s1.meritokrat.org/system.css?1" "Mozilla/5.0 (Windows; U; Windows NT 5.1; ru; rv:1.9.2.13) Gecko/20101203 AskTbSPC2/3.9.1.14019 Firefox/3.6.13"
::ffff:93.73.68.173 meritokrat.org - [05/Jan/2011:16:02:01 +0200] "GET /static/images/common/bg-header.jpg HTTP/1.1" 200 365 "http://meritokrat.org/home" "Mozilla/5.0 (Windows; U; Windows NT 5.1; ru; rv:1.9.2.13) Gecko/20101203 AskTbSPC2/3.9.1.14019 Firefox/3.6.13"
::ffff:93.73.68.173 meritokrat.org - [05/Jan/2011:16:02:01 +0200] "GET /static/images/common/bg-footer.png HTTP/1.1" 200 379 "http://meritokrat.org/home" "Mozilla/5.0 (Windows; U; Windows NT 5.1; ru; rv:1.9.2.13) Gecko/20101203 AskTbSPC2/3.9.1.14019 Firefox/3.6.13"
::ffff:93.73.68.173 meritokrat.org - [05/Jan/2011:16:02:01 +0200] "GET /static/images/common/footer.png HTTP/1.1" 200 11364 "http://meritokrat.org/home" "Mozilla/5.0 (Windows; U; Windows NT 5.1; ru; rv:1.9.2.13) Gecko/20101203 AskTbSPC2/3.9.1.14019 Firefox/3.6.13"
::ffff:178.95.108.121 meritokrat.org - [05/Jan/2011:16:02:05 +0200] "GET /polls HTTP/1.1" 200 25167 "http://meritokrat.org/poll158" "Mozilla/5.0 (Windows; U; Windows NT 6.1; en-US) AppleWebKit/534.10 (KHTML, like Gecko) Chrome/8.0.552.224 Safari/534.10"
::ffff:91.214.16.58 meritokrat.org - [05/Jan/2011:16:02:07 +0200] "GET /blog-5?page=2 HTTP/1.1" 200 27645 "http://meritokrat.org/blog-5?page=1" "Mozilla/4.0 (compatible; MSIE 8.0; Windows NT 6.1; WOW64; Trident/4.0; SLCC2; .NET CLR 2.0.50727; .NET CLR 3.5.30729; .NET CLR 3.0.30729; Media Center PC 6.0; InfoPath.2)"
::ffff:178.95.108.121 meritokrat.org - [05/Jan/2011:16:02:12 +0200] "GET /poll157 HTTP/1.1" 200 20307 "http://meritokrat.org/polls" "Mozilla/5.0 (Windows; U; Windows NT 6.1; en-US) AppleWebKit/534.10 (KHTML, like Gecko) Chrome/8.0.552.224 Safari/534.10"
::ffff:91.214.16.58 meritokrat.org - [05/Jan/2011:16:02:14 +0200] "GET /blogpost402 HTTP/1.1" 200 200630 "http://meritokrat.org/blog-5?page=2" "Mozilla/4.0 (compatible; MSIE 8.0; Windows NT 6.1; WOW64; Trident/4.0; SLCC2; .NET CLR 2.0.50727; .NET CLR 3.5.30729; .NET CLR 3.0.30729; Media Center PC 6.0; InfoPath.2)"
::ffff:178.95.108.121 meritokrat.org - [05/Jan/2011:16:02:19 +0200] "GET /profile-4149 HTTP/1.1" 200 32793 "http://meritokrat.org/poll157" "Mozilla/5.0 (Windows; U; Windows NT 6.1; en-US) AppleWebKit/534.10 (KHTML, like Gecko) Chrome/8.0.552.224 Safari/534.10"
::ffff:82.117.236.15 meritokrat.org - [05/Jan/2011:16:02:23 +0200] "GET /home HTTP/1.1" 200 55013 "-" "Mozilla/5.0 (Windows; U; Windows NT 5.1; en-US) AppleWebKit/534.15 (KHTML, like Gecko) Chrome/10.0.612.3 Safari/534.15"
::ffff:82.117.236.15 image.meritokrat.org - [05/Jan/2011:16:02:23 +0200] "GET /s/user/3429ab613067.jpg HTTP/1.1" 200 8533 "http://meritokrat.org/home" "Mozilla/5.0 (Windows; U; Windows NT 5.1; en-US) AppleWebKit/534.15 (KHTML, like Gecko) Chrome/10.0.612.3 Safari/534.15"
::ffff:82.117.236.15 image.meritokrat.org - [05/Jan/2011:16:02:23 +0200] "GET /s/user/13346c1e87b8.jpg HTTP/1.1" 200 4236 "http://meritokrat.org/home" "Mozilla/5.0 (Windows; U; Windows NT 5.1; en-US) AppleWebKit/534.15 (KHTML, like Gecko) Chrome/10.0.612.3 Safari/534.15"
::ffff:82.117.236.15 meritokrat.org - [05/Jan/2011:16:02:23 +0200] "GET /static/images/common/pidpysy.gif HTTP/1.1" 304 0 "http://meritokrat.org/home" "Mozilla/5.0 (Windows; U; Windows NT 5.1; en-US) AppleWebKit/534.15 (KHTML, like Gecko) Chrome/10.0.612.3 Safari/534.15"
::ffff:82.117.236.15 image.meritokrat.org - [05/Jan/2011:16:02:23 +0200] "GET /r/user/45461b0ae715.jpg HTTP/1.1" 200 4589 "http://meritokrat.org/home" "Mozilla/5.0 (Windows; U; Windows NT 5.1; en-US) AppleWebKit/534.15 (KHTML, like Gecko) Chrome/10.0.612.3 Safari/534.15"
::ffff:82.117.236.15 image.meritokrat.org - [05/Jan/2011:16:02:23 +0200] "GET /r/user/4594a47f3465.jpg HTTP/1.1" 200 18479 "http://meritokrat.org/home" "Mozilla/5.0 (Windows; U; Windows NT 5.1; en-US) AppleWebKit/534.15 (KHTML, like Gecko) Chrome/10.0.612.3 Safari/534.15"
::ffff:82.117.236.15 image.meritokrat.org - [05/Jan/2011:16:02:23 +0200] "GET /r/user/4669d23f8507.jpg HTTP/1.1" 200 21815 "http://meritokrat.org/home" "Mozilla/5.0 (Windows; U; Windows NT 5.1; en-US) AppleWebKit/534.15 (KHTML, like Gecko) Chrome/10.0.612.3 Safari/534.15"
::ffff:82.117.236.15 image.meritokrat.org - [05/Jan/2011:16:02:23 +0200] "GET /s/group/172cf50866d.jpg HTTP/1.1" 200 3002 "http://meritokrat.org/home" "Mozilla/5.0 (Windows; U; Windows NT 5.1; en-US) AppleWebKit/534.15 (KHTML, like Gecko) Chrome/10.0.612.3 Safari/534.15"
::ffff:82.117.236.15 image.meritokrat.org - [05/Jan/2011:16:02:23 +0200] "GET /r/user/461572cc4bec.jpg HTTP/1.1" 200 3225 "http://meritokrat.org/home" "Mozilla/5.0 (Windows; U; Windows NT 5.1; en-US) AppleWebKit/534.15 (KHTML, like Gecko) Chrome/10.0.612.3 Safari/534.15"
::ffff:82.117.236.15 image.meritokrat.org - [05/Jan/2011:16:02:23 +0200] "GET /r/user/452652424c77.jpg HTTP/1.1" 200 38333 "http://meritokrat.org/home" "Mozilla/5.0 (Windows; U; Windows NT 5.1; en-US) AppleWebKit/534.15 (KHTML, like Gecko) Chrome/10.0.612.3 Safari/534.15"
::ffff:82.117.236.15 image.meritokrat.org - [05/Jan/2011:16:02:23 +0200] "GET /sm/user/2344474f76f5.jpg HTTP/1.1" 200 18367 "http://meritokrat.org/home" "Mozilla/5.0 (Windows; U; Windows NT 5.1; en-US) AppleWebKit/534.15 (KHTML, like Gecko) Chrome/10.0.612.3 Safari/534.15"
::ffff:82.117.236.15 meritokrat.org - [05/Jan/2011:16:02:23 +0200] "GET /favicon.ico HTTP/1.1" 200 1150 "-" "Mozilla/5.0 (Windows; U; Windows NT 5.1; en-US) AppleWebKit/534.15 (KHTML, like Gecko) Chrome/10.0.612.3 Safari/534.15"
::ffff:82.117.236.15 meritokrat.org - [05/Jan/2011:16:02:25 +0200] "GET /comments HTTP/1.1" 200 32977 "http://meritokrat.org/home" "Mozilla/5.0 (Windows; U; Windows NT 5.1; en-US) AppleWebKit/534.15 (KHTML, like Gecko) Chrome/10.0.612.3 Safari/534.15"
::ffff:82.117.236.15 image.meritokrat.org - [05/Jan/2011:16:02:25 +0200] "GET /s/user/177430726acb.jpg HTTP/1.1" 200 7422 "http://meritokrat.org/comments" "Mozilla/5.0 (Windows; U; Windows NT 5.1; en-US) AppleWebKit/534.15 (KHTML, like Gecko) Chrome/10.0.612.3 Safari/534.15"
::ffff:82.117.236.15 image.meritokrat.org - [05/Jan/2011:16:02:25 +0200] "GET /s/user/2095b8b560a6.jpg HTTP/1.1" 200 1204 "http://meritokrat.org/comments" "Mozilla/5.0 (Windows; U; Windows NT 5.1; en-US) AppleWebKit/534.15 (KHTML, like Gecko) Chrome/10.0.612.3 Safari/534.15"
::ffff:82.117.236.15 image.meritokrat.org - [05/Jan/2011:16:02:25 +0200] "GET /s/user/452652424c77.jpg HTTP/1.1" 200 34461 "http://meritokrat.org/comments" "Mozilla/5.0 (Windows; U; Windows NT 5.1; en-US) AppleWebKit/534.15 (KHTML, like Gecko) Chrome/10.0.612.3 Safari/534.15"
::ffff:82.117.236.15 image.meritokrat.org - [05/Jan/2011:16:02:25 +0200] "GET /s/user/1455f7500f91.jpg HTTP/1.1" 200 68127 "http://meritokrat.org/comments" "Mozilla/5.0 (Windows; U; Windows NT 5.1; en-US) AppleWebKit/534.15 (KHTML, like Gecko) Chrome/10.0.612.3 Safari/534.15"
::ffff:91.214.16.58 meritokrat.org - [05/Jan/2011:16:02:29 +0200] "GET /blogs HTTP/1.1" 200 29307 "http://meritokrat.org/blogpost402" "Mozilla/4.0 (compatible; MSIE 8.0; Windows NT 6.1; WOW64; Trident/4.0; SLCC2; .NET CLR 2.0.50727; .NET CLR 3.5.30729; .NET CLR 3.0.30729; Media Center PC 6.0; InfoPath.2)"
::ffff:95.133.174.155 meritokrat.org - [05/Jan/2011:16:02:38 +0200] "GET /home HTTP/1.1" 200 55054 "-" "Mozilla/5.0 (Windows; U; Windows NT 5.1; ru; rv:1.9.2.13) Gecko/20101203 Firefox/3.6.13 ( .NET CLR 3.5.30729)"
::ffff:95.133.174.155 image.meritokrat.org - [05/Jan/2011:16:02:39 +0200] "GET /r/user/45138c9e1883.jpg HTTP/1.1" 200 9816 "http://meritokrat.org/home" "Mozilla/5.0 (Windows; U; Windows NT 5.1; ru; rv:1.9.2.13) Gecko/20101203 Firefox/3.6.13 ( .NET CLR 3.5.30729)"
::ffff:95.133.174.155 image.meritokrat.org - [05/Jan/2011:16:02:39 +0200] "GET /r/user/461572cc4bec.jpg HTTP/1.1" 200 3225 "http://meritokrat.org/home" "Mozilla/5.0 (Windows; U; Windows NT 5.1; ru; rv:1.9.2.13) Gecko/20101203 Firefox/3.6.13 ( .NET CLR 3.5.30729)"
::ffff:95.133.174.155 s1.meritokrat.org - [05/Jan/2011:16:02:39 +0200] "GET /module_home.js?1 HTTP/1.1" 400 35 "http://meritokrat.org/home" "Mozilla/5.0 (Windows; U; Windows NT 5.1; ru; rv:1.9.2.13) Gecko/20101203 Firefox/3.6.13 ( .NET CLR 3.5.30729)"
::ffff:95.133.174.155 image.meritokrat.org - [05/Jan/2011:16:02:39 +0200] "GET /r/user/4657ddc7e69d.jpg HTTP/1.1" 200 4084 "http://meritokrat.org/home" "Mozilla/5.0 (Windows; U; Windows NT 5.1; ru; rv:1.9.2.13) Gecko/20101203 Firefox/3.6.13 ( .NET CLR 3.5.30729)"
::ffff:95.133.174.155 image.meritokrat.org - [05/Jan/2011:16:02:40 +0200] "GET /r/user/452652424c77.jpg HTTP/1.1" 200 38333 "http://meritokrat.org/home" "Mozilla/5.0 (Windows; U; Windows NT 5.1; ru; rv:1.9.2.13) Gecko/20101203 Firefox/3.6.13 ( .NET CLR 3.5.30729)"
::ffff:95.133.174.155 meritokrat.org - [05/Jan/2011:16:02:40 +0200] "GET /static/images/common/pidpysy.gif HTTP/1.1" 200 142969 "http://meritokrat.org/home" "Mozilla/5.0 (Windows; U; Windows NT 5.1; ru; rv:1.9.2.13) Gecko/20101203 Firefox/3.6.13 ( .NET CLR 3.5.30729)"
::ffff:95.133.174.155 meritokrat.org - [05/Jan/2011:16:02:41 +0200] "GET /messages HTTP/1.1" 200 29083 "http://meritokrat.org/home" "Mozilla/5.0 (Windows; U; Windows NT 5.1; ru; rv:1.9.2.13) Gecko/20101203 Firefox/3.6.13 ( .NET CLR 3.5.30729)"
::ffff:194.187.108.86 meritokrat.org - [05/Jan/2011:16:02:42 +0200] "GET /friends/shared?user=2641 HTTP/1.1" 200 14479 "http://meritokrat.org/profile-2641" "Mozilla/5.0 (Windows; U; Windows NT 5.1; ru; rv:1.9.2.10) Gecko/20100914 Firefox/3.6.10 (.NET CLR 3.5.30729)"
::ffff:194.187.108.86 s1.meritokrat.org - [05/Jan/2011:16:02:42 +0200] "GET /module_ooops.js?1 HTTP/1.1" 200 84 "http://meritokrat.org/friends/shared?user=2641" "Mozilla/5.0 (Windows; U; Windows NT 5.1; ru; rv:1.9.2.10) Gecko/20100914 Firefox/3.6.10 (.NET CLR 3.5.30729)"
::ffff:91.214.16.58 meritokrat.org - [05/Jan/2011:16:02:42 +0200] "GET /blogs?page=2 HTTP/1.1" 200 28225 "http://meritokrat.org/blogs" "Mozilla/4.0 (compatible; MSIE 8.0; Windows NT 6.1; WOW64; Trident/4.0; SLCC2; .NET CLR 2.0.50727; .NET CLR 3.5.30729; .NET CLR 3.0.30729; Media Center PC 6.0; InfoPath.2)"
::ffff:91.214.16.58 image.meritokrat.org - [05/Jan/2011:16:02:43 +0200] "GET /s/user/43637ad672d1.jpg HTTP/1.1" 200 1441 "http://meritokrat.org/blogs?page=2" "Mozilla/4.0 (compatible; MSIE 8.0; Windows NT 6.1; WOW64; Trident/4.0; SLCC2; .NET CLR 2.0.50727; .NET CLR 3.5.30729; .NET CLR 3.0.30729; Media Center PC 6.0; InfoPath.2)"
::ffff:91.214.16.58 image.meritokrat.org - [05/Jan/2011:16:02:43 +0200] "GET /s/user/35531453b93e.jpg HTTP/1.1" 200 4382 "http://meritokrat.org/blogs?page=2" "Mozilla/4.0 (compatible; MSIE 8.0; Windows NT 6.1; WOW64; Trident/4.0; SLCC2; .NET CLR 2.0.50727; .NET CLR 3.5.30729; .NET CLR 3.0.30729; Media Center PC 6.0; InfoPath.2)"
::ffff:95.133.174.155 meritokrat.org - [05/Jan/2011:16:02:46 +0200] "GET /messages/view?id=25653 HTTP/1.1" 200 20724 "http://meritokrat.org/messages" "Mozilla/5.0 (Windows; U; Windows NT 5.1; ru; rv:1.9.2.13) Gecko/20101203 Firefox/3.6.13 ( .NET CLR 3.5.30729)"
::ffff:194.187.108.86 meritokrat.org - [05/Jan/2011:16:02:46 +0200] "GET /profile-2641 HTTP/1.1" 200 49342 "http://meritokrat.org/blogpost577" "Mozilla/5.0 (Windows; U; Windows NT 5.1; ru; rv:1.9.2.10) Gecko/20100914 Firefox/3.6.10 (.NET CLR 3.5.30729)"
::ffff:77.123.71.78 meritokrat.org - [05/Jan/2011:16:02:50 +0200] "POST /profile/branding HTTP/1.1" 200 16597 "http://meritokrat.org/profile/branding" "Mozilla/5.0 (Windows; U; Windows NT 5.1; uk; rv:1.9.2.13) Gecko/20101203 Firefox/3.6.13 (.NET CLR 3.5.30729)"
::ffff:77.123.71.78 meritokrat.org - [05/Jan/2011:16:02:50 +0200] "GET /static/branding/2250/7ce07bd8/1.jpg HTTP/1.1" 200 46485 "http://meritokrat.org/profile/branding" "Mozilla/5.0 (Windows; U; Windows NT 5.1; uk; rv:1.9.2.13) Gecko/20101203 Firefox/3.6.13 (.NET CLR 3.5.30729)"
::ffff:77.123.71.78 meritokrat.org - [05/Jan/2011:16:02:50 +0200] "GET /static/images/logo2.png HTTP/1.1" 200 1201 "http://meritokrat.org/profile/branding" "Mozilla/5.0 (Windows; U; Windows NT 5.1; uk; rv:1.9.2.13) Gecko/20101203 Firefox/3.6.13 (.NET CLR 3.5.30729)"
::ffff:77.123.71.78 meritokrat.org - [05/Jan/2011:16:02:50 +0200] "GET /static/images/logo.png HTTP/1.1" 200 677 "http://meritokrat.org/profile/branding" "Mozilla/5.0 (Windows; U; Windows NT 5.1; uk; rv:1.9.2.13) Gecko/20101203 Firefox/3.6.13 (.NET CLR 3.5.30729)"
::ffff:194.187.108.86 meritokrat.org - [05/Jan/2011:16:02:51 +0200] "GET /admin/approve_recomendation?id=316 HTTP/1.1" 302 0 "-" "Mozilla/5.0 (Windows; U; Windows NT 5.1; ru; rv:1.9.2.10) Gecko/20100914 Firefox/3.6.10 (.NET CLR 3.5.30729)"
::ffff:194.187.108.86 meritokrat.org - [05/Jan/2011:16:02:52 +0200] "GET /profile-4670 HTTP/1.1" 200 28283 "-" "Mozilla/5.0 (Windows; U; Windows NT 5.1; ru; rv:1.9.2.10) Gecko/20100914 Firefox/3.6.10 (.NET CLR 3.5.30729)"
::ffff:77.123.71.78 meritokrat.org - [05/Jan/2011:16:02:53 +0200] "GET /static/php/getfile.php?f=/static/branding/2250/7ce07bd8/1.jpg HTTP/1.1" 200 46543 "http://meritokrat.org/profile/branding" "Mozilla/5.0 (Windows; U; Windows NT 5.1; uk; rv:1.9.2.13) Gecko/20101203 Firefox/3.6.13 (.NET CLR 3.5.30729)"
::ffff:95.133.174.155 meritokrat.org - [05/Jan/2011:16:02:58 +0200] "POST /messages/reply HTTP/1.1" 200 233 "http://meritokrat.org/messages/view?id=25653" "Mozilla/5.0 (Windows; U; Windows NT 5.1; ru; rv:1.9.2.13) Gecko/20101203 Firefox/3.6.13 ( .NET CLR 3.5.30729)"
::ffff:194.187.108.86 meritokrat.org - [05/Jan/2011:16:02:58 +0200] "GET /admin/approve_recomendation?id=315 HTTP/1.1" 302 0 "-" "Mozilla/5.0 (Windows; U; Windows NT 5.1; ru; rv:1.9.2.10) Gecko/20100914 Firefox/3.6.10 (.NET CLR 3.5.30729)"
::ffff:194.187.108.86 meritokrat.org - [05/Jan/2011:16:02:59 +0200] "GET /profile-4671 HTTP/1.1" 200 28373 "-" "Mozilla/5.0 (Windows; U; Windows NT 5.1; ru; rv:1.9.2.10) Gecko/20100914 Firefox/3.6.10 (.NET CLR 3.5.30729)"
::ffff:46.4.22.195 meritokrat.org - [05/Jan/2011:16:03:01 +0200] "GET /admin/cron HTTP/1.0" 200 0 "-" "Wget/1.11.4"
::ffff:46.4.22.195 meritokrat.org - [05/Jan/2011:16:03:01 +0200] "GET /admin/cron?mailists=1 HTTP/1.0" 200 0 "-" "Wget/1.11.4"
::ffff:95.133.174.155 meritokrat.org - [05/Jan/2011:16:03:02 +0200] "GET /groups HTTP/1.1" 200 32581 "http://meritokrat.org/messages/view?id=25653" "Mozilla/5.0 (Windows; U; Windows NT 5.1; ru; rv:1.9.2.13) Gecko/20101203 Firefox/3.6.13 ( .NET CLR 3.5.30729)"
::ffff:95.133.174.155 meritokrat.org - [05/Jan/2011:16:03:05 +0200] "GET /groups?page=2 HTTP/1.1" 200 33204 "http://meritokrat.org/groups" "Mozilla/5.0 (Windows; U; Windows NT 5.1; ru; rv:1.9.2.13) Gecko/20101203 Firefox/3.6.13 ( .NET CLR 3.5.30729)"
::ffff:95.133.174.155 meritokrat.org - [05/Jan/2011:16:03:09 +0200] "GET /group107 HTTP/1.1" 200 36565 "http://meritokrat.org/groups?page=2" "Mozilla/5.0 (Windows; U; Windows NT 5.1; ru; rv:1.9.2.13) Gecko/20101203 Firefox/3.6.13 ( .NET CLR 3.5.30729)"
::ffff:95.133.174.155 image.meritokrat.org - [05/Jan/2011:16:03:10 +0200] "GET /s/user/2974226e65b4.jpg HTTP/1.1" 200 22761 "http://meritokrat.org/group107" "Mozilla/5.0 (Windows; U; Windows NT 5.1; ru; rv:1.9.2.13) Gecko/20101203 Firefox/3.6.13 ( .NET CLR 3.5.30729)"
::ffff:194.187.108.86 meritokrat.org - [05/Jan/2011:16:03:16 +0200] "GET /static/javascript/jquery/jquery-1.4.2.js HTTP/1.1" 304 0 "http://meritokrat.org/friends?user=2546" "Mozilla/5.0 (Windows; U; Windows NT 5.1; ru; rv:1.9.1.5) Gecko/20091102 Firefox/3.5.5 (.NET CLR 3.5.30729)"
::ffff:194.187.108.86 meritokrat.org - [05/Jan/2011:16:03:16 +0200] "GET /friends?user=2546 HTTP/1.1" 200 27005 "http://meritokrat.org/profile-2546" "Mozilla/5.0 (Windows; U; Windows NT 5.1; ru; rv:1.9.1.5) Gecko/20091102 Firefox/3.5.5 (.NET CLR 3.5.30729)"
::ffff:194.187.108.86 meritokrat.org - [05/Jan/2011:16:03:17 +0200] "GET /static/javascript/jquery/jquery.ui.core.js HTTP/1.1" 304 0 "http://meritokrat.org/friends?user=2546" "Mozilla/5.0 (Windows; U; Windows NT 5.1; ru; rv:1.9.1.5) Gecko/20091102 Firefox/3.5.5 (.NET CLR 3.5.30729)"
::ffff:194.187.108.86 meritokrat.org - [05/Jan/2011:16:03:17 +0200] "GET /static/javascript/jquery/css/jquery.ui.all.css HTTP/1.1" 304 0 "http://meritokrat.org/friends?user=2546" "Mozilla/5.0 (Windows; U; Windows NT 5.1; ru; rv:1.9.1.5) Gecko/20091102 Firefox/3.5.5 (.NET CLR 3.5.30729)"
::ffff:194.187.108.86 meritokrat.org - [05/Jan/2011:16:03:17 +0200] "GET /static/javascript/jquery/selects.js HTTP/1.1" 304 0 "http://meritokrat.org/friends?user=2546" "Mozilla/5.0 (Windows; U; Windows NT 5.1; ru; rv:1.9.1.5) Gecko/20091102 Firefox/3.5.5 (.NET CLR 3.5.30729)"
::ffff:194.187.108.86 meritokrat.org - [05/Jan/2011:16:03:17 +0200] "GET /static/javascript/jquery/jquery.ui.widget.js HTTP/1.1" 304 0 "http://meritokrat.org/friends?user=2546" "Mozilla/5.0 (Windows; U; Windows NT 5.1; ru; rv:1.9.1.5) Gecko/20091102 Firefox/3.5.5 (.NET CLR 3.5.30729)"
::ffff:194.187.108.86 meritokrat.org - [05/Jan/2011:16:03:17 +0200] "GET /static/javascript/jquery/css/jquery.ui.base.css HTTP/1.1" 304 0 "http://meritokrat.org/static/javascript/jquery/css/jquery.ui.all.css" "Mozilla/5.0 (Windows; U; Windows NT 5.1; ru; rv:1.9.1.5) Gecko/20091102 Firefox/3.5.5 (.NET CLR 3.5.30729)"
::ffff:194.187.108.86 meritokrat.org - [05/Jan/2011:16:03:17 +0200] "GET /static/javascript/jquery/css/jquery.ui.theme.css HTTP/1.1" 304 0 "http://meritokrat.org/static/javascript/jquery/css/jquery.ui.all.css" "Mozilla/5.0 (Windows; U; Windows NT 5.1; ru; rv:1.9.1.5) Gecko/20091102 Firefox/3.5.5 (.NET CLR 3.5.30729)"
::ffff:194.187.108.86 meritokrat.org - [05/Jan/2011:16:03:17 +0200] "GET /static/javascript/jquery/css/jquery.ui.core.css HTTP/1.1" 304 0 "http://meritokrat.org/static/javascript/jquery/css/jquery.ui.base.css" "Mozilla/5.0 (Windows; U; Windows NT 5.1; ru; rv:1.9.1.5) Gecko/20091102 Firefox/3.5.5 (.NET CLR 3.5.30729)"
::ffff:194.187.108.86 meritokrat.org - [05/Jan/2011:16:03:17 +0200] "GET /static/javascript/jquery/css/jquery.ui.accordion.css HTTP/1.1" 304 0 "http://meritokrat.org/static/javascript/jquery/css/jquery.ui.base.css" "Mozilla/5.0 (Windows; U; Windows NT 5.1; ru; rv:1.9.1.5) Gecko/20091102 Firefox/3.5.5 (.NET CLR 3.5.30729)"
::ffff:194.187.108.86 meritokrat.org - [05/Jan/2011:16:03:17 +0200] "GET /static/javascript/jquery/css/jquery.ui.autocomplete.css HTTP/1.1" 304 0 "http://meritokrat.org/static/javascript/jquery/css/jquery.ui.base.css" "Mozilla/5.0 (Windows; U; Windows NT 5.1; ru; rv:1.9.1.5) Gecko/20091102 Firefox/3.5.5 (.NET CLR 3.5.30729)"
::ffff:194.187.108.86 meritokrat.org - [05/Jan/2011:16:03:17 +0200] "GET /static/javascript/jquery/css/jquery.ui.button.css HTTP/1.1" 304 0 "http://meritokrat.org/static/javascript/jquery/css/jquery.ui.base.css" "Mozilla/5.0 (Windows; U; Windows NT 5.1; ru; rv:1.9.1.5) Gecko/20091102 Firefox/3.5.5 (.NET CLR 3.5.30729)"
::ffff:194.187.108.86 meritokrat.org - [05/Jan/2011:16:03:17 +0200] "GET /static/javascript/jquery/css/jquery.ui.progressbar.css HTTP/1.1" 304 0 "http://meritokrat.org/static/javascript/jquery/css/jquery.ui.base.css" "Mozilla/5.0 (Windows; U; Windows NT 5.1; ru; rv:1.9.1.5) Gecko/20091102 Firefox/3.5.5 (.NET CLR 3.5.30729)"
::ffff:194.187.108.86 meritokrat.org - [05/Jan/2011:16:03:17 +0200] "GET /static/javascript/jquery/css/jquery.ui.datepicker.css HTTP/1.1" 304 0 "http://meritokrat.org/static/javascript/jquery/css/jquery.ui.base.css" "Mozilla/5.0 (Windows; U; Windows NT 5.1; ru; rv:1.9.1.5) Gecko/20091102 Firefox/3.5.5 (.NET CLR 3.5.30729)"
::ffff:194.187.108.86 s1.meritokrat.org - [05/Jan/2011:16:03:17 +0200] "GET /system.css?1 HTTP/1.1" 304 0 "http://meritokrat.org/friends?user=2546" "Mozilla/5.0 (Windows; U; Windows NT 5.1; ru; rv:1.9.1.5) Gecko/20091102 Firefox/3.5.5 (.NET CLR 3.5.30729)"
::ffff:194.187.108.86 meritokrat.org - [05/Jan/2011:16:03:17 +0200] "GET /static/javascript/jquery/css/jquery.ui.resizable.css HTTP/1.1" 304 0 "http://meritokrat.org/static/javascript/jquery/css/jquery.ui.base.css" "Mozilla/5.0 (Windows; U; Windows NT 5.1; ru; rv:1.9.1.5) Gecko/20091102 Firefox/3.5.5 (.NET CLR 3.5.30729)"
::ffff:194.187.108.86 meritokrat.org - [05/Jan/2011:16:03:17 +0200] "GET /static/javascript/jquery/css/jquery.ui.selectable.css HTTP/1.1" 304 0 "http://meritokrat.org/static/javascript/jquery/css/jquery.ui.base.css" "Mozilla/5.0 (Windows; U; Windows NT 5.1; ru; rv:1.9.1.5) Gecko/20091102 Firefox/3.5.5 (.NET CLR 3.5.30729)"
::ffff:194.187.108.86 meritokrat.org - [05/Jan/2011:16:03:17 +0200] "GET /static/javascript/jquery/css/jquery.ui.slider.css HTTP/1.1" 304 0 "http://meritokrat.org/static/javascript/jquery/css/jquery.ui.base.css" "Mozilla/5.0 (Windows; U; Windows NT 5.1; ru; rv:1.9.1.5) Gecko/20091102 Firefox/3.5.5 (.NET CLR 3.5.30729)"
::ffff:194.187.108.86 meritokrat.org - [05/Jan/2011:16:03:17 +0200] "GET /static/javascript/jquery/css/jquery.ui.tabs.css HTTP/1.1" 304 0 "http://meritokrat.org/static/javascript/jquery/css/jquery.ui.base.css" "Mozilla/5.0 (Windows; U; Windows NT 5.1; ru; rv:1.9.1.5) Gecko/20091102 Firefox/3.5.5 (.NET CLR 3.5.30729)"
::ffff:194.187.108.86 meritokrat.org - [05/Jan/2011:16:03:17 +0200] "GET /static/javascript/jquery/css/jquery.ui.dialog.css HTTP/1.1" 304 0 "http://meritokrat.org/static/javascript/jquery/css/jquery.ui.base.css" "Mozilla/5.0 (Windows; U; Windows NT 5.1; ru; rv:1.9.1.5) Gecko/20091102 Firefox/3.5.5 (.NET CLR 3.5.30729)"
::ffff:194.187.108.86 meritokrat.org - [05/Jan/2011:16:03:17 +0200] "GET /static/images/icons/snow2.png HTTP/1.1" 304 0 "http://meritokrat.org/friends?user=2546" "Mozilla/5.0 (Windows; U; Windows NT 5.1; ru; rv:1.9.1.5) Gecko/20091102 Firefox/3.5.5 (.NET CLR 3.5.30729)"
::ffff:194.187.108.86 s1.meritokrat.org - [05/Jan/2011:16:03:17 +0200] "GET /icons/ua.png HTTP/1.1" 304 0 "http://meritokrat.org/friends?user=2546" "Mozilla/5.0 (Windows; U; Windows NT 5.1; ru; rv:1.9.1.5) Gecko/20091102 Firefox/3.5.5 (.NET CLR 3.5.30729)"
::ffff:194.187.108.86 meritokrat.org - [05/Jan/2011:16:03:17 +0200] "GET /static/images/logos/logo.png HTTP/1.1" 304 0 "http://meritokrat.org/friends?user=2546" "Mozilla/5.0 (Windows; U; Windows NT 5.1; ru; rv:1.9.1.5) Gecko/20091102 Firefox/3.5.5 (.NET CLR 3.5.30729)"
::ffff:194.187.108.86 meritokrat.org - [05/Jan/2011:16:03:17 +0200] "GET /static/images/logos/logo2.png HTTP/1.1" 304 0 "http://meritokrat.org/friends?user=2546" "Mozilla/5.0 (Windows; U; Windows NT 5.1; ru; rv:1.9.1.5) Gecko/20091102 Firefox/3.5.5 (.NET CLR 3.5.30729)"
::ffff:194.187.108.86 meritokrat.org - [05/Jan/2011:16:03:17 +0200] "GET /static/images/icons/snow1.png HTTP/1.1" 304 0 "http://meritokrat.org/friends?user=2546" "Mozilla/5.0 (Windows; U; Windows NT 5.1; ru; rv:1.9.1.5) Gecko/20091102 Firefox/3.5.5 (.NET CLR 3.5.30729)"
::ffff:194.187.108.86 meritokrat.org - [05/Jan/2011:16:03:17 +0200] "GET /static/images/common/user_online.png HTTP/1.1" 304 0 "http://meritokrat.org/friends?user=2546" "Mozilla/5.0 (Windows; U; Windows NT 5.1; ru; rv:1.9.1.5) Gecko/20091102 Firefox/3.5.5 (.NET CLR 3.5.30729)"
::ffff:194.187.108.86 s1.meritokrat.org - [05/Jan/2011:16:03:17 +0200] "GET /icons/ru-2.png HTTP/1.1" 304 0 "http://meritokrat.org/friends?user=2546" "Mozilla/5.0 (Windows; U; Windows NT 5.1; ru; rv:1.9.1.5) Gecko/20091102 Firefox/3.5.5 (.NET CLR 3.5.30729)"
::ffff:194.187.108.86 s1.meritokrat.org - [05/Jan/2011:16:03:17 +0200] "GET /system.js?1 HTTP/1.1" 304 0 "http://meritokrat.org/friends?user=2546" "Mozilla/5.0 (Windows; U; Windows NT 5.1; ru; rv:1.9.1.5) Gecko/20091102 Firefox/3.5.5 (.NET CLR 3.5.30729)"
::ffff:194.187.108.86 image.meritokrat.org - [05/Jan/2011:16:03:17 +0200] "GET /sm/user/29d6987c4d.jpg HTTP/1.1" 200 3899 "http://meritokrat.org/friends?user=2546" "Mozilla/5.0 (Windows; U; Windows NT 5.1; ru; rv:1.9.1.5) Gecko/20091102 Firefox/3.5.5 (.NET CLR 3.5.30729)"
::ffff:194.187.108.86 image.meritokrat.org - [05/Jan/2011:16:03:17 +0200] "GET /sm/user/13679b82ad06.jpg HTTP/1.1" 200 13925 "http://meritokrat.org/friends?user=2546" "Mozilla/5.0 (Windows; U; Windows NT 5.1; ru; rv:1.9.1.5) Gecko/20091102 Firefox/3.5.5 (.NET CLR 3.5.30729)"
::ffff:194.187.108.86 s1.meritokrat.org - [05/Jan/2011:16:03:17 +0200] "GET /module_friends.js?1 HTTP/1.1" 304 0 "http://meritokrat.org/friends?user=2546" "Mozilla/5.0 (Windows; U; Windows NT 5.1; ru; rv:1.9.1.5) Gecko/20091102 Firefox/3.5.5 (.NET CLR 3.5.30729)"
::ffff:194.187.108.86 image.meritokrat.org - [05/Jan/2011:16:03:17 +0200] "GET /sm/user/63b96795d.jpg HTTP/1.1" 200 2256 "http://meritokrat.org/friends?user=2546" "Mozilla/5.0 (Windows; U; Windows NT 5.1; ru; rv:1.9.1.5) Gecko/20091102 Firefox/3.5.5 (.NET CLR 3.5.30729)"
::ffff:194.187.108.86 image.meritokrat.org - [05/Jan/2011:16:03:17 +0200] "GET /sm/user/230473929.jpg HTTP/1.1" 200 20459 "http://meritokrat.org/friends?user=2546" "Mozilla/5.0 (Windows; U; Windows NT 5.1; ru; rv:1.9.1.5) Gecko/20091102 Firefox/3.5.5 (.NET CLR 3.5.30729)"
::ffff:194.187.108.86 image.meritokrat.org - [05/Jan/2011:16:03:17 +0200] "GET /sm/user/1333d4e1aae9.jpg HTTP/1.1" 200 23220 "http://meritokrat.org/friends?user=2546" "Mozilla/5.0 (Windows; U; Windows NT 5.1; ru; rv:1.9.1.5) Gecko/20091102 Firefox/3.5.5 (.NET CLR 3.5.30729)"
::ffff:194.187.108.86 image.meritokrat.org - [05/Jan/2011:16:03:17 +0200] "GET /sm/user/1006de2df44e.jpg HTTP/1.1" 200 1232 "http://meritokrat.org/friends?user=2546" "Mozilla/5.0 (Windows; U; Windows NT 5.1; ru; rv:1.9.1.5) Gecko/20091102 Firefox/3.5.5 (.NET CLR 3.5.30729)"
::ffff:194.187.108.86 image.meritokrat.org - [05/Jan/2011:16:03:17 +0200] "GET /sm/user/49c9a9ac1.jpg HTTP/1.1" 200 21236 "http://meritokrat.org/friends?user=2546" "Mozilla/5.0 (Windows; U; Windows NT 5.1; ru; rv:1.9.1.5) Gecko/20091102 Firefox/3.5.5 (.NET CLR 3.5.30729)"
::ffff:194.187.108.86 image.meritokrat.org - [05/Jan/2011:16:03:17 +0200] "GET /sm/user/64328b5a003.jpg HTTP/1.1" 200 14015 "http://meritokrat.org/friends?user=2546" "Mozilla/5.0 (Windows; U; Windows NT 5.1; ru; rv:1.9.1.5) Gecko/20091102 Firefox/3.5.5 (.NET CLR 3.5.30729)"
::ffff:194.187.108.86 image.meritokrat.org - [05/Jan/2011:16:03:17 +0200] "GET /sm/user/722016e4246.jpg HTTP/1.1" 200 13872 "http://meritokrat.org/friends?user=2546" "Mozilla/5.0 (Windows; U; Windows NT 5.1; ru; rv:1.9.1.5) Gecko/20091102 Firefox/3.5.5 (.NET CLR 3.5.30729)"
::ffff:194.187.108.86 image.meritokrat.org - [05/Jan/2011:16:03:18 +0200] "GET /sm/user/264198f1fcec.jpg HTTP/1.1" 200 12848 "http://meritokrat.org/friends?user=2546" "Mozilla/5.0 (Windows; U; Windows NT 5.1; ru; rv:1.9.1.5) Gecko/20091102 Firefox/3.5.5 (.NET CLR 3.5.30729)"
::ffff:194.187.108.86 image.meritokrat.org - [05/Jan/2011:16:03:18 +0200] "GET /sm/user/12995985ed12.jpg HTTP/1.1" 200 5987 "http://meritokrat.org/friends?user=2546" "Mozilla/5.0 (Windows; U; Windows NT 5.1; ru; rv:1.9.1.5) Gecko/20091102 Firefox/3.5.5 (.NET CLR 3.5.30729)"
::ffff:194.187.108.86 image.meritokrat.org - [05/Jan/2011:16:03:18 +0200] "GET /sm/user/53c357997.jpg HTTP/1.1" 200 24863 "http://meritokrat.org/friends?user=2546" "Mozilla/5.0 (Windows; U; Windows NT 5.1; ru; rv:1.9.1.5) Gecko/20091102 Firefox/3.5.5 (.NET CLR 3.5.30729)"
::ffff:194.187.108.86 image.meritokrat.org - [05/Jan/2011:16:03:18 +0200] "GET /sm/user/1360239d2f13.jpg HTTP/1.1" 200 24544 "http://meritokrat.org/friends?user=2546" "Mozilla/5.0 (Windows; U; Windows NT 5.1; ru; rv:1.9.1.5) Gecko/20091102 Firefox/3.5.5 (.NET CLR 3.5.30729)"
::ffff:194.187.108.86 image.meritokrat.org - [05/Jan/2011:16:03:18 +0200] "GET /sm/user/8bf64c006.jpg HTTP/1.1" 200 30189 "http://meritokrat.org/friends?user=2546" "Mozilla/5.0 (Windows; U; Windows NT 5.1; ru; rv:1.9.1.5) Gecko/20091102 Firefox/3.5.5 (.NET CLR 3.5.30729)"
::ffff:194.187.108.86 image.meritokrat.org - [05/Jan/2011:16:03:18 +0200] "GET /r/user/2546b272d19f.jpg HTTP/1.1" 200 12903 "http://meritokrat.org/friends?user=2546" "Mozilla/5.0 (Windows; U; Windows NT 5.1; ru; rv:1.9.1.5) Gecko/20091102 Firefox/3.5.5 (.NET CLR 3.5.30729)"
::ffff:194.187.108.86 meritokrat.org - [05/Jan/2011:16:03:18 +0200] "GET /static/images/common/vacancies.gif HTTP/1.1" 304 0 "http://meritokrat.org/friends?user=2546" "Mozilla/5.0 (Windows; U; Windows NT 5.1; ru; rv:1.9.1.5) Gecko/20091102 Firefox/3.5.5 (.NET CLR 3.5.30729)"
::ffff:109.87.156.219 meritokrat.org - [05/Jan/2011:16:03:18 +0200] "GET /profile-4659 HTTP/1.1" 200 25169 "http://meritokrat.org/blogpost574" "Opera/9.80 (Windows NT 6.1; U; ru) Presto/2.7.62 Version/11.00"
::ffff:194.187.108.86 meritokrat.org - [05/Jan/2011:16:03:18 +0200] "GET /static/images/common/broshures.gif HTTP/1.1" 304 0 "http://meritokrat.org/friends?user=2546" "Mozilla/5.0 (Windows; U; Windows NT 5.1; ru; rv:1.9.1.5) Gecko/20091102 Firefox/3.5.5 (.NET CLR 3.5.30729)"
::ffff:194.187.108.86 meritokrat.org - [05/Jan/2011:16:03:18 +0200] "GET /static/images/common/desktop_small.gif HTTP/1.1" 304 0 "http://meritokrat.org/friends?user=2546" "Mozilla/5.0 (Windows; U; Windows NT 5.1; ru; rv:1.9.1.5) Gecko/20091102 Firefox/3.5.5 (.NET CLR 3.5.30729)"
::ffff:194.187.108.86 meritokrat.org - [05/Jan/2011:16:03:18 +0200] "GET /static/images/common/meritokratia.png HTTP/1.1" 304 0 "http://meritokrat.org/friends?user=2546" "Mozilla/5.0 (Windows; U; Windows NT 5.1; ru; rv:1.9.1.5) Gecko/20091102 Firefox/3.5.5 (.NET CLR 3.5.30729)"
::ffff:194.187.108.86 meritokrat.org - [05/Jan/2011:16:03:18 +0200] "GET /static/images/common/avto.jpg HTTP/1.1" 304 0 "http://meritokrat.org/friends?user=2546" "Mozilla/5.0 (Windows; U; Windows NT 5.1; ru; rv:1.9.1.5) Gecko/20091102 Firefox/3.5.5 (.NET CLR 3.5.30729)"
::ffff:194.187.108.86 image.meritokrat.org - [05/Jan/2011:16:03:18 +0200] "GET /b/banners/ad0b3b1d31.jpg HTTP/1.1" 200 9389 "http://meritokrat.org/friends?user=2546" "Mozilla/5.0 (Windows; U; Windows NT 5.1; ru; rv:1.9.1.5) Gecko/20091102 Firefox/3.5.5 (.NET CLR 3.5.30729)"
::ffff:194.187.108.86 meritokrat.org - [05/Jan/2011:16:03:18 +0200] "GET /static/images/common/banner_ogoloshennya.gif HTTP/1.1" 304 0 "http://meritokrat.org/friends?user=2546" "Mozilla/5.0 (Windows; U; Windows NT 5.1; ru; rv:1.9.1.5) Gecko/20091102 Firefox/3.5.5 (.NET CLR 3.5.30729)"
::ffff:194.187.108.86 image.meritokrat.org - [05/Jan/2011:16:03:18 +0200] "GET /sm/user/3949c9d81f3f.jpg HTTP/1.1" 200 23947 "http://meritokrat.org/friends?user=2546" "Mozilla/5.0 (Windows; U; Windows NT 5.1; ru; rv:1.9.1.5) Gecko/20091102 Firefox/3.5.5 (.NET CLR 3.5.30729)"
::ffff:194.187.108.86 image.meritokrat.org - [05/Jan/2011:16:03:18 +0200] "GET /b/banners/a42aad3406.jpg HTTP/1.1" 200 2777 "http://meritokrat.org/friends?user=2546" "Mozilla/5.0 (Windows; U; Windows NT 5.1; ru; rv:1.9.1.5) Gecko/20091102 Firefox/3.5.5 (.NET CLR 3.5.30729)"
::ffff:109.87.156.219 meritokrat.org - [05/Jan/2011:16:03:18 +0200] "GET /static/images/common/bg-lines-bg.png HTTP/1.1" 200 134 "http://meritokrat.org/profile-4659" "Opera/9.80 (Windows NT 6.1; U; ru) Presto/2.7.62 Version/11.00"
::ffff:194.187.108.86 image.meritokrat.org - [05/Jan/2011:16:03:18 +0200] "GET /sm/user/2344474f76f5.jpg HTTP/1.1" 200 18367 "http://meritokrat.org/friends?user=2546" "Mozilla/5.0 (Windows; U; Windows NT 5.1; ru; rv:1.9.1.5) Gecko/20091102 Firefox/3.5.5 (.NET CLR 3.5.30729)"
::ffff:194.187.108.86 meritokrat.org - [05/Jan/2011:16:03:18 +0200] "GET /static/images/common/bg-header.jpg HTTP/1.1" 304 0 "http://meritokrat.org/friends?user=2546" "Mozilla/5.0 (Windows; U; Windows NT 5.1; ru; rv:1.9.1.5) Gecko/20091102 Firefox/3.5.5 (.NET CLR 3.5.30729)"
::ffff:194.187.108.86 image.meritokrat.org - [05/Jan/2011:16:03:18 +0200] "GET /b/banners/a378b1cf35.jpg HTTP/1.1" 200 28805 "http://meritokrat.org/friends?user=2546" "Mozilla/5.0 (Windows; U; Windows NT 5.1; ru; rv:1.9.1.5) Gecko/20091102 Firefox/3.5.5 (.NET CLR 3.5.30729)"
::ffff:194.187.108.86 s1.meritokrat.org - [05/Jan/2011:16:03:18 +0200] "GET /icons/down_icon_gray.png HTTP/1.1" 304 0 "http://s1.meritokrat.org/system.css?1" "Mozilla/5.0 (Windows; U; Windows NT 5.1; ru; rv:1.9.1.5) Gecko/20091102 Firefox/3.5.5 (.NET CLR 3.5.30729)"
::ffff:194.187.108.86 s1.meritokrat.org - [05/Jan/2011:16:03:18 +0200] "GET /common/box_head.gif HTTP/1.1" 304 0 "http://s1.meritokrat.org/system.css?1" "Mozilla/5.0 (Windows; U; Windows NT 5.1; ru; rv:1.9.1.5) Gecko/20091102 Firefox/3.5.5 (.NET CLR 3.5.30729)"
::ffff:194.187.108.86 meritokrat.org - [05/Jan/2011:16:03:18 +0200] "GET /static/images/common/bg-footer.png HTTP/1.1" 304 0 "http://meritokrat.org/friends?user=2546" "Mozilla/5.0 (Windows; U; Windows NT 5.1; ru; rv:1.9.1.5) Gecko/20091102 Firefox/3.5.5 (.NET CLR 3.5.30729)"
::ffff:109.87.156.219 s1.meritokrat.org - [05/Jan/2011:16:03:18 +0200] "GET /module_profile.js?1 HTTP/1.1" 200 6670 "http://meritokrat.org/profile-4659" "Opera/9.80 (Windows NT 6.1; U; ru) Presto/2.7.62 Version/11.00"
::ffff:194.187.108.86 meritokrat.org - [05/Jan/2011:16:03:18 +0200] "GET /static/images/common/footer.png HTTP/1.1" 304 0 "http://meritokrat.org/friends?user=2546" "Mozilla/5.0 (Windows; U; Windows NT 5.1; ru; rv:1.9.1.5) Gecko/20091102 Firefox/3.5.5 (.NET CLR 3.5.30729)"
::ffff:109.87.156.219 image.meritokrat.org - [05/Jan/2011:16:03:18 +0200] "GET /p/user/4659dfdc9644.jpg HTTP/1.1" 200 33304 "http://meritokrat.org/profile-4659" "Opera/9.80 (Windows NT 6.1; U; ru) Presto/2.7.62 Version/11.00"
::ffff:77.123.71.78 meritokrat.org - [05/Jan/2011:16:03:20 +0200] "GET /profile-2250 HTTP/1.1" 200 24376 "http://meritokrat.org/profile/branding" "Mozilla/5.0 (Windows; U; Windows NT 5.1; uk; rv:1.9.2.13) Gecko/20101203 Firefox/3.6.13 (.NET CLR 3.5.30729)"
::ffff:194.187.108.86 meritokrat.org - [05/Jan/2011:16:03:22 +0200] "GET /profile-4517 HTTP/1.1" 200 31080 "http://meritokrat.org/search?first_name=&last_name=&email=&country=1&region=&city=&function=&visit_ts=&active=&start_begin=&start_end=&activation_begin=29-12-2010&activation_end=05-01-2011&contacted=3&contact_status=0&submit=+%D0%9D%D0%B0%D0%B9%D1%82%D0%B8+%C2%BB+" "Mozilla/5.0 (Windows; U; Windows NT 5.1; ru; rv:1.9.2.3) Gecko/20100401 Firefox/3.6.3 GTB7.1 ( .NET CLR 3.5.30729)"
::ffff:109.87.156.219 s1.meritokrat.org - [05/Jan/2011:16:03:22 +0200] "GET /icons/down_icon_brown.png HTTP/1.1" 200 176 "http://meritokrat.org/profile-4659" "Opera/9.80 (Windows NT 6.1; U; ru) Presto/2.7.62 Version/11.00"
::ffff:194.187.108.86 meritokrat.org - [05/Jan/2011:16:03:24 +0200] "GET /profile-1333 HTTP/1.1" 200 54317 "http://meritokrat.org/friends?user=2546" "Mozilla/5.0 (Windows; U; Windows NT 5.1; ru; rv:1.9.1.5) Gecko/20091102 Firefox/3.5.5 (.NET CLR 3.5.30729)"
